Component: ARM Compiler 5.06 update 7 (build 960) Tool: armlink [4d3601]

==============================================================================

Section Cross References

    startup_stm32g474xx.o(RESET) refers to startup_stm32g474xx.o(STACK) for __initial_sp
    startup_stm32g474xx.o(RESET) refers to startup_stm32g474xx.o(.text) for Reset_Handler
    startup_stm32g474xx.o(RESET) refers to stm32g4xx_it.o(i.NMI_Handler) for NMI_Handler
    startup_stm32g474xx.o(RESET) refers to stm32g4xx_it.o(i.HardFault_Handler) for HardFault_Handler
    startup_stm32g474xx.o(RESET) refers to stm32g4xx_it.o(i.MemManage_Handler) for MemManage_Handler
    startup_stm32g474xx.o(RESET) refers to stm32g4xx_it.o(i.BusFault_Handler) for BusFault_Handler
    startup_stm32g474xx.o(RESET) refers to stm32g4xx_it.o(i.UsageFault_Handler) for UsageFault_Handler
    startup_stm32g474xx.o(RESET) refers to stm32g4xx_it.o(i.SVC_Handler) for SVC_Handler
    startup_stm32g474xx.o(RESET) refers to stm32g4xx_it.o(i.DebugMon_Handler) for DebugMon_Handler
    startup_stm32g474xx.o(RESET) refers to stm32g4xx_it.o(i.PendSV_Handler) for PendSV_Handler
    startup_stm32g474xx.o(RESET) refers to stm32g4xx_it.o(i.SysTick_Handler) for SysTick_Handler
    startup_stm32g474xx.o(RESET) refers to stm32g4xx_it.o(i.DMA1_Channel1_IRQHandler) for DMA1_Channel1_IRQHandler
    startup_stm32g474xx.o(RESET) refers to stm32g4xx_it.o(i.ADC1_2_IRQHandler) for ADC1_2_IRQHandler
    startup_stm32g474xx.o(RESET) refers to stm32g4xx_it.o(i.FDCAN1_IT0_IRQHandler) for FDCAN1_IT0_IRQHandler
    startup_stm32g474xx.o(RESET) refers to stm32g4xx_it.o(i.TIM1_BRK_TIM15_IRQHandler) for TIM1_BRK_TIM15_IRQHandler
    startup_stm32g474xx.o(RESET) refers to stm32g4xx_it.o(i.TIM1_UP_TIM16_IRQHandler) for TIM1_UP_TIM16_IRQHandler
    startup_stm32g474xx.o(RESET) refers to stm32g4xx_it.o(i.TIM1_CC_IRQHandler) for TIM1_CC_IRQHandler
    startup_stm32g474xx.o(RESET) refers to stm32g4xx_it.o(i.USART1_IRQHandler) for USART1_IRQHandler
    startup_stm32g474xx.o(RESET) refers to stm32g4xx_it.o(i.COMP1_2_3_IRQHandler) for COMP1_2_3_IRQHandler
    startup_stm32g474xx.o(.text) refers to system_stm32g4xx.o(i.SystemInit) for SystemInit
    startup_stm32g474xx.o(.text) refers to entry.o(.ARM.Collect$$$$00000000) for __main
    delay.o(i.HAL_Delay) refers to delay.o(i.delay_ms) for delay_ms
    delay.o(i.delay_init) refers to stm32g4xx_hal_cortex.o(i.HAL_SYSTICK_CLKSourceConfig) for HAL_SYSTICK_CLKSourceConfig
    delay.o(i.delay_init) refers to delay.o(.data) for .data
    delay.o(i.delay_ms) refers to delay.o(i.delay_us) for delay_us
    delay.o(i.delay_us) refers to delay.o(.data) for .data
    ad2s1210.o(i.AD2S1210GPIOInitiate) refers to stm32g4xx_hal_gpio.o(i.HAL_GPIO_Init) for HAL_GPIO_Init
    ad2s1210.o(i.AD2S1210Initiate) refers to stm32g4xx_hal_gpio.o(i.HAL_GPIO_WritePin) for HAL_GPIO_WritePin
    ad2s1210.o(i.AD2S1210Initiate) refers to delay.o(i.delay_us) for delay_us
    ad2s1210.o(i.AD2S1210Initiate) refers to delay.o(i.delay_ms) for delay_ms
    ad2s1210.o(i.AD2S1210SelectMode) refers to stm32g4xx_hal_gpio.o(i.HAL_GPIO_WritePin) for HAL_GPIO_WritePin
    ad2s1210.o(i.AD2S1210SelectMode) refers to delay.o(i.delay_ms) for delay_ms
    ad2s1210.o(i.AD2S1210SoftReset) refers to ad2s1210.o(i.SPIWrite) for SPIWrite
    ad2s1210.o(i.AD2S1210SoftReset) refers to delay.o(i.delay_ms) for delay_ms
    ad2s1210.o(i.ReadFromAD2S1210) refers to stm32g4xx_hal_gpio.o(i.HAL_GPIO_WritePin) for HAL_GPIO_WritePin
    ad2s1210.o(i.ReadFromAD2S1210) refers to delay.o(i.delay_ms) for delay_ms
    ad2s1210.o(i.ReadFromAD2S1210) refers to ad2s1210.o(i.SPIRead) for SPIRead
    ad2s1210.o(i.ReadFromAD2S1210) refers to ad2s1210.o(i.SPIWrite) for SPIWrite
    ad2s1210.o(i.SPIRead) refers to stm32g4xx_hal_gpio.o(i.HAL_GPIO_WritePin) for HAL_GPIO_WritePin
    ad2s1210.o(i.SPIRead) refers to delay.o(i.delay_ms) for delay_ms
    ad2s1210.o(i.SPIRead) refers to stm32g4xx_hal_gpio.o(i.HAL_GPIO_ReadPin) for HAL_GPIO_ReadPin
    ad2s1210.o(i.SPIWrite) refers to stm32g4xx_hal_gpio.o(i.HAL_GPIO_WritePin) for HAL_GPIO_WritePin
    ad2s1210.o(i.SPIWrite) refers to delay.o(i.delay_ms) for delay_ms
    ad2s1210.o(i.WriteToAD2S1210) refers to stm32g4xx_hal_gpio.o(i.HAL_GPIO_WritePin) for HAL_GPIO_WritePin
    ad2s1210.o(i.WriteToAD2S1210) refers to delay.o(i.delay_ms) for delay_ms
    ad2s1210.o(i.WriteToAD2S1210) refers to ad2s1210.o(i.SPIWrite) for SPIWrite
    sys.o(i.sys_stm32_clock_init) refers to memseta.o(.text) for __aeabi_memclr4
    sys.o(i.sys_stm32_clock_init) refers to stm32g4xx_hal_pwr_ex.o(i.HAL_PWREx_ControlVoltageScaling) for HAL_PWREx_ControlVoltageScaling
    sys.o(i.sys_stm32_clock_init) refers to stm32g4xx_hal_rcc.o(i.HAL_RCC_OscConfig) for HAL_RCC_OscConfig
    sys.o(i.sys_stm32_clock_init) refers to stm32g4xx_hal_rcc.o(i.HAL_RCC_ClockConfig) for HAL_RCC_ClockConfig
    sys.o(i.sys_stm32_clock_init) refers to stm32g4xx_hal.o(i.HAL_GetREVID) for HAL_GetREVID
[...]
    i.LL_ADC_INJ_IsConversionOngoing         0x080049be   Section        0  stm32g4xx_hal_adc_ex.o(i.LL_ADC_INJ_IsConversionOngoing)
    LL_ADC_INJ_IsConversionOngoing           0x080049bf   Thumb Code     8  stm32g4xx_hal_adc_ex.o(i.LL_ADC_INJ_IsConversionOngoing)
    i.LL_ADC_REG_IsConversionOngoing         0x080049c6   Section        0  stm32g4xx_hal_adc.o(i.LL_ADC_REG_IsConversionOngoing)
    LL_ADC_REG_IsConversionOngoing           0x080049c7   Thumb Code     8  stm32g4xx_hal_adc.o(i.LL_ADC_REG_IsConversionOngoing)
    i.LL_ADC_REG_IsConversionOngoing         0x080049ce   Section        0  stm32g4xx_hal_adc_ex.o(i.LL_ADC_REG_IsConversionOngoing)
    LL_ADC_REG_IsConversionOngoing           0x080049cf   Thumb Code     8  stm32g4xx_hal_adc_ex.o(i.LL_ADC_REG_IsConversionOngoing)
    i.LL_ADC_REG_IsTriggerSourceSWStart      0x080049d6   Section        0  stm32g4xx_hal_adc.o(i.LL_ADC_REG_IsTriggerSourceSWStart)
    LL_ADC_REG_IsTriggerSourceSWStart        0x080049d7   Thumb Code    16  stm32g4xx_hal_adc.o(i.LL_ADC_REG_IsTriggerSourceSWStart)
    i.LL_ADC_SetChannelSamplingTime          0x080049e6   Section        0  stm32g4xx_hal_adc.o(i.LL_ADC_SetChannelSamplingTime)
    LL_ADC_SetChannelSamplingTime            0x080049e7   Thumb Code    30  stm32g4xx_hal_adc.o(i.LL_ADC_SetChannelSamplingTime)
    i.LL_ADC_SetChannelSamplingTime          0x08004a04   Section        0  stm32g4xx_hal_adc_ex.o(i.LL_ADC_SetChannelSamplingTime)
    LL_ADC_SetChannelSamplingTime            0x08004a05   Thumb Code    30  stm32g4xx_hal_adc_ex.o(i.LL_ADC_SetChannelSamplingTime)
    i.LL_ADC_SetOffsetState                  0x08004a22   Section        0  stm32g4xx_hal_adc.o(i.LL_ADC_SetOffsetState)
    LL_ADC_SetOffsetState                    0x08004a23   Thumb Code    16  stm32g4xx_hal_adc.o(i.LL_ADC_SetOffsetState)
    i.LL_ADC_SetOffsetState                  0x08004a32   Section        0  stm32g4xx_hal_adc_ex.o(i.LL_ADC_SetOffsetState)
    LL_ADC_SetOffsetState                    0x08004a33   Thumb Code    16  stm32g4xx_hal_adc_ex.o(i.LL_ADC_SetOffsetState)
    i.MX_ADC1_Init                           0x08004a44   Section        0  adc.o(i.MX_ADC1_Init)
    i.MX_ADC2_Init                           0x08004b38   Section        0  adc.o(i.MX_ADC2_Init)
    i.MX_COMP1_Init                          0x08004bf8   Section        0  comp.o(i.MX_COMP1_Init)
    i.MX_DAC1_Init                           0x08004c30   Section        0  dac.o(i.MX_DAC1_Init)
    i.MX_DAC3_Init                           0x08004c88   Section        0  dac.o(i.MX_DAC3_Init)
    i.MX_DMA_Init                            0x08004ce0   Section        0  dma.o(i.MX_DMA_Init)
    i.MX_FDCAN1_Init                         0x08004d1c   Section        0  fdcan.o(i.MX_FDCAN1_Init)
    i.MX_GPIO_Init                           0x08004d6c   Section        0  gpio.o(i.MX_GPIO_Init)
    i.MX_OPAMP1_Init                         0x08004ecc   Section        0  opamp.o(i.MX_OPAMP1_Init)
    i.MX_OPAMP2_Init                         0x08004f00   Section        0  opamp.o(i.MX_OPAMP2_Init)
    i.MX_OPAMP3_Init                         0x08004f34   Section        0  opamp.o(i.MX_OPAMP3_Init)
    i.MX_TIM1_Init                           0x08004f68   Section        0  tim.o(i.MX_TIM1_Init)
    i.MX_USART1_UART_Init                    0x080050a8   Section        0  usart.o(i.MX_USART1_UART_Init)
    i.MemManage_Handler                      0x08005110   Section        0  stm32g4xx_it.o(i.MemManage_Handler)
    i.NMI_Handler                            0x08005112   Section        0  stm32g4xx_it.o(i.NMI_Handler)
    i.PendSV_Handler                         0x08005114   Section        0  stm32g4xx_it.o(i.PendSV_Handler)
    i.ReadFromAD2S1210                       0x08005118   Section        0  ad2s1210.o(i.ReadFromAD2S1210)
    i.SPIRead                                0x080052b0   Section        0  ad2s1210.o(i.SPIRead)
    i.SPIWrite                               0x08005318   Section        0  ad2s1210.o(i.SPIWrite)
    i.SVC_Handler                            0x0800537c   Section        0  stm32g4xx_it.o(i.SVC_Handler)
    i.SysTick_Handler                        0x0800537e   Section        0  stm32g4xx_it.o(i.SysTick_Handler)
    i.SystemClock_Config                     0x08005382   Section        0  main.o(i.SystemClock_Config)
    i.SystemInit                             0x0800540c   Section        0  system_stm32g4xx.o(i.SystemInit)
    i.TIM1_BRK_TIM15_IRQHandler              0x0800541c   Section        0  stm32g4xx_it.o(i.TIM1_BRK_TIM15_IRQHandler)
    i.TIM1_CC_IRQHandler                     0x08005428   Section        0  stm32g4xx_it.o(i.TIM1_CC_IRQHandler)
    i.TIM1_UP_TIM16_IRQHandler               0x08005434   Section        0  stm32g4xx_it.o(i.TIM1_UP_TIM16_IRQHandler)
    i.TIM_Base_SetConfig                     0x08005440   Section        0  stm32g4xx_hal_tim.o(i.TIM_Base_SetConfig)
    i.TIM_CCxChannelCmd                      0x08005514   Section        0  stm32g4xx_hal_tim.o(i.TIM_CCxChannelCmd)
    i.TIM_CCxNChannelCmd                     0x0800552e   Section        0  stm32g4xx_hal_tim_ex.o(i.TIM_CCxNChannelCmd)
    TIM_CCxNChannelCmd                       0x0800552f   Thumb Code    26  stm32g4xx_hal_tim_ex.o(i.TIM_CCxNChannelCmd)
    i.TIM_ETR_SetConfig                      0x08005548   Section        0  stm32g4xx_hal_tim.o(i.TIM_ETR_SetConfig)
    i.TIM_ITRx_SetConfig                     0x0800555c   Section        0  stm32g4xx_hal_tim.o(i.TIM_ITRx_SetConfig)
    TIM_ITRx_SetConfig                       0x0800555d   Thumb Code    16  stm32g4xx_hal_tim.o(i.TIM_ITRx_SetConfig)
    i.TIM_OC1_SetConfig                      0x08005570   Section        0  stm32g4xx_hal_tim.o(i.TIM_OC1_SetConfig)
    TIM_OC1_SetConfig                        0x08005571   Thumb Code   144  stm32g4xx_hal_tim.o(i.TIM_OC1_SetConfig)
    i.TIM_OC2_SetConfig                      0x0800561c   Section        0  stm32g4xx_hal_tim.o(i.TIM_OC2_SetConfig)
    i.TIM_OC3_SetConfig                      0x080056bc   Section        0  stm32g4xx_hal_tim.o(i.TIM_OC3_SetConfig)
    TIM_OC3_SetConfig                        0x080056bd   Thumb Code   130  stm32g4xx_hal_tim.o(i.TIM_OC3_SetConfig)
    i.TIM_OC4_SetConfig                      0x0800575c   Section        0  stm32g4xx_hal_tim.o(i.TIM_OC4_SetConfig)
    TIM_OC4_SetConfig                        0x0800575d   Thumb Code   132  stm32g4xx_hal_tim.o(i.TIM_OC4_SetConfig)
    i.TIM_OC5_SetConfig                      0x080057fc   Section        0  stm32g4xx_hal_tim.o(i.TIM_OC5_SetConfig)
    TIM_OC5_SetConfig                        0x080057fd   Thumb Code    92  stm32g4xx_hal_tim.o(i.TIM_OC5_SetConfig)
    i.TIM_OC6_SetConfig                      0x08005874   Section        0  stm32g4xx_hal_tim.o(i.TIM_OC6_SetConfig)
    TIM_OC6_SetConfig                        0x08005875   Thumb Code    94  stm32g4xx_hal_tim.o(i.TIM_OC6_SetConfig)
    i.TIM_TI1_ConfigInputStage               0x080058f0   Section        0  stm32g4xx_hal_tim.o(i.TIM_TI1_ConfigInputStage)
    TIM_TI1_ConfigInputStage                 0x080058f1   Thumb Code    34  stm32g4xx_hal_tim.o(i.TIM_TI1_ConfigInputStage)
    i.TIM_TI2_ConfigInputStage               0x08005912   Section        0  stm32g4xx_hal_tim.o(i.TIM_TI2_ConfigInputStage)
    TIM_TI2_ConfigInputStage                 0x08005913   Thumb Code    36  stm32g4xx_hal_tim.o(i.TIM_TI2_ConfigInputStage)
    i.UARTEx_SetNbDataToProcess              0x08005938   Section        0  stm32g4xx_hal_uart_ex.o(i.UARTEx_SetNbDataToProcess)
    UARTEx_SetNbDataToProcess                0x08005939   Thumb Code    62  stm32g4xx_hal_uart_ex.o(i.UARTEx_SetNbDataToProcess)
    i.UART_AdvFeatureConfig                  0x0800597c   Section        0  stm32g4xx_hal_uart.o(i.UART_AdvFeatureConfig)
    i.UART_CheckIdleState                    0x08005a44   Section        0  stm32g4xx_hal_uart.o(i.UART_CheckIdleState)
    i.UART_DMAAbortOnError                   0x08005aa4   Section        0  stm32g4xx_hal_uart.o(i.UART_DMAAbortOnError)
    UART_DMAAbortOnError                     0x08005aa5   Thumb Code    20  stm32g4xx_hal_uart.o(i.UART_DMAAbortOnError)
    i.UART_DMAError                          0x08005ab8   Section        0  stm32g4xx_hal_uart.o(i.UART_DMAError)
    UART_DMAError                            0x08005ab9   Thumb Code    80  stm32g4xx_hal_uart.o(i.UART_DMAError)
    i.UART_DMATransmitCplt                   0x08005b08   Section        0  stm32g4xx_hal_uart.o(i.UART_DMATransmitCplt)
    UART_DMATransmitCplt                     0x08005b09   Thumb Code    48  stm32g4xx_hal_uart.o(i.UART_DMATransmitCplt)
    i.UART_DMATxHalfCplt                     0x08005b38   Section        0  stm32g4xx_hal_uart.o(i.UART_DMATxHalfCplt)
    UART_DMATxHalfCplt                       0x08005b39   Thumb Code    10  stm32g4xx_hal_uart.o(i.UART_DMATxHalfCplt)
    i.UART_EndRxTransfer                     0x08005b44   Section        0  stm32g4xx_hal_uart.o(i.UART_EndRxTransfer)
    UART_EndRxTransfer                       0x08005b45   Thumb Code    50  stm32g4xx_hal_uart.o(i.UART_EndRxTransfer)
    i.UART_EndTxTransfer                     0x08005b7c   Section        0  stm32g4xx_hal_uart.o(i.UART_EndTxTransfer)
    UART_EndTxTransfer                       0x08005b7d   Thumb Code    28  stm32g4xx_hal_uart.o(i.UART_EndTxTransfer)
    i.UART_RxISR_16BIT                       0x08005b98   Section        0  stm32g4xx_hal_uart.o(i.UART_RxISR_16BIT)
    UART_RxISR_16BIT                         0x08005b99   Thumb Code   128  stm32g4xx_hal_uart.o(i.UART_RxISR_16BIT)
    i.UART_RxISR_16BIT_FIFOEN                0x08005c18   Section        0  stm32g4xx_hal_uart.o(i.UART_RxISR_16BIT_FIFOEN)
    UART_RxISR_16BIT_FIFOEN                  0x08005c19   Thumb Code   306  stm32g4xx_hal_uart.o(i.UART_RxISR_16BIT_FIFOEN)
    i.UART_RxISR_8BIT                        0x08005d54   Section        0  stm32g4xx_hal_uart.o(i.UART_RxISR_8BIT)
    UART_RxISR_8BIT                          0x08005d55   Thumb Code   128  stm32g4xx_hal_uart.o(i.UART_RxISR_8BIT)
    i.UART_RxISR_8BIT_FIFOEN                 0x08005dd4   Section        0  stm32g4xx_hal_uart.o(i.UART_RxISR_8BIT_FIFOEN)
    UART_RxISR_8BIT_FIFOEN                   0x08005dd5   Thumb Code   306  stm32g4xx_hal_uart.o(i.UART_RxISR_8BIT_FIFOEN)
    i.UART_SetConfig                         0x08005f10   Section        0  stm32g4xx_hal_uart.o(i.UART_SetConfig)
    i.UART_Start_Receive_IT                  0x080061ac   Section        0  stm32g4xx_hal_uart.o(i.UART_Start_Receive_IT)
    i.UART_WaitOnFlagUntilTimeout            0x08006284   Section        0  stm32g4xx_hal_uart.o(i.UART_WaitOnFlagUntilTimeout)
    i.USART1_IRQHandler                      0x08006328   Section        0  stm32g4xx_it.o(i.USART1_IRQHandler)
    i.UsageFault_Handler                     0x08006334   Section        0  stm32g4xx_it.o(i.UsageFault_Handler)
    i.WriteToAD2S1210                        0x08006338   Section        0  ad2s1210.o(i.WriteToAD2S1210)
    i.__0printf$1                            0x0800643c   Section        0  printf1.o(i.__0printf$1)
    i.__NVIC_SetPriority                     0x0800645c   Section        0  stm32g4xx_hal_cortex.o(i.__NVIC_SetPriority)
    __NVIC_SetPriority                       0x0800645d   Thumb Code    32  stm32g4xx_hal_cortex.o(i.__NVIC_SetPriority)
    i.__scatterload_copy                     0x0800647c   Section       14  handlers.o(i.__scatterload_copy)
    i.__scatterload_null                     0x0800648a   Section        2  handlers.o(i.__scatterload_null)
    i.__scatterload_zeroinit                 0x0800648c   Section       14  handlers.o(i.__scatterload_zeroinit)
    i._printf_core                           0x0800649c   Section        0  printf1.o(i._printf_core)
    _printf_core                             0x0800649d   Thumb Code   336  printf1.o(i._printf_core)
    i.chipselect                             0x080065f0   Section        0  drv8301.o(i.chipselect)
    i.delay_init                             0x08006608   Section        0  delay.o(i.delay_init)
    i.delay_ms                               0x0800661c   Section        0  delay.o(i.delay_ms)
    i.delay_us                               0x08006628   Section        0  delay.o(i.delay_us)
    i.enablegate                             0x0800665c   Section        0  drv8301.o(i.enablegate)
    i.fputc                                  0x080066a0   Section        0  main.o(i.fputc)
    i.main                                   0x080066b8   Section        0  main.o(i.main)
    i.spi3init                               0x080068e8   Section        0  drv8301.o(i.spi3init)
    i.spi3readword                           0x080069a4   Section        0  drv8301.o(i.spi3readword)
    i.spi3sck                                0x080069ec   Section        0  drv8301.o(i.spi3sck)
    i.spi3writeword                          0x08006a04   Section        0  drv8301.o(i.spi3writeword)
    .constdata                               0x08006a5c   Section       20  main.o(.constdata)
    .constdata                               0x08006a70   Section       24  stm32g4xx_hal_uart.o(.constdata)
    .constdata                               0x08006a88   Section       16  stm32g4xx_hal_uart_ex.o(.constdata)
    numerator                                0x08006a88   Data           8  stm32g4xx_hal_uart_ex.o(.constdata)
    denominator                              0x08006a90   Data           8  stm32g4xx_hal_uart_ex.o(.constdata)
    .constdata                               0x08006a98   Section       16  system_stm32g4xx.o(.constdata)
    .constdata                               0x08006aa8   Section        8  system_stm32g4xx.o(.constdata)
    .data                                    0x20000000   Section        4  delay.o(.data)
    g_fac_us                                 0x20000000   Data           4  delay.o(.data)
    .data                                    0x20000004   Section       72  main.o(.data)
    cnt                                      0x20000005   Data           1  main.o(.data)
    tempData                                 0x2000002c   Data          32  main.o(.data)
    .data                                    0x2000004c   Section        4  adc.o(.data)
    HAL_RCC_ADC12_CLK_ENABLED                0x2000004c   Data           4  adc.o(.data)
    .data                                    0x20000050   Section       12  stm32g4xx_hal.o(.data)
    .data                                    0x2000005c   Section        4  system_stm32g4xx.o(.data)
    .data                                    0x20000060   Section        4  stdout.o(.data)
    .bss                                     0x20000064   Section       64  main.o(.bss)
    .bss                                     0x200000a4   Section      216  adc.o(.bss)
    .bss                                     0x2000017c   Section       36  comp.o(.bss)
    .bss                                     0x200001a0   Section       40  dac.o(.bss)
    .bss                                     0x200001c8   Section      100  fdcan.o(.bss)
    .bss                                     0x2000022c   Section      180  opamp.o(.bss)
    .bss                                     0x200002e0   Section       76  tim.o(.bss)
    .bss                                     0x2000032c   Section      240  usart.o(.bss)
    STACK                                    0x20000420   Section     1024  startup_stm32g474xx.o(STACK)

    Global Symbols

    Symbol Name                              Value     Ov Type        Size  Object(Section)

    BuildAttributes$$THM_ISAv4$E$P$D$K$B$S$7EM$VFPi3$EXTD16$VFPS$VFMA$PE$A:L22UL41UL21$X:L11$S22US41US21$IEEE1$IW$USESV6$~STKCKD$USESV7$~SHL$OSPACE$ROPI$EBA8$MICROLIB$REQ8$PRES8$EABIv2 0x00000000   Number         0  anon$$obj.o ABSOLUTE
    __ARM_use_no_argv                        0x00000000   Number         0  main.o ABSOLUTE
    _printf_a                                0x00000000   Number         0  stubs.o ABSOLUTE
    _printf_c                                0x00000000   Number         0  stubs.o ABSOLUTE
    _printf_charcount                        0x00000000   Number         0  stubs.o ABSOLUTE
    _printf_d                                0x00000000   Number         0  stubs.o ABSOLUTE
    _printf_e                                0x00000000   Number         0  stubs.o ABSOLUTE
    _printf_f                                0x00000000   Number         0  stubs.o ABSOLUTE
    _printf_flags                            0x00000000   Number         0  stubs.o ABSOLUTE
    _printf_fp_dec                           0x00000000   Number         0  stubs.o ABSOLUTE
    _printf_fp_hex                           0x00000000   Number         0  stubs.o ABSOLUTE
    _printf_g                                0x00000000   Number         0  stubs.o ABSOLUTE
    _printf_i                                0x00000000   Number         0  stubs.o ABSOLUTE
    _printf_int_dec                          0x00000000   Number         0  stubs.o ABSOLUTE
    _printf_l                                0x00000000   Number         0  stubs.o ABSOLUTE
    _printf_lc                               0x00000000   Number         0  stubs.o ABSOLUTE
    _printf_ll                               0x00000000   Number         0  stubs.o ABSOLUTE
    _printf_lld                              0x00000000   Number         0  stubs.o ABSOLUTE
    _printf_lli                              0x00000000   Number         0  stubs.o ABSOLUTE
    _printf_llo                              0x00000000   Number         0  stubs.o ABSOLUTE
    _printf_llu                              0x00000000   Number         0  stubs.o ABSOLUTE
    _printf_llx                              0x00000000   Number         0  stubs.o ABSOLUTE
    _printf_longlong_dec                     0x00000000   Number         0  stubs.o ABSOLUTE
    _printf_longlong_hex                     0x00000000   Number         0  stubs.o ABSOLUTE
    _printf_longlong_oct                     0x00000000   Number         0  stubs.o ABSOLUTE
    _printf_ls                               0x00000000   Number         0  stubs.o ABSOLUTE
    _printf_mbtowc                           0x00000000   Number         0  stubs.o ABSOLUTE
    _printf_n                                0x00000000   Number         0  stubs.o ABSOLUTE
    _printf_o                                0x00000000   Number         0  stubs.o ABSOLUTE
    _printf_p                                0x00000000   Number         0  stubs.o ABSOLUTE
    _printf_percent                          0x00000000   Number         0  stubs.o ABSOLUTE
    _printf_pre_padding                      0x00000000   Number         0  stubs.o ABSOLUTE
    _printf_return_value                     0x00000000   Number         0  stubs.o ABSOLUTE
    _printf_s                                0x00000000   Number         0  stubs.o ABSOLUTE
    _printf_sizespec                         0x00000000   Number         0  stubs.o ABSOLUTE
    _printf_str                              0x00000000   Number         0  stubs.o ABSOLUTE
    _printf_truncate_signed                  0x00000000   Number         0  stubs.o ABSOLUTE
    _printf_truncate_unsigned                0x00000000   Number         0  stubs.o ABSOLUTE
    _printf_u                                0x00000000   Number         0  stubs.o ABSOLUTE
    _printf_wc                               0x00000000   Number         0  stubs.o ABSOLUTE
    _printf_wctomb                           0x00000000   Number         0  stubs.o ABSOLUTE
    _printf_widthprec                        0x00000000   Number         0  stubs.o ABSOLUTE
    _printf_x                                0x00000000   Number         0  stubs.o ABSOLUTE
    __arm_fini_                               - Undefined Weak Reference
    __cpp_initialize__aeabi_                  - Undefined Weak Reference
    __cxa_finalize                            - Undefined Weak Reference
    __decompress                              - Undefined Weak Reference
    _clock_init                               - Undefined Weak Reference
    _microlib_exit                            - Undefined Weak Reference
    __Vectors_Size                           0x000001d8   Number         0  startup_stm32g474xx.o ABSOLUTE
    __Vectors                                0x08000000   Data           4  startup_stm32g474xx.o(RESET)
    __Vectors_End                            0x080001d8   Data           0  startup_stm32g474xx.o(RESET)
    __main                                   0x080001d9   Thumb Code     0  entry.o(.ARM.Collect$$$$00000000)
    _main_stk                                0x080001d9   Thumb Code     0  entry2.o(.ARM.Collect$$$$00000001)
    _main_scatterload                        0x080001dd   Thumb Code     0  entry5.o(.ARM.Collect$$$$00000004)
    __main_after_scatterload                 0x080001e1   Thumb Code     0  entry5.o(.ARM.Collect$$$$00000004)
    _main_clock                              0x080001e1   Thumb Code     0  entry7b.o(.ARM.Collect$$$$00000008)
    _main_cpp_init                           0x080001e1   Thumb Code     0  entry8b.o(.ARM.Collect$$$$0000000A)
    _main_init                               0x080001e1   Thumb Code     0  entry9a.o(.ARM.Collect$$$$0000000B)
    __rt_lib_shutdown_fini                   0x080001e9   Thumb Code     0  entry12b.o(.ARM.Collect$$$$0000000E)
    __rt_final_cpp                           0x080001ed   Thumb Code     0  entry10a.o(.ARM.Collect$$$$0000000F)
    __rt_final_exit                          0x080001ed   Thumb Code     0  entry11a.o(.ARM.Collect$$$$00000011)
    Reset_Handler                            0x080001f1   Thumb Code     8  startup_stm32g474xx.o(.text)
    ADC3_IRQHandler                          0x0800020b   Thumb Code     0  startup_stm32g474xx.o(.text)
    ADC4_IRQHandler                          0x0800020b   Thumb Code     0  startup_stm32g474xx.o(.text)
    ADC5_IRQHandler                          0x0800020b   Thumb Code     0  startup_stm32g474xx.o(.text)
    COMP4_5_6_IRQHandler                     0x0800020b   Thumb Code     0  startup_stm32g474xx.o(.text)
    COMP7_IRQHandler                         0x0800020b   Thumb Code     0  startup_stm32g474xx.o(.text)
    CORDIC_IRQHandler                        0x0800020b   Thumb Code     0  startup_stm32g474xx.o(.text)
    CRS_IRQHandler                           0x0800020b   Thumb Code     0  startup_stm32g474xx.o(.text)
    DMA1_Channel2_IRQHandler                 0x0800020b   Thumb Code     0  startup_stm32g474xx.o(.text)
    DMA1_Channel3_IRQHandler                 0x0800020b   Thumb Code     0  startup_stm32g474xx.o(.text)
    DMA1_Channel4_IRQHandler                 0x0800020b   Thumb Code     0  startup_stm32g474xx.o(.text)
    DMA1_Channel5_IRQHandler                 0x0800020b   Thumb Code     0  startup_stm32g474xx.o(.text)
    DMA1_Channel6_IRQHandler                 0x0800020b   Thumb Code     0  startup_stm32g474xx.o(.text)
    DMA1_Channel7_IRQHandler                 0x0800020b   Thumb Code     0  startup_stm32g474xx.o(.text)
    DMA1_Channel8_IRQHandler                 0x0800020b   Thumb Code     0  startup_stm32g474xx.o(.text)
    DMA2_Channel1_IRQHandler                 0x0800020b   Thumb Code     0  startup_stm32g474xx.o(.text)
    DMA2_Channel2_IRQHandler                 0x0800020b   Thumb Code     0  startup_stm32g474xx.o(.text)
    DMA2_Channel3_IRQHandler                 0x0800020b   Thumb Code     0  startup_stm32g474xx.o(.text)
    DMA2_Channel4_IRQHandler                 0x0800020b   Thumb Code     0  startup_stm32g474xx.o(.text)
    DMA2_Channel5_IRQHandler                 0x0800020b   Thumb Code     0  startup_stm32g474xx.o(.text)
    DMA2_Channel6_IRQHandler                 0x0800020b   Thumb Code     0  startup_stm32g474xx.o(.text)
    DMA2_Channel7_IRQHandler                 0x0800020b   Thumb Code     0  startup_stm32g474xx.o(.text)
    DMA2_Channel8_IRQHandler                 0x0800020b   Thumb Code     0  startup_stm32g474xx.o(.text)
    DMAMUX_OVR_IRQHandler                    0x0800020b   Thumb Code     0  startup_stm32g474xx.o(.text)
    EXTI0_IRQHandler                         0x0800020b   Thumb Code     0  startup_stm32g474xx.o(.text)
    EXTI15_10_IRQHandler                     0x0800020b   Thumb Code     0  startup_stm32g474xx.o(.text)
    EXTI1_IRQHandler                         0x0800020b   Thumb Code     0  startup_stm32g474xx.o(.text)
    EXTI2_IRQHandler                         0x0800020b   Thumb Code     0  startup_stm32g474xx.o(.text)
    EXTI3_IRQHandler                         0x0800020b   Thumb Code     0  startup_stm32g474xx.o(.text)
    EXTI4_IRQHandler                         0x0800020b   Thumb Code     0  startup_stm32g474xx.o(.text)
    EXTI9_5_IRQHandler                       0x0800020b   Thumb Code     0  startup_stm32g474xx.o(.text)
    FDCAN1_IT1_IRQHandler                    0x0800020b   Thumb Code     0  startup_stm32g474xx.o(.text)
    FDCAN2_IT0_IRQHandler                    0x0800020b   Thumb Code     0  startup_stm32g474xx.o(.text)
    FDCAN2_IT1_IRQHandler                    0x0800020b   Thumb Code     0  startup_stm32g474xx.o(.text)
    FDCAN3_IT0_IRQHandler                    0x0800020b   Thumb Code     0  startup_stm32g474xx.o(.text)
    FDCAN3_IT1_IRQHandler                    0x0800020b   Thumb Code     0  startup_stm32g474xx.o(.text)
    FLASH_IRQHandler                         0x0800020b   Thumb Code     0  startup_stm32g474xx.o(.text)
    FMAC_IRQHandler                          0x0800020b   Thumb Code     0  startup_stm32g474xx.o(.text)
    FMC_IRQHandler                           0x0800020b   Thumb Code     0  startup_stm32g474xx.o(.text)
    FPU_IRQHandler                           0x0800020b   Thumb Code     0  startup_stm32g474xx.o(.text)
    HRTIM1_FLT_IRQHandler                    0x0800020b   Thumb Code     0  startup_stm32g474xx.o(.text)
    HRTIM1_Master_IRQHandler                 0x0800020b   Thumb Code     0  startup_stm32g474xx.o(.text)
    HRTIM1_TIMA_IRQHandler                   0x0800020b   Thumb Code     0  startup_stm32g474xx.o(.text)
    HRTIM1_TIMB_IRQHandler                   0x0800020b   Thumb Code     0  startup_stm32g474xx.o(.text)
    HRTIM1_TIMC_IRQHandler                   0x0800020b   Thumb Code     0  startup_stm32g474xx.o(.text)
    HRTIM1_TIMD_IRQHandler                   0x0800020b   Thumb Code     0  startup_stm32g474xx.o(.text)
    HRTIM1_TIME_IRQHandler                   0x0800020b   Thumb Code     0  startup_stm32g474xx.o(.text)
    HRTIM1_TIMF_IRQHandler                   0x0800020b   Thumb Code     0  startup_stm32g474xx.o(.text)
    I2C1_ER_IRQHandler                       0x0800020b   Thumb Code     0  startup_stm32g474xx.o(.text)
    I2C1_EV_IRQHandler                       0x0800020b   Thumb Code     0  startup_stm32g474xx.o(.text)
    I2C2_ER_IRQHandler                       0x0800020b   Thumb Code     0  startup_stm32g474xx.o(.text)
    I2C2_EV_IRQHandler                       0x0800020b   Thumb Code     0  startup_stm32g474xx.o(.text)
    I2C3_ER_IRQHandler                       0x0800020b   Thumb Code     0  startup_stm32g474xx.o(.text)
    I2C3_EV_IRQHandler                       0x0800020b   Thumb Code     0  startup_stm32g474xx.o(.text)
    I2C4_ER_IRQHandler                       0x0800020b   Thumb Code     0  startup_stm32g474xx.o(.text)
    I2C4_EV_IRQHandler                       0x0800020b   Thumb Code     0  startup_stm32g474xx.o(.text)
    LPTIM1_IRQHandler                        0x0800020b   Thumb Code     0  startup_stm32g474xx.o(.text)
    LPUART1_IRQHandler                       0x0800020b   Thumb Code     0  startup_stm32g474xx.o(.text)
    PVD_PVM_IRQHandler                       0x0800020b   Thumb Code     0  startup_stm32g474xx.o(.text)
    QUADSPI_IRQHandler                       0x0800020b   Thumb Code     0  startup_stm32g474xx.o(.text)
    RCC_IRQHandler                           0x0800020b   Thumb Code     0  startup_stm32g474xx.o(.text)
    RNG_IRQHandler                           0x0800020b   Thumb Code     0  startup_stm32g474xx.o(.text)
    RTC_Alarm_IRQHandler                     0x0800020b   Thumb Code     0  startup_stm32g474xx.o(.text)
    RTC_TAMP_LSECSS_IRQHandler               0x0800020b   Thumb Code     0  startup_stm32g474xx.o(.text)
    RTC_WKUP_IRQHandler                      0x0800020b   Thumb Code     0  startup_stm32g474xx.o(.text)
    SAI1_IRQHandler                          0x0800020b   Thumb Code     0  startup_stm32g474xx.o(.text)
    SPI1_IRQHandler                          0x0800020b   Thumb Code     0  startup_stm32g474xx.o(.text)
    SPI2_IRQHandler                          0x0800020b   Thumb Code     0  startup_stm32g474xx.o(.text)
    SPI3_IRQHandler                          0x0800020b   Thumb Code     0  startup_stm32g474xx.o(.text)
    SPI4_IRQHandler                          0x0800020b   Thumb Code     0  startup_stm32g474xx.o(.text)
    TIM1_TRG_COM_TIM17_IRQHandler            0x0800020b   Thumb Code     0  startup_stm32g474xx.o(.text)
    TIM20_BRK_IRQHandler                     0x0800020b   Thumb Code     0  startup_stm32g474xx.o(.text)
    TIM20_CC_IRQHandler                      0x0800020b   Thumb Code     0  startup_stm32g474xx.o(.text)
    TIM20_TRG_COM_IRQHandler                 0x0800020b   Thumb Code     0  startup_stm32g474xx.o(.text)
    TIM20_UP_IRQHandler                      0x0800020b   Thumb Code     0  startup_stm32g474xx.o(.text)
    TIM2_IRQHandler                          0x0800020b   Thumb Code     0  startup_stm32g474xx.o(.text)
    TIM3_IRQHandler                          0x0800020b   Thumb Code     0  startup_stm32g474xx.o(.text)
    TIM4_IRQHandler                          0x0800020b   Thumb Code     0  startup_stm32g474xx.o(.text)
    TIM5_IRQHandler                          0x0800020b   Thumb Code     0  startup_stm32g474xx.o(.text)
    TIM6_DAC_IRQHandler                      0x0800020b   Thumb Code     0  startup_stm32g474xx.o(.text)
    TIM7_DAC_IRQHandler                      0x0800020b   Thumb Code     0  startup_stm32g474xx.o(.text)
    TIM8_BRK_IRQHandler                      0x0800020b   Thumb Code     0  startup_stm32g474xx.o(.text)
    TIM8_CC_IRQHandler                       0x0800020b   Thumb Code     0  startup_stm32g474xx.o(.text)
    TIM8_TRG_COM_IRQHandler                  0x0800020b   Thumb Code     0  startup_stm32g474xx.o(.text)
    TIM8_UP_IRQHandler                       0x0800020b   Thumb Code     0  startup_stm32g474xx.o(.text)
    UART4_IRQHandler                         0x0800020b   Thumb Code     0  startup_stm32g474xx.o(.text)
    UART5_IRQHandler                         0x0800020b   Thumb Code     0  startup_stm32g474xx.o(.text)
    UCPD1_IRQHandler                         0x0800020b   Thumb Code     0  startup_stm32g474xx.o(.text)
    USART2_IRQHandler                        0x0800020b   Thumb Code     0  startup_stm32g474xx.o(.text)
    USART3_IRQHandler                        0x0800020b   Thumb Code     0  startup_stm32g474xx.o(.text)
    USBWakeUp_IRQHandler                     0x0800020b   Thumb Code     0  startup_stm32g474xx.o(.text)
    USB_HP_IRQHandler                        0x0800020b   Thumb Code     0  startup_stm32g474xx.o(.text)
    USB_LP_IRQHandler                        0x0800020b   Thumb Code     0  startup_stm32g474xx.o(.text)
    WWDG_IRQHandler                          0x0800020b   Thumb Code     0  startup_stm32g474xx.o(.text)
    __aeabi_uldivmod                         0x08000215   Thumb Code    98  uldiv.o(.text)
    __aeabi_memcpy                           0x08000277   Thumb Code    36  memcpya.o(.text)
    __aeabi_memcpy4                          0x08000277   Thumb Code     0  memcpya.o(.text)
    __aeabi_memcpy8                          0x08000277   Thumb Code     0  memcpya.o(.text)
    __aeabi_memset                           0x0800029b   Thumb Code    14  memseta.o(.text)
    __aeabi_memset4                          0x0800029b   Thumb Code     0  memseta.o(.text)
    __aeabi_memset8                          0x0800029b   Thumb Code     0  memseta.o(.text)
    __aeabi_memclr                           0x080002a9   Thumb Code     4  memseta.o(.text)
    __aeabi_memclr4                          0x080002a9   Thumb Code     0  memseta.o(.text)
    __aeabi_memclr8                          0x080002a9   Thumb Code     0  memseta.o(.text)
    _memset$wrapper                          0x080002ad   Thumb Code    18  memseta.o(.text)
    __aeabi_uidiv                            0x080002bf   Thumb Code     0  uidiv.o(.text)
    __aeabi_uidivmod                         0x080002bf   Thumb Code    44  uidiv.o(.text)
    __aeabi_llsl                             0x080002eb   Thumb Code    30  llshl.o(.text)
    _ll_shift_l                              0x080002eb   Thumb Code     0  llshl.o(.text)
    __aeabi_llsr                             0x08000309   Thumb Code    32  llushr.o(.text)
    _ll_ushift_r                             0x08000309   Thumb Code     0  llushr.o(.text)
    __scatterload                            0x08000329   Thumb Code    28  init.o(.text)
    __scatterload_rt2                        0x08000329   Thumb Code     0  init.o(.text)
    AD2S1210Initiate                         0x0800034d   Thumb Code    80  ad2s1210.o(i.AD2S1210Initiate)
    AD2S1210SelectMode                       0x080003a5   Thumb Code    64  ad2s1210.o(i.AD2S1210SelectMode)
    ADC1_2_IRQHandler                        0x080003e9   Thumb Code    18  stm32g4xx_it.o(i.ADC1_2_IRQHandler)
    ADC_Disable                              0x08000405   Thumb Code   106  stm32g4xx_hal_adc.o(i.ADC_Disable)
    ADC_Enable                               0x08000475   Thumb Code   110  stm32g4xx_hal_adc.o(i.ADC_Enable)
    BusFault_Handler                         0x080004e9   Thumb Code     2  stm32g4xx_it.o(i.BusFault_Handler)
    COMP1_2_3_IRQHandler                     0x080004ed   Thumb Code     6  stm32g4xx_it.o(i.COMP1_2_3_IRQHandler)
    DMA1_Channel1_IRQHandler                 0x080004f9   Thumb Code     6  stm32g4xx_it.o(i.DMA1_Channel1_IRQHandler)
    DRV8301IDread                            0x080005a9   Thumb Code    30  drv8301.o(i.DRV8301IDread)
    DRV8301Init                              0x080005d9   Thumb Code   146  drv8301.o(i.DRV8301Init)
    DebugMon_Handler                         0x080006b5   Thumb Code     2  stm32g4xx_it.o(i.DebugMon_Handler)
    Error_Handler                            0x080006b7   Thumb Code     4  main.o(i.Error_Handler)
    FDCAN1_IT0_IRQHandler                    0x080006bd   Thumb Code     6  stm32g4xx_it.o(i.FDCAN1_IT0_IRQHandler)
    HAL_ADCEx_Calibration_Start              0x080006c9   Thumb Code   138  stm32g4xx_hal_adc_ex.o(i.HAL_ADCEx_Calibration_Start)
    HAL_ADCEx_EndOfSamplingCallback          0x0800075d   Thumb Code     2  stm32g4xx_hal_adc_ex.o(i.HAL_ADCEx_EndOfSamplingCallback)
    HAL_ADCEx_InjectedConfigChannel          0x08000761   Thumb Code  1324  stm32g4xx_hal_adc_ex.o(i.HAL_ADCEx_InjectedConfigChannel)
    HAL_ADCEx_InjectedConvCpltCallback       0x08000cc1   Thumb Code   228  main.o(i.HAL_ADCEx_InjectedConvCpltCallback)
    HAL_ADCEx_InjectedQueueOverflowCallback  0x08000dbd   Thumb Code     2  stm32g4xx_hal_adc_ex.o(i.HAL_ADCEx_InjectedQueueOverflowCallback)
    HAL_ADCEx_InjectedStart                  0x08000dc1   Thumb Code   262  stm32g4xx_hal_adc_ex.o(i.HAL_ADCEx_InjectedStart)
    HAL_ADCEx_InjectedStart_IT               0x08000ee1   Thumb Code   320  stm32g4xx_hal_adc_ex.o(i.HAL_ADCEx_InjectedStart_IT)
    HAL_ADCEx_LevelOutOfWindow2Callback      0x08001039   Thumb Code     2  stm32g4xx_hal_adc_ex.o(i.HAL_ADCEx_LevelOutOfWindow2Callback)
    HAL_ADCEx_LevelOutOfWindow3Callback      0x0800103b   Thumb Code     2  stm32g4xx_hal_adc_ex.o(i.HAL_ADCEx_LevelOutOfWindow3Callback)
    HAL_ADCEx_MultiModeConfigChannel         0x0800103d   Thumb Code   326  stm32g4xx_hal_adc_ex.o(i.HAL_ADCEx_MultiModeConfigChannel)
    HAL_ADC_ConfigChannel                    0x0800119d   Thumb Code  1066  stm32g4xx_hal_adc.o(i.HAL_ADC_ConfigChannel)
    HAL_ADC_ConvCpltCallback                 0x08001609   Thumb Code     2  stm32g4xx_hal_adc.o(i.HAL_ADC_ConvCpltCallback)
    HAL_ADC_ErrorCallback                    0x0800160b   Thumb Code     2  stm32g4xx_hal_adc.o(i.HAL_ADC_ErrorCallback)
    HAL_ADC_GetValue                         0x0800160d   Thumb Code     6  stm32g4xx_hal_adc.o(i.HAL_ADC_GetValue)
    HAL_ADC_IRQHandler                       0x08001615   Thumb Code   674  stm32g4xx_hal_adc.o(i.HAL_ADC_IRQHandler)
    HAL_ADC_Init                             0x080018cd   Thumb Code   520  stm32g4xx_hal_adc.o(i.HAL_ADC_Init)
    HAL_ADC_LevelOutOfWindowCallback         0x08001b05   Thumb Code     2  stm32g4xx_hal_adc.o(i.HAL_ADC_LevelOutOfWindowCallback)
    HAL_ADC_MspInit                          0x08001b09   Thumb Code   200  adc.o(i.HAL_ADC_MspInit)
    HAL_ADC_Start                            0x08001be1   Thumb Code   288  stm32g4xx_hal_adc.o(i.HAL_ADC_Start)
    HAL_COMP_IRQHandler                      0x08001d19   Thumb Code   118  stm32g4xx_hal_comp.o(i.HAL_COMP_IRQHandler)
    HAL_COMP_Init                            0x08001d99   Thumb Code   540  stm32g4xx_hal_comp.o(i.HAL_COMP_Init)
    HAL_COMP_MspInit                         0x08001fd9   Thumb Code    80  comp.o(i.HAL_COMP_MspInit)
    HAL_COMP_TriggerCallback                 0x08002035   Thumb Code     2  stm32g4xx_hal_comp.o(i.HAL_COMP_TriggerCallback)
    HAL_DAC_ConfigChannel                    0x08002039   Thumb Code   428  stm32g4xx_hal_dac.o(i.HAL_DAC_ConfigChannel)
    HAL_DAC_Init                             0x080021ed   Thumb Code    40  stm32g4xx_hal_dac.o(i.HAL_DAC_Init)
    HAL_DAC_MspInit                          0x08002215   Thumb Code   106  dac.o(i.HAL_DAC_MspInit)
    HAL_DMA_Abort                            0x0800228d   Thumb Code   106  stm32g4xx_hal_dma.o(i.HAL_DMA_Abort)
    HAL_DMA_Abort_IT                         0x080022f7   Thumb Code   120  stm32g4xx_hal_dma.o(i.HAL_DMA_Abort_IT)
    HAL_DMA_IRQHandler                       0x0800236f   Thumb Code   186  stm32g4xx_hal_dma.o(i.HAL_DMA_IRQHandler)
    HAL_DMA_Init                             0x08002429   Thumb Code   178  stm32g4xx_hal_dma.o(i.HAL_DMA_Init)
    HAL_DMA_Start_IT                         0x080024e9   Thumb Code   140  stm32g4xx_hal_dma.o(i.HAL_DMA_Start_IT)
    HAL_Delay                                0x08002575   Thumb Code     6  delay.o(i.HAL_Delay)
    HAL_FDCAN_ErrorCallback                  0x0800257b   Thumb Code     2  stm32g4xx_hal_fdcan.o(i.HAL_FDCAN_ErrorCallback)
    HAL_FDCAN_ErrorStatusCallback            0x0800257d   Thumb Code     2  stm32g4xx_hal_fdcan.o(i.HAL_FDCAN_ErrorStatusCallback)
    HAL_FDCAN_HighPriorityMessageCallback    0x0800257f   Thumb Code     2  stm32g4xx_hal_fdcan.o(i.HAL_FDCAN_HighPriorityMessageCallback)
    HAL_FDCAN_IRQHandler                     0x08002581   Thumb Code   352  stm32g4xx_hal_fdcan.o(i.HAL_FDCAN_IRQHandler)
    HAL_FDCAN_Init                           0x080026e1   Thumb Code   512  stm32g4xx_hal_fdcan.o(i.HAL_FDCAN_Init)
    HAL_FDCAN_MspInit                        0x080028f9   Thumb Code   104  fdcan.o(i.HAL_FDCAN_MspInit)
    HAL_FDCAN_RxFifo0Callback                0x08002969   Thumb Code     2  stm32g4xx_hal_fdcan.o(i.HAL_FDCAN_RxFifo0Callback)
    HAL_FDCAN_RxFifo1Callback                0x0800296b   Thumb Code     2  stm32g4xx_hal_fdcan.o(i.HAL_FDCAN_RxFifo1Callback)
    HAL_FDCAN_TimeoutOccurredCallback        0x0800296d   Thumb Code     2  stm32g4xx_hal_fdcan.o(i.HAL_FDCAN_TimeoutOccurredCallback)
    HAL_FDCAN_TimestampWraparoundCallback    0x0800296f   Thumb Code     2  stm32g4xx_hal_fdcan.o(i.HAL_FDCAN_TimestampWraparoundCallback)
    HAL_FDCAN_TxBufferAbortCallback          0x08002971   Thumb Code     2  stm32g4xx_hal_fdcan.o(i.HAL_FDCAN_TxBufferAbortCallback)
    HAL_FDCAN_TxBufferCompleteCallback       0x08002973   Thumb Code     2  stm32g4xx_hal_fdcan.o(i.HAL_FDCAN_TxBufferCompleteCallback)
    HAL_FDCAN_TxEventFifoCallback            0x08002975   Thumb Code     2  stm32g4xx_hal_fdcan.o(i.HAL_FDCAN_TxEventFifoCallback)
    HAL_FDCAN_TxFifoEmptyCallback            0x08002977   Thumb Code     2  stm32g4xx_hal_fdcan.o(i.HAL_FDCAN_TxFifoEmptyCallback)
    HAL_GPIO_Init                            0x08002979   Thumb Code   422  stm32g4xx_hal_gpio.o(i.HAL_GPIO_Init)
    HAL_GPIO_ReadPin                         0x08002b41   Thumb Code    10  stm32g4xx_hal_gpio.o(i.HAL_GPIO_ReadPin)
    HAL_GPIO_WritePin                        0x08002b4b   Thumb Code    10  stm32g4xx_hal_gpio.o(i.HAL_GPIO_WritePin)
    HAL_GetTick                              0x08002b55   Thumb Code     6  stm32g4xx_hal.o(i.HAL_GetTick)
    HAL_IncTick                              0x08002b61   Thumb Code    12  stm32g4xx_hal.o(i.HAL_IncTick)
    HAL_Init                                 0x08002b71   Thumb Code    30  stm32g4xx_hal.o(i.HAL_Init)
    HAL_InitTick                             0x08002b91   Thumb Code    58  stm32g4xx_hal.o(i.HAL_InitTick)
    HAL_MspInit                              0x08002bd5   Thumb Code    42  stm32g4xx_hal_msp.o(i.HAL_MspInit)
    HAL_NVIC_EnableIRQ                       0x08002c05   Thumb Code    26  stm32g4xx_hal_cortex.o(i.HAL_NVIC_EnableIRQ)
    HAL_NVIC_SetPriority                     0x08002c21   Thumb Code    60  stm32g4xx_hal_cortex.o(i.HAL_NVIC_SetPriority)
    HAL_NVIC_SetPriorityGrouping             0x08002c61   Thumb Code    26  stm32g4xx_hal_cortex.o(i.HAL_NVIC_SetPriorityGrouping)
    HAL_OPAMP_Init                           0x08002c85   Thumb Code   236  stm32g4xx_hal_opamp.o(i.HAL_OPAMP_Init)
    HAL_OPAMP_MspInit                        0x08002d79   Thumb Code   134  opamp.o(i.HAL_OPAMP_MspInit)
    HAL_OPAMP_Start                          0x08002e0d   Thumb Code    44  stm32g4xx_hal_opamp.o(i.HAL_OPAMP_Start)
    HAL_PWREx_ControlVoltageScaling          0x08002e39   Thumb Code   174  stm32g4xx_hal_pwr_ex.o(i.HAL_PWREx_ControlVoltageScaling)
    HAL_PWREx_DisableUCPDDeadBattery         0x08002ef5   Thumb Code    12  stm32g4xx_hal_pwr_ex.o(i.HAL_PWREx_DisableUCPDDeadBattery)
    HAL_RCCEx_PeriphCLKConfig                0x08002f05   Thumb Code   758  stm32g4xx_hal_rcc_ex.o(i.HAL_RCCEx_PeriphCLKConfig)
    HAL_RCC_ClockConfig                      0x08003205   Thumb Code   444  stm32g4xx_hal_rcc.o(i.HAL_RCC_ClockConfig)
    HAL_RCC_GetHCLKFreq                      0x080033e1   Thumb Code     6  stm32g4xx_hal_rcc.o(i.HAL_RCC_GetHCLKFreq)
    HAL_RCC_GetPCLK1Freq                     0x080033ed   Thumb Code    24  stm32g4xx_hal_rcc.o(i.HAL_RCC_GetPCLK1Freq)
    HAL_RCC_GetPCLK2Freq                     0x08003411   Thumb Code    24  stm32g4xx_hal_rcc.o(i.HAL_RCC_GetPCLK2Freq)
    HAL_RCC_GetSysClockFreq                  0x08003435   Thumb Code    98  stm32g4xx_hal_rcc.o(i.HAL_RCC_GetSysClockFreq)
    HAL_RCC_OscConfig                        0x080034a1   Thumb Code  1036  stm32g4xx_hal_rcc.o(i.HAL_RCC_OscConfig)
    HAL_SYSTICK_CLKSourceConfig              0x080038ad   Thumb Code    24  stm32g4xx_hal_cortex.o(i.HAL_SYSTICK_CLKSourceConfig)
    HAL_SYSTICK_Config                       0x080038c5   Thumb Code    40  stm32g4xx_hal_cortex.o(i.HAL_SYSTICK_Config)
    HAL_TIMEx_Break2Callback                 0x080038ed   Thumb Code     2  stm32g4xx_hal_tim_ex.o(i.HAL_TIMEx_Break2Callback)
    HAL_TIMEx_BreakCallback                  0x080038ef   Thumb Code     2  stm32g4xx_hal_tim_ex.o(i.HAL_TIMEx_BreakCallback)
    HAL_TIMEx_CommutCallback                 0x080038f1   Thumb Code     2  stm32g4xx_hal_tim_ex.o(i.HAL_TIMEx_CommutCallback)
    HAL_TIMEx_ConfigBreakDeadTime            0x080038f5   Thumb Code   192  stm32g4xx_hal_tim_ex.o(i.HAL_TIMEx_ConfigBreakDeadTime)
    HAL_TIMEx_ConfigBreakInput               0x080039c1   Thumb Code   222  stm32g4xx_hal_tim_ex.o(i.HAL_TIMEx_ConfigBreakInput)
    HAL_TIMEx_DirectionChangeCallback        0x08003a9f   Thumb Code     2  stm32g4xx_hal_tim_ex.o(i.HAL_TIMEx_DirectionChangeCallback)
    HAL_TIMEx_EncoderIndexCallback           0x08003aa1   Thumb Code     2  stm32g4xx_hal_tim_ex.o(i.HAL_TIMEx_EncoderIndexCallback)
    HAL_TIMEx_IndexErrorCallback             0x08003aa3   Thumb Code     2  stm32g4xx_hal_tim_ex.o(i.HAL_TIMEx_IndexErrorCallback)
    HAL_TIMEx_MasterConfigSynchronization    0x08003aa5   Thumb Code   150  stm32g4xx_hal_tim_ex.o(i.HAL_TIMEx_MasterConfigSynchronization)
    HAL_TIMEx_PWMN_Start                     0x08003b5d   Thumb Code   170  stm32g4xx_hal_tim_ex.o(i.HAL_TIMEx_PWMN_Start)
    HAL_TIMEx_TransitionErrorCallback        0x08003c29   Thumb Code     2  stm32g4xx_hal_tim_ex.o(i.HAL_TIMEx_TransitionErrorCallback)
    HAL_TIM_Base_Init                        0x08003c2b   Thumb Code    98  stm32g4xx_hal_tim.o(i.HAL_TIM_Base_Init)
    HAL_TIM_Base_MspInit                     0x08003c8d   Thumb Code    82  tim.o(i.HAL_TIM_Base_MspInit)
    HAL_TIM_Base_Start                       0x08003ce9   Thumb Code    96  stm32g4xx_hal_tim.o(i.HAL_TIM_Base_Start)
    HAL_TIM_ConfigClockSource                0x08003d69   Thumb Code   220  stm32g4xx_hal_tim.o(i.HAL_TIM_ConfigClockSource)
    HAL_TIM_IC_CaptureCallback               0x08003e49   Thumb Code     2  stm32g4xx_hal_tim.o(i.HAL_TIM_IC_CaptureCallback)
    HAL_TIM_IRQHandler                       0x08003e4b   Thumb Code   508  stm32g4xx_hal_tim.o(i.HAL_TIM_IRQHandler)
    HAL_TIM_MspPostInit                      0x08004049   Thumb Code   136  tim.o(i.HAL_TIM_MspPostInit)
    HAL_TIM_OC_DelayElapsedCallback          0x080040dd   Thumb Code     2  stm32g4xx_hal_tim.o(i.HAL_TIM_OC_DelayElapsedCallback)
    HAL_TIM_PWM_ConfigChannel                0x080040df   Thumb Code   286  stm32g4xx_hal_tim.o(i.HAL_TIM_PWM_ConfigChannel)
    HAL_TIM_PWM_Init                         0x080041fd   Thumb Code    98  stm32g4xx_hal_tim.o(i.HAL_TIM_PWM_Init)
    HAL_TIM_PWM_MspInit                      0x0800425f   Thumb Code     2  stm32g4xx_hal_tim.o(i.HAL_TIM_PWM_MspInit)
    HAL_TIM_PWM_PulseFinishedCallback        0x08004261   Thumb Code     2  stm32g4xx_hal_tim.o(i.HAL_TIM_PWM_PulseFinishedCallback)
    HAL_TIM_PWM_Start                        0x08004265   Thumb Code   234  stm32g4xx_hal_tim.o(i.HAL_TIM_PWM_Start)
    HAL_TIM_PeriodElapsedCallback            0x08004379   Thumb Code     2  stm32g4xx_hal_tim.o(i.HAL_TIM_PeriodElapsedCallback)
    HAL_TIM_TriggerCallback                  0x0800437b   Thumb Code     2  stm32g4xx_hal_tim.o(i.HAL_TIM_TriggerCallback)
    HAL_UARTEx_DisableFifoMode               0x0800437d   Thumb Code    62  stm32g4xx_hal_uart_ex.o(i.HAL_UARTEx_DisableFifoMode)
    HAL_UARTEx_RxEventCallback               0x080043bb   Thumb Code     2  stm32g4xx_hal_uart.o(i.HAL_UARTEx_RxEventCallback)
    HAL_UARTEx_RxFifoFullCallback            0x080043bd   Thumb Code     2  stm32g4xx_hal_uart_ex.o(i.HAL_UARTEx_RxFifoFullCallback)
    HAL_UARTEx_SetRxFifoThreshold            0x080043bf   Thumb Code    76  stm32g4xx_hal_uart_ex.o(i.HAL_UARTEx_SetRxFifoThreshold)
    HAL_UARTEx_SetTxFifoThreshold            0x0800440b   Thumb Code    76  stm32g4xx_hal_uart_ex.o(i.HAL_UARTEx_SetTxFifoThreshold)
    HAL_UARTEx_TxFifoEmptyCallback           0x08004457   Thumb Code     2  stm32g4xx_hal_uart_ex.o(i.HAL_UARTEx_TxFifoEmptyCallback)
    HAL_UARTEx_WakeupCallback                0x08004459   Thumb Code     2  stm32g4xx_hal_uart_ex.o(i.HAL_UARTEx_WakeupCallback)
    HAL_UART_ErrorCallback                   0x0800445b   Thumb Code     2  stm32g4xx_hal_uart.o(i.HAL_UART_ErrorCallback)
    HAL_UART_IRQHandler                      0x0800445d   Thumb Code   632  stm32g4xx_hal_uart.o(i.HAL_UART_IRQHandler)
    HAL_UART_Init                            0x080046e1   Thumb Code   106  stm32g4xx_hal_uart.o(i.HAL_UART_Init)
    HAL_UART_MspInit                         0x0800474d   Thumb Code   146  usart.o(i.HAL_UART_MspInit)
    HAL_UART_Receive_IT                      0x080047f5   Thumb Code    70  stm32g4xx_hal_uart.o(i.HAL_UART_Receive_IT)
    HAL_UART_RxCpltCallback                  0x08004841   Thumb Code     2  stm32g4xx_hal_uart.o(i.HAL_UART_RxCpltCallback)
    HAL_UART_Transmit                        0x08004843   Thumb Code   188  stm32g4xx_hal_uart.o(i.HAL_UART_Transmit)
    HAL_UART_Transmit_DMA                    0x08004901   Thumb Code   140  stm32g4xx_hal_uart.o(i.HAL_UART_Transmit_DMA)
    HAL_UART_TxCpltCallback                  0x08004999   Thumb Code     2  stm32g4xx_hal_uart.o(i.HAL_UART_TxCpltCallback)
    HAL_UART_TxHalfCpltCallback              0x0800499b   Thumb Code     2  stm32g4xx_hal_uart.o(i.HAL_UART_TxHalfCpltCallback)
    HardFault_Handler                        0x0800499d   Thumb Code     2  stm32g4xx_it.o(i.HardFault_Handler)
    MX_ADC1_Init                             0x08004a45   Thumb Code   232  adc.o(i.MX_ADC1_Init)
    MX_ADC2_Init                             0x08004b39   Thumb Code   174  adc.o(i.MX_ADC2_Init)
    MX_COMP1_Init                            0x08004bf9   Thumb Code    46  comp.o(i.MX_COMP1_Init)
    MX_DAC1_Init                             0x08004c31   Thumb Code    80  dac.o(i.MX_DAC1_Init)
    MX_DAC3_Init                             0x08004c89   Thumb Code    78  dac.o(i.MX_DAC3_Init)
    MX_DMA_Init                              0x08004ce1   Thumb Code    56  dma.o(i.MX_DMA_Init)
    MX_FDCAN1_Init                           0x08004d1d   Thumb Code    72  fdcan.o(i.MX_FDCAN1_Init)
    MX_GPIO_Init                             0x08004d6d   Thumb Code   326  gpio.o(i.MX_GPIO_Init)
    MX_OPAMP1_Init                           0x08004ecd   Thumb Code    42  opamp.o(i.MX_OPAMP1_Init)
    MX_OPAMP2_Init                           0x08004f01   Thumb Code    42  opamp.o(i.MX_OPAMP2_Init)
    MX_OPAMP3_Init                           0x08004f35   Thumb Code    42  opamp.o(i.MX_OPAMP3_Init)
    MX_TIM1_Init                             0x08004f69   Thumb Code   312  tim.o(i.MX_TIM1_Init)
    MX_USART1_UART_Init                      0x080050a9   Thumb Code    94  usart.o(i.MX_USART1_UART_Init)
    MemManage_Handler                        0x08005111   Thumb Code     2  stm32g4xx_it.o(i.MemManage_Handler)
    NMI_Handler                              0x08005113   Thumb Code     2  stm32g4xx_it.o(i.NMI_Handler)
    PendSV_Handler                           0x08005115   Thumb Code     2  stm32g4xx_it.o(i.PendSV_Handler)
    ReadFromAD2S1210                         0x08005119   Thumb Code   394  ad2s1210.o(i.ReadFromAD2S1210)
    SPIRead                                  0x080052b1   Thumb Code   100  ad2s1210.o(i.SPIRead)
    SPIWrite                                 0x08005319   Thumb Code    96  ad2s1210.o(i.SPIWrite)
    SVC_Handler                              0x0800537d   Thumb Code     2  stm32g4xx_it.o(i.SVC_Handler)
    SysTick_Handler                          0x0800537f   Thumb Code     4  stm32g4xx_it.o(i.SysTick_Handler)
    SystemClock_Config                       0x08005383   Thumb Code   136  main.o(i.SystemClock_Config)
    SystemInit                               0x0800540d   Thumb Code    12  system_stm32g4xx.o(i.SystemInit)
    TIM1_BRK_TIM15_IRQHandler                0x0800541d   Thumb Code     6  stm32g4xx_it.o(i.TIM1_BRK_TIM15_IRQHandler)
    TIM1_CC_IRQHandler                       0x08005429   Thumb Code     6  stm32g4xx_it.o(i.TIM1_CC_IRQHandler)
    TIM1_UP_TIM16_IRQHandler                 0x08005435   Thumb Code     6  stm32g4xx_it.o(i.TIM1_UP_TIM16_IRQHandler)
    TIM_Base_SetConfig                       0x08005441   Thumb Code   176  stm32g4xx_hal_tim.o(i.TIM_Base_SetConfig)
    TIM_CCxChannelCmd                        0x08005515   Thumb Code    26  stm32g4xx_hal_tim.o(i.TIM_CCxChannelCmd)
    TIM_ETR_SetConfig                        0x08005549   Thumb Code    20  stm32g4xx_hal_tim.o(i.TIM_ETR_SetConfig)
    TIM_OC2_SetConfig                        0x0800561d   Thumb Code   132  stm32g4xx_hal_tim.o(i.TIM_OC2_SetConfig)
    UART_AdvFeatureConfig                    0x0800597d   Thumb Code   200  stm32g4xx_hal_uart.o(i.UART_AdvFeatureConfig)
    UART_CheckIdleState                      0x08005a45   Thumb Code    96  stm32g4xx_hal_uart.o(i.UART_CheckIdleState)
    UART_SetConfig                           0x08005f11   Thumb Code   618  stm32g4xx_hal_uart.o(i.UART_SetConfig)
    UART_Start_Receive_IT                    0x080061ad   Thumb Code   198  stm32g4xx_hal_uart.o(i.UART_Start_Receive_IT)
    UART_WaitOnFlagUntilTimeout              0x08006285   Thumb Code   164  stm32g4xx_hal_uart.o(i.UART_WaitOnFlagUntilTimeout)
    USART1_IRQHandler                        0x08006329   Thumb Code     6  stm32g4xx_it.o(i.USART1_IRQHandler)
    UsageFault_Handler                       0x08006335   Thumb Code     2  stm32g4xx_it.o(i.UsageFault_Handler)
    WriteToAD2S1210                          0x08006339   Thumb Code   248  ad2s1210.o(i.WriteToAD2S1210)
    __0printf$1                              0x0800643d   Thumb Code    22  printf1.o(i.__0printf$1)
    __1printf$1                              0x0800643d   Thumb Code     0  printf1.o(i.__0printf$1)
    __2printf                                0x0800643d   Thumb Code     0  printf1.o(i.__0printf$1)
    __scatterload_copy                       0x0800647d   Thumb Code    14  handlers.o(i.__scatterload_copy)
    __scatterload_null                       0x0800648b   Thumb Code     2  handlers.o(i.__scatterload_null)
    __scatterload_zeroinit                   0x0800648d   Thumb Code    14  handlers.o(i.__scatterload_zeroinit)
    chipselect                               0x080065f1   Thumb Code    18  drv8301.o(i.chipselect)
    delay_init                               0x08006609   Thumb Code    16  delay.o(i.delay_init)
    delay_ms                                 0x0800661d   Thumb Code    10  delay.o(i.delay_ms)
    delay_us                                 0x08006629   Thumb Code    48  delay.o(i.delay_us)
    enablegate                               0x0800665d   Thumb Code    60  drv8301.o(i.enablegate)
    fputc                                    0x080066a1   Thumb Code    20  main.o(i.fputc)
    main                                     0x080066b9   Thumb Code   484  main.o(i.main)
    spi3init                                 0x080068e9   Thumb Code   174  drv8301.o(i.spi3init)
    spi3readword                             0x080069a5   Thumb Code    68  drv8301.o(i.spi3readword)
    spi3sck                                  0x080069ed   Thumb Code    18  drv8301.o(i.spi3sck)
    spi3writeword                            0x08006a05   Thumb Code    82  drv8301.o(i.spi3writeword)
    UARTPrescTable                           0x08006a70   Data          24  stm32g4xx_hal_uart.o(.constdata)
    AHBPrescTable                            0x08006a98   Data          16  system_stm32g4xx.o(.constdata)
    APBPrescTable                            0x08006aa8   Data           8  system_stm32g4xx.o(.constdata)
    Region$$Table$$Base                      0x08006ab0   Number         0  anon$$obj.o(Region$$Table)
    Region$$Table$$Limit                     0x08006ad0   Number         0  anon$$obj.o(Region$$Table)
    ADC_offset                               0x20000004   Data           1  main.o(.data)
    aRxBuffer                                0x20000006   Data           1  main.o(.data)
    IA_Offset                                0x20000008   Data           2  main.o(.data)
    IB_Offset                                0x2000000a   Data           2  main.o(.data)
    IC_Offset                                0x2000000c   Data           2  main.o(.data)
    adc1_in1                                 0x2000000e   Data           2  main.o(.data)
    adc1_in2                                 0x20000010   Data           2  main.o(.data)
    adc1_in3                                 0x20000012   Data           2  main.o(.data)
    adc_vbus                                 0x20000014   Data           2  main.o(.data)
    buf                                      0x20000016   Data           4  main.o(.data)
    Vbus                                     0x2000001c   Data           4  main.o(.data)
    Ia                                       0x20000020   Data           4  main.o(.data)
    Ib                                       0x20000024   Data           4  main.o(.data)
    Ic                                       0x20000028   Data           4  main.o(.data)
    uwTickPrio                               0x20000050   Data           4  stm32g4xx_hal.o(.data)
    uwTickFreq                               0x20000054   Data           4  stm32g4xx_hal.o(.data)
    uwTick                                   0x20000058   Data           4  stm32g4xx_hal.o(.data)
    SystemCoreClock                          0x2000005c   Data           4  system_stm32g4xx.o(.data)
    __stdout                                 0x20000060   Data           4  stdout.o(.data)
    load_data                                0x20000064   Data          28  main.o(.bss)
    TxHeader                                 0x20000080   Data          36  main.o(.bss)
    hadc1                                    0x200000a4   Data         108  adc.o(.bss)
    hadc2                                    0x20000110   Data         108  adc.o(.bss)
    hcomp1                                   0x2000017c   Data          36  comp.o(.bss)
    hdac1                                    0x200001a0   Data          20  dac.o(.bss)
    hdac3                                    0x200001b4   Data          20  dac.o(.bss)
    hfdcan1                                  0x200001c8   Data         100  fdcan.o(.bss)
    hopamp1                                  0x2000022c   Data          60  opamp.o(.bss)
    hopamp2                                  0x20000268   Data          60  opamp.o(.bss)
    hopamp3                                  0x200002a4   Data          60  opamp.o(.bss)
    htim1                                    0x200002e0   Data          76  tim.o(.bss)
    huart1                                   0x2000032c   Data         144  usart.o(.bss)
    hdma_usart1_tx                           0x200003bc   Data          96  usart.o(.bss)
    __initial_sp                             0x20000820   Data           0  startup_stm32g474xx.o(STACK)



==============================================================================

Memory Map of the image

  Image Entry point : 0x080001d9

  Load Region LR_IROM1 (Base: 0x08000000, Size: 0x00006b34, Max: 0x00080000, ABSOLUTE)

    Execution Region ER_IROM1 (Exec base: 0x08000000, Load base: 0x08000000, Size: 0x00006ad0, Max: 0x00080000, ABSOLUTE)

    Exec Addr    Load Addr    Size         Type   Attr      Idx    E Section Name        Object

    0x08000000   0x08000000   0x000001d8   Data   RO            3    RESET               startup_stm32g474xx.o
    0x080001d8   0x080001d8   0x00000000   Code   RO         5572  * .ARM.Collect$$$$00000000  mc_w.l(entry.o)
    0x080001d8   0x080001d8   0x00000004   Code   RO         5844    .ARM.Collect$$$$00000001  mc_w.l(entry2.o)
    0x080001dc   0x080001dc   0x00000004   Code   RO         5847    .ARM.Collect$$$$00000004  mc_w.l(entry5.o)
    0x080001e0   0x080001e0   0x00000000   Code   RO         5849    .ARM.Collect$$$$00000008  mc_w.l(entry7b.o)
    0x080001e0   0x080001e0   0x00000000   Code   RO         5851    .ARM.Collect$$$$0000000A  mc_w.l(entry8b.o)
    0x080001e0   0x080001e0   0x00000008   Code   RO         5852    .ARM.Collect$$$$0000000B  mc_w.l(entry9a.o)
    0x080001e8   0x080001e8   0x00000004   Code   RO         5859    .ARM.Collect$$$$0000000E  mc_w.l(entry12b.o)
    0x080001ec   0x080001ec   0x00000000   Code   RO         5854    .ARM.Collect$$$$0000000F  mc_w.l(entry10a.o)
    0x080001ec   0x080001ec   0x00000000   Code   RO         5856    .ARM.Collect$$$$00000011  mc_w.l(entry11a.o)
    0x080001ec   0x080001ec   0x00000004   Code   RO         5845    .ARM.Collect$$$$00002712  mc_w.l(entry2.o)
    0x080001f0   0x080001f0   0x00000024   Code   RO            4    .text               startup_stm32g474xx.o
    0x08000214   0x08000214   0x00000062   Code   RO         5575    .text               mc_w.l(uldiv.o)
    0x08000276   0x08000276   0x00000024   Code   RO         5577    .text               mc_w.l(memcpya.o)
    0x0800029a   0x0800029a   0x00000024   Code   RO         5579    .text               mc_w.l(memseta.o)
    0x080002be   0x080002be   0x0000002c   Code   RO         5861    .text               mc_w.l(uidiv.o)
    0x080002ea   0x080002ea   0x0000001e   Code   RO         5863    .text               mc_w.l(llshl.o)
    0x08000308   0x08000308   0x00000020   Code   RO         5865    .text               mc_w.l(llushr.o)
    0x08000328   0x08000328   0x00000024   Code   RO         5878    .text               mc_w.l(init.o)
    0x0800034c   0x0800034c   0x00000058   Code   RO          193    i.AD2S1210Initiate  ad2s1210.o
    0x080003a4   0x080003a4   0x00000044   Code   RO          194    i.AD2S1210SelectMode  ad2s1210.o
    0x080003e8   0x080003e8   0x0000001c   Code   RO          900    i.ADC1_2_IRQHandler  stm32g4xx_it.o
    0x08000404   0x08000404   0x00000070   Code   RO         1052    i.ADC_Disable       stm32g4xx_hal_adc.o
    0x08000474   0x08000474   0x00000074   Code   RO         1053    i.ADC_Enable        stm32g4xx_hal_adc.o
    0x080004e8   0x080004e8   0x00000002   Code   RO          901    i.BusFault_Handler  stm32g4xx_it.o
    0x080004ea   0x080004ea   0x00000002   PAD
    0x080004ec   0x080004ec   0x0000000c   Code   RO          902    i.COMP1_2_3_IRQHandler  stm32g4xx_it.o
    0x080004f8   0x080004f8   0x0000000c   Code   RO          903    i.DMA1_Channel1_IRQHandler  stm32g4xx_it.o
    0x08000504   0x08000504   0x00000040   Code   RO         2344    i.DMA_CalcDMAMUXChannelBaseAndMask  stm32g4xx_hal_dma.o
    0x08000544   0x08000544   0x00000024   Code   RO         2345    i.DMA_CalcDMAMUXRequestGenBaseAndMask  stm32g4xx_hal_dma.o
    0x08000568   0x08000568   0x0000003e   Code   RO         2346    i.DMA_SetConfig     stm32g4xx_hal_dma.o
    0x080005a6   0x080005a6   0x00000002   PAD
    0x080005a8   0x080005a8   0x00000030   Code   RO          337    i.DRV8301IDread     drv8301.o
    0x080005d8   0x080005d8   0x000000dc   Code   RO          338    i.DRV8301Init       drv8301.o
    0x080006b4   0x080006b4   0x00000002   Code   RO          904    i.DebugMon_Handler  stm32g4xx_it.o
    0x080006b6   0x080006b6   0x00000004   Code   RO          405    i.Error_Handler     main.o
    0x080006ba   0x080006ba   0x00000002   PAD
    0x080006bc   0x080006bc   0x0000000c   Code   RO          905    i.FDCAN1_IT0_IRQHandler  stm32g4xx_it.o
    0x080006c8   0x080006c8   0x00000094   Code   RO         1286    i.HAL_ADCEx_Calibration_Start  stm32g4xx_hal_adc_ex.o
    0x0800075c   0x0800075c   0x00000002   Code   RO         1290    i.HAL_ADCEx_EndOfSamplingCallback  stm32g4xx_hal_adc_ex.o
    0x0800075e   0x0800075e   0x00000002   PAD
    0x08000760   0x08000760   0x00000560   Code   RO         1292    i.HAL_ADCEx_InjectedConfigChannel  stm32g4xx_hal_adc_ex.o
    0x08000cc0   0x08000cc0   0x000000fc   Code   RO          407    i.HAL_ADCEx_InjectedConvCpltCallback  main.o
    0x08000dbc   0x08000dbc   0x00000002   Code   RO         1296    i.HAL_ADCEx_InjectedQueueOverflowCallback  stm32g4xx_hal_adc_ex.o
    0x08000dbe   0x08000dbe   0x00000002   PAD
    0x08000dc0   0x08000dc0   0x00000120   Code   RO         1297    i.HAL_ADCEx_InjectedStart  stm32g4xx_hal_adc_ex.o
    0x08000ee0   0x08000ee0   0x00000158   Code   RO         1298    i.HAL_ADCEx_InjectedStart_IT  stm32g4xx_hal_adc_ex.o
    0x08001038   0x08001038   0x00000002   Code   RO         1301    i.HAL_ADCEx_LevelOutOfWindow2Callback  stm32g4xx_hal_adc_ex.o
    0x0800103a   0x0800103a   0x00000002   Code   RO         1302    i.HAL_ADCEx_LevelOutOfWindow3Callback  stm32g4xx_hal_adc_ex.o
    0x0800103c   0x0800103c   0x00000160   Code   RO         1303    i.HAL_ADCEx_MultiModeConfigChannel  stm32g4xx_hal_adc_ex.o
    0x0800119c   0x0800119c   0x0000046c   Code   RO         1055    i.HAL_ADC_ConfigChannel  stm32g4xx_hal_adc.o
    0x08001608   0x08001608   0x00000002   Code   RO         1056    i.HAL_ADC_ConvCpltCallback  stm32g4xx_hal_adc.o
    0x0800160a   0x0800160a   0x00000002   Code   RO         1059    i.HAL_ADC_ErrorCallback  stm32g4xx_hal_adc.o
    0x0800160c   0x0800160c   0x00000006   Code   RO         1062    i.HAL_ADC_GetValue  stm32g4xx_hal_adc.o
    0x08001612   0x08001612   0x00000002   PAD
    0x08001614   0x08001614   0x000002b8   Code   RO         1063    i.HAL_ADC_IRQHandler  stm32g4xx_hal_adc.o
    0x080018cc   0x080018cc   0x00000238   Code   RO         1064    i.HAL_ADC_Init      stm32g4xx_hal_adc.o
    0x08001b04   0x08001b04   0x00000002   Code   RO         1065    i.HAL_ADC_LevelOutOfWindowCallback  stm32g4xx_hal_adc.o
    0x08001b06   0x08001b06   0x00000002   PAD
    0x08001b08   0x08001b08   0x000000d8   Code   RO          552    i.HAL_ADC_MspInit   adc.o
    0x08001be0   0x08001be0   0x00000138   Code   RO         1070    i.HAL_ADC_Start     stm32g4xx_hal_adc.o
    0x08001d18   0x08001d18   0x00000080   Code   RO         2990    i.HAL_COMP_IRQHandler  stm32g4xx_hal_comp.o
    0x08001d98   0x08001d98   0x00000240   Code   RO         2991    i.HAL_COMP_Init     stm32g4xx_hal_comp.o
    0x08001fd8   0x08001fd8   0x0000005c   Code   RO          601    i.HAL_COMP_MspInit  comp.o
    0x08002034   0x08002034   0x00000002   Code   RO         2997    i.HAL_COMP_TriggerCallback  stm32g4xx_hal_comp.o
    0x08002036   0x08002036   0x00000002   PAD
    0x08002038   0x08002038   0x000001b4   Code   RO         3082    i.HAL_DAC_ConfigChannel  stm32g4xx_hal_dac.o
    0x080021ec   0x080021ec   0x00000028   Code   RO         3092    i.HAL_DAC_Init      stm32g4xx_hal_dac.o
    0x08002214   0x08002214   0x00000078   Code   RO          643    i.HAL_DAC_MspInit   dac.o
    0x0800228c   0x0800228c   0x0000006a   Code   RO         2347    i.HAL_DMA_Abort     stm32g4xx_hal_dma.o
    0x080022f6   0x080022f6   0x00000078   Code   RO         2348    i.HAL_DMA_Abort_IT  stm32g4xx_hal_dma.o
    0x0800236e   0x0800236e   0x000000ba   Code   RO         2352    i.HAL_DMA_IRQHandler  stm32g4xx_hal_dma.o
    0x08002428   0x08002428   0x000000c0   Code   RO         2353    i.HAL_DMA_Init      stm32g4xx_hal_dma.o
    0x080024e8   0x080024e8   0x0000008c   Code   RO         2357    i.HAL_DMA_Start_IT  stm32g4xx_hal_dma.o
    0x08002574   0x08002574   0x00000006   Code   RO           13    i.HAL_Delay         delay.o
    0x0800257a   0x0800257a   0x00000002   Code   RO         3393    i.HAL_FDCAN_ErrorCallback  stm32g4xx_hal_fdcan.o
    0x0800257c   0x0800257c   0x00000002   Code   RO         3394    i.HAL_FDCAN_ErrorStatusCallback  stm32g4xx_hal_fdcan.o
    0x0800257e   0x0800257e   0x00000002   Code   RO         3409    i.HAL_FDCAN_HighPriorityMessageCallback  stm32g4xx_hal_fdcan.o
    0x08002580   0x08002580   0x00000160   Code   RO         3410    i.HAL_FDCAN_IRQHandler  stm32g4xx_hal_fdcan.o
    0x080026e0   0x080026e0   0x00000218   Code   RO         3411    i.HAL_FDCAN_Init    stm32g4xx_hal_fdcan.o
    0x080028f8   0x080028f8   0x00000070   Code   RO          715    i.HAL_FDCAN_MspInit  fdcan.o
    0x08002968   0x08002968   0x00000002   Code   RO         3418    i.HAL_FDCAN_RxFifo0Callback  stm32g4xx_hal_fdcan.o
    0x0800296a   0x0800296a   0x00000002   Code   RO         3419    i.HAL_FDCAN_RxFifo1Callback  stm32g4xx_hal_fdcan.o
    0x0800296c   0x0800296c   0x00000002   Code   RO         3422    i.HAL_FDCAN_TimeoutOccurredCallback  stm32g4xx_hal_fdcan.o
    0x0800296e   0x0800296e   0x00000002   Code   RO         3423    i.HAL_FDCAN_TimestampWraparoundCallback  stm32g4xx_hal_fdcan.o
    0x08002970   0x08002970   0x00000002   Code   RO         3424    i.HAL_FDCAN_TxBufferAbortCallback  stm32g4xx_hal_fdcan.o
    0x08002972   0x08002972   0x00000002   Code   RO         3425    i.HAL_FDCAN_TxBufferCompleteCallback  stm32g4xx_hal_fdcan.o
    0x08002974   0x08002974   0x00000002   Code   RO         3426    i.HAL_FDCAN_TxEventFifoCallback  stm32g4xx_hal_fdcan.o
    0x08002976   0x08002976   0x00000002   Code   RO         3427    i.HAL_FDCAN_TxFifoEmptyCallback  stm32g4xx_hal_fdcan.o
    0x08002978   0x08002978   0x000001c8   Code   RO         2209    i.HAL_GPIO_Init     stm32g4xx_hal_gpio.o
    0x08002b40   0x08002b40   0x0000000a   Code   RO         2211    i.HAL_GPIO_ReadPin  stm32g4xx_hal_gpio.o
    0x08002b4a   0x08002b4a   0x0000000a   Code   RO         2213    i.HAL_GPIO_WritePin  stm32g4xx_hal_gpio.o
    0x08002b54   0x08002b54   0x0000000c   Code   RO         1506    i.HAL_GetTick       stm32g4xx_hal.o
    0x08002b60   0x08002b60   0x00000010   Code   RO         1509    i.HAL_IncTick       stm32g4xx_hal.o
    0x08002b70   0x08002b70   0x0000001e   Code   RO         1510    i.HAL_Init          stm32g4xx_hal.o
    0x08002b8e   0x08002b8e   0x00000002   PAD
    0x08002b90   0x08002b90   0x00000044   Code   RO         1511    i.HAL_InitTick      stm32g4xx_hal.o
    0x08002bd4   0x08002bd4   0x00000030   Code   RO         1024    i.HAL_MspInit       stm32g4xx_hal_msp.o
    0x08002c04   0x08002c04   0x0000001a   Code   RO         2856    i.HAL_NVIC_EnableIRQ  stm32g4xx_hal_cortex.o
    0x08002c1e   0x08002c1e   0x00000002   PAD
    0x08002c20   0x08002c20   0x00000040   Code   RO         2862    i.HAL_NVIC_SetPriority  stm32g4xx_hal_cortex.o
    0x08002c60   0x08002c60   0x00000024   Code   RO         2863    i.HAL_NVIC_SetPriorityGrouping  stm32g4xx_hal_cortex.o
    0x08002c84   0x08002c84   0x000000f4   Code   RO         3755    i.HAL_OPAMP_Init    stm32g4xx_hal_opamp.o
    0x08002d78   0x08002d78   0x00000094   Code   RO          757    i.HAL_OPAMP_MspInit  opamp.o
    0x08002e0c   0x08002e0c   0x0000002c   Code   RO         3761    i.HAL_OPAMP_Start   stm32g4xx_hal_opamp.o
    0x08002e38   0x08002e38   0x000000bc   Code   RO         2612    i.HAL_PWREx_ControlVoltageScaling  stm32g4xx_hal_pwr_ex.o
    0x08002ef4   0x08002ef4   0x00000010   Code   RO         2624    i.HAL_PWREx_DisableUCPDDeadBattery  stm32g4xx_hal_pwr_ex.o
    0x08002f04   0x08002f04   0x00000300   Code   RO         1855    i.HAL_RCCEx_PeriphCLKConfig  stm32g4xx_hal_rcc_ex.o
    0x08003204   0x08003204   0x000001dc   Code   RO         1730    i.HAL_RCC_ClockConfig  stm32g4xx_hal_rcc.o
    0x080033e0   0x080033e0   0x0000000c   Code   RO         1736    i.HAL_RCC_GetHCLKFreq  stm32g4xx_hal_rcc.o
    0x080033ec   0x080033ec   0x00000024   Code   RO         1738    i.HAL_RCC_GetPCLK1Freq  stm32g4xx_hal_rcc.o
    0x08003410   0x08003410   0x00000024   Code   RO         1739    i.HAL_RCC_GetPCLK2Freq  stm32g4xx_hal_rcc.o
    0x08003434   0x08003434   0x0000006c   Code   RO         1740    i.HAL_RCC_GetSysClockFreq  stm32g4xx_hal_rcc.o
    0x080034a0   0x080034a0   0x0000040c   Code   RO         1743    i.HAL_RCC_OscConfig  stm32g4xx_hal_rcc.o
    0x080038ac   0x080038ac   0x00000018   Code   RO         2865    i.HAL_SYSTICK_CLKSourceConfig  stm32g4xx_hal_cortex.o
    0x080038c4   0x080038c4   0x00000028   Code   RO         2867    i.HAL_SYSTICK_Config  stm32g4xx_hal_cortex.o
    0x080038ec   0x080038ec   0x00000002   Code   RO         4576    i.HAL_TIMEx_Break2Callback  stm32g4xx_hal_tim_ex.o
    0x080038ee   0x080038ee   0x00000002   Code   RO         4577    i.HAL_TIMEx_BreakCallback  stm32g4xx_hal_tim_ex.o
    0x080038f0   0x080038f0   0x00000002   Code   RO         4578    i.HAL_TIMEx_CommutCallback  stm32g4xx_hal_tim_ex.o
    0x080038f2   0x080038f2   0x00000002   PAD
    0x080038f4   0x080038f4   0x000000cc   Code   RO         4581    i.HAL_TIMEx_ConfigBreakDeadTime  stm32g4xx_hal_tim_ex.o
    0x080039c0   0x080039c0   0x000000de   Code   RO         4582    i.HAL_TIMEx_ConfigBreakInput  stm32g4xx_hal_tim_ex.o
    0x08003a9e   0x08003a9e   0x00000002   Code   RO         4589    i.HAL_TIMEx_DirectionChangeCallback  stm32g4xx_hal_tim_ex.o
    0x08003aa0   0x08003aa0   0x00000002   Code   RO         4603    i.HAL_TIMEx_EncoderIndexCallback  stm32g4xx_hal_tim_ex.o
    0x08003aa2   0x08003aa2   0x00000002   Code   RO         4617    i.HAL_TIMEx_IndexErrorCallback  stm32g4xx_hal_tim_ex.o
    0x08003aa4   0x08003aa4   0x000000b8   Code   RO         4618    i.HAL_TIMEx_MasterConfigSynchronization  stm32g4xx_hal_tim_ex.o
    0x08003b5c   0x08003b5c   0x000000cc   Code   RO         4630    i.HAL_TIMEx_PWMN_Start  stm32g4xx_hal_tim_ex.o
    0x08003c28   0x08003c28   0x00000002   Code   RO         4639    i.HAL_TIMEx_TransitionErrorCallback  stm32g4xx_hal_tim_ex.o
    0x08003c2a   0x08003c2a   0x00000062   Code   RO         3862    i.HAL_TIM_Base_Init  stm32g4xx_hal_tim.o
    0x08003c8c   0x08003c8c   0x0000005c   Code   RO          811    i.HAL_TIM_Base_MspInit  tim.o
    0x08003ce8   0x08003ce8   0x00000080   Code   RO         3865    i.HAL_TIM_Base_Start  stm32g4xx_hal_tim.o
    0x08003d68   0x08003d68   0x000000e0   Code   RO         3871    i.HAL_TIM_ConfigClockSource  stm32g4xx_hal_tim.o
    0x08003e48   0x08003e48   0x00000002   Code   RO         3896    i.HAL_TIM_IC_CaptureCallback  stm32g4xx_hal_tim.o
    0x08003e4a   0x08003e4a   0x000001fc   Code   RO         3910    i.HAL_TIM_IRQHandler  stm32g4xx_hal_tim.o
    0x08004046   0x08004046   0x00000002   PAD
    0x08004048   0x08004048   0x00000094   Code   RO          812    i.HAL_TIM_MspPostInit  tim.o
    0x080040dc   0x080040dc   0x00000002   Code   RO         3913    i.HAL_TIM_OC_DelayElapsedCallback  stm32g4xx_hal_tim.o
    0x080040de   0x080040de   0x0000011e   Code   RO         3934    i.HAL_TIM_PWM_ConfigChannel  stm32g4xx_hal_tim.o
    0x080041fc   0x080041fc   0x00000062   Code   RO         3937    i.HAL_TIM_PWM_Init  stm32g4xx_hal_tim.o
    0x0800425e   0x0800425e   0x00000002   Code   RO         3939    i.HAL_TIM_PWM_MspInit  stm32g4xx_hal_tim.o
    0x08004260   0x08004260   0x00000002   Code   RO         3940    i.HAL_TIM_PWM_PulseFinishedCallback  stm32g4xx_hal_tim.o
    0x08004262   0x08004262   0x00000002   PAD
    0x08004264   0x08004264   0x00000114   Code   RO         3942    i.HAL_TIM_PWM_Start  stm32g4xx_hal_tim.o
    0x08004378   0x08004378   0x00000002   Code   RO         3948    i.HAL_TIM_PeriodElapsedCallback  stm32g4xx_hal_tim.o
    0x0800437a   0x0800437a   0x00000002   Code   RO         3953    i.HAL_TIM_TriggerCallback  stm32g4xx_hal_tim.o
    0x0800437c   0x0800437c   0x0000003e   Code   RO         5425    i.HAL_UARTEx_DisableFifoMode  stm32g4xx_hal_uart_ex.o
    0x080043ba   0x080043ba   0x00000002   Code   RO         5014    i.HAL_UARTEx_RxEventCallback  stm32g4xx_hal_uart.o
    0x080043bc   0x080043bc   0x00000002   Code   RO         5432    i.HAL_UARTEx_RxFifoFullCallback  stm32g4xx_hal_uart_ex.o
    0x080043be   0x080043be   0x0000004c   Code   RO         5433    i.HAL_UARTEx_SetRxFifoThreshold  stm32g4xx_hal_uart_ex.o
    0x0800440a   0x0800440a   0x0000004c   Code   RO         5434    i.HAL_UARTEx_SetTxFifoThreshold  stm32g4xx_hal_uart_ex.o
    0x08004456   0x08004456   0x00000002   Code   RO         5436    i.HAL_UARTEx_TxFifoEmptyCallback  stm32g4xx_hal_uart_ex.o
    0x08004458   0x08004458   0x00000002   Code   RO         5437    i.HAL_UARTEx_WakeupCallback  stm32g4xx_hal_uart_ex.o
    0x0800445a   0x0800445a   0x00000002   Code   RO         5030    i.HAL_UART_ErrorCallback  stm32g4xx_hal_uart.o
    0x0800445c   0x0800445c   0x00000284   Code   RO         5033    i.HAL_UART_IRQHandler  stm32g4xx_hal_uart.o
    0x080046e0   0x080046e0   0x0000006a   Code   RO         5034    i.HAL_UART_Init     stm32g4xx_hal_uart.o
    0x0800474a   0x0800474a   0x00000002   PAD
    0x0800474c   0x0800474c   0x000000a8   Code   RO          859    i.HAL_UART_MspInit  usart.o
    0x080047f4   0x080047f4   0x0000004c   Code   RO         5039    i.HAL_UART_Receive_IT  stm32g4xx_hal_uart.o
    0x08004840   0x08004840   0x00000002   Code   RO         5041    i.HAL_UART_RxCpltCallback  stm32g4xx_hal_uart.o
    0x08004842   0x08004842   0x000000bc   Code   RO         5043    i.HAL_UART_Transmit  stm32g4xx_hal_uart.o
    0x080048fe   0x080048fe   0x00000002   PAD
    0x08004900   0x08004900   0x00000098   Code   RO         5044    i.HAL_UART_Transmit_DMA  stm32g4xx_hal_uart.o
    0x08004998   0x08004998   0x00000002   Code   RO         5046    i.HAL_UART_TxCpltCallback  stm32g4xx_hal_uart.o
    0x0800499a   0x0800499a   0x00000002   Code   RO         5047    i.HAL_UART_TxHalfCpltCallback  stm32g4xx_hal_uart.o
    0x0800499c   0x0800499c   0x00000002   Code   RO          906    i.HardFault_Handler  stm32g4xx_it.o
    0x0800499e   0x0800499e   0x0000000c   Code   RO         1078    i.LL_ADC_GetOffsetChannel  stm32g4xx_hal_adc.o
    0x080049aa   0x080049aa   0x0000000c   Code   RO         1311    i.LL_ADC_GetOffsetChannel  stm32g4xx_hal_adc_ex.o
    0x080049b6   0x080049b6   0x00000008   Code   RO         1079    i.LL_ADC_INJ_IsConversionOngoing  stm32g4xx_hal_adc.o
    0x080049be   0x080049be   0x00000008   Code   RO         1312    i.LL_ADC_INJ_IsConversionOngoing  stm32g4xx_hal_adc_ex.o
    0x080049c6   0x080049c6   0x00000008   Code   RO         1080    i.LL_ADC_REG_IsConversionOngoing  stm32g4xx_hal_adc.o
    0x080049ce   0x080049ce   0x00000008   Code   RO         1313    i.LL_ADC_REG_IsConversionOngoing  stm32g4xx_hal_adc_ex.o
    0x080049d6   0x080049d6   0x00000010   Code   RO         1081    i.LL_ADC_REG_IsTriggerSourceSWStart  stm32g4xx_hal_adc.o
    0x080049e6   0x080049e6   0x0000001e   Code   RO         1083    i.LL_ADC_SetChannelSamplingTime  stm32g4xx_hal_adc.o
    0x08004a04   0x08004a04   0x0000001e   Code   RO         1314    i.LL_ADC_SetChannelSamplingTime  stm32g4xx_hal_adc_ex.o
    0x08004a22   0x08004a22   0x00000010   Code   RO         1084    i.LL_ADC_SetOffsetState  stm32g4xx_hal_adc.o
    0x08004a32   0x08004a32   0x00000010   Code   RO         1315    i.LL_ADC_SetOffsetState  stm32g4xx_hal_adc_ex.o
    0x08004a42   0x08004a42   0x00000002   PAD
    0x08004a44   0x08004a44   0x000000f4   Code   RO          553    i.MX_ADC1_Init      adc.o
    0x08004b38   0x08004b38   0x000000c0   Code   RO          554    i.MX_ADC2_Init      adc.o
    0x08004bf8   0x08004bf8   0x00000038   Code   RO          602    i.MX_COMP1_Init     comp.o
    0x08004c30   0x08004c30   0x00000058   Code   RO          644    i.MX_DAC1_Init      dac.o
    0x08004c88   0x08004c88   0x00000058   Code   RO          645    i.MX_DAC3_Init      dac.o
    0x08004ce0   0x08004ce0   0x0000003c   Code   RO          690    i.MX_DMA_Init       dma.o
    0x08004d1c   0x08004d1c   0x00000050   Code   RO          716    i.MX_FDCAN1_Init    fdcan.o
    0x08004d6c   0x08004d6c   0x00000160   Code   RO          527    i.MX_GPIO_Init      gpio.o
    0x08004ecc   0x08004ecc   0x00000034   Code   RO          758    i.MX_OPAMP1_Init    opamp.o
    0x08004f00   0x08004f00   0x00000034   Code   RO          759    i.MX_OPAMP2_Init    opamp.o
    0x08004f34   0x08004f34   0x00000034   Code   RO          760    i.MX_OPAMP3_Init    opamp.o
    0x08004f68   0x08004f68   0x00000140   Code   RO          813    i.MX_TIM1_Init      tim.o
    0x080050a8   0x080050a8   0x00000068   Code   RO          860    i.MX_USART1_UART_Init  usart.o
    0x08005110   0x08005110   0x00000002   Code   RO          907    i.MemManage_Handler  stm32g4xx_it.o
    0x08005112   0x08005112   0x00000002   Code   RO          908    i.NMI_Handler       stm32g4xx_it.o
    0x08005114   0x08005114   0x00000002   Code   RO          909    i.PendSV_Handler    stm32g4xx_it.o
    0x08005116   0x08005116   0x00000002   PAD
    0x08005118   0x08005118   0x00000198   Code   RO          196    i.ReadFromAD2S1210  ad2s1210.o
    0x080052b0   0x080052b0   0x00000068   Code   RO          197    i.SPIRead           ad2s1210.o
    0x08005318   0x08005318   0x00000064   Code   RO          198    i.SPIWrite          ad2s1210.o
    0x0800537c   0x0800537c   0x00000002   Code   RO          910    i.SVC_Handler       stm32g4xx_it.o
    0x0800537e   0x0800537e   0x00000004   Code   RO          911    i.SysTick_Handler   stm32g4xx_it.o
    0x08005382   0x08005382   0x00000088   Code   RO          408    i.SystemClock_Config  main.o
    0x0800540a   0x0800540a   0x00000002   PAD
    0x0800540c   0x0800540c   0x00000010   Code   RO         5538    i.SystemInit        system_stm32g4xx.o
    0x0800541c   0x0800541c   0x0000000c   Code   RO          912    i.TIM1_BRK_TIM15_IRQHandler  stm32g4xx_it.o
    0x08005428   0x08005428   0x0000000c   Code   RO          913    i.TIM1_CC_IRQHandler  stm32g4xx_it.o
    0x08005434   0x08005434   0x0000000c   Code   RO          914    i.TIM1_UP_TIM16_IRQHandler  stm32g4xx_it.o
    0x08005440   0x08005440   0x000000d4   Code   RO         3955    i.TIM_Base_SetConfig  stm32g4xx_hal_tim.o
    0x08005514   0x08005514   0x0000001a   Code   RO         3956    i.TIM_CCxChannelCmd  stm32g4xx_hal_tim.o
    0x0800552e   0x0800552e   0x0000001a   Code   RO         4642    i.TIM_CCxNChannelCmd  stm32g4xx_hal_tim_ex.o
    0x08005548   0x08005548   0x00000014   Code   RO         3966    i.TIM_ETR_SetConfig  stm32g4xx_hal_tim.o
    0x0800555c   0x0800555c   0x00000014   Code   RO         3967    i.TIM_ITRx_SetConfig  stm32g4xx_hal_tim.o
    0x08005570   0x08005570   0x000000ac   Code   RO         3968    i.TIM_OC1_SetConfig  stm32g4xx_hal_tim.o
    0x0800561c   0x0800561c   0x000000a0   Code   RO         3969    i.TIM_OC2_SetConfig  stm32g4xx_hal_tim.o
    0x080056bc   0x080056bc   0x000000a0   Code   RO         3970    i.TIM_OC3_SetConfig  stm32g4xx_hal_tim.o
    0x0800575c   0x0800575c   0x000000a0   Code   RO         3971    i.TIM_OC4_SetConfig  stm32g4xx_hal_tim.o
    0x080057fc   0x080057fc   0x00000078   Code   RO         3972    i.TIM_OC5_SetConfig  stm32g4xx_hal_tim.o
    0x08005874   0x08005874   0x0000007c   Code   RO         3973    i.TIM_OC6_SetConfig  stm32g4xx_hal_tim.o
    0x080058f0   0x080058f0   0x00000022   Code   RO         3975    i.TIM_TI1_ConfigInputStage  stm32g4xx_hal_tim.o
    0x08005912   0x08005912   0x00000024   Code   RO         3977    i.TIM_TI2_ConfigInputStage  stm32g4xx_hal_tim.o
    0x08005936   0x08005936   0x00000002   PAD
    0x08005938   0x08005938   0x00000044   Code   RO         5438    i.UARTEx_SetNbDataToProcess  stm32g4xx_hal_uart_ex.o
    0x0800597c   0x0800597c   0x000000c8   Code   RO         5048    i.UART_AdvFeatureConfig  stm32g4xx_hal_uart.o
    0x08005a44   0x08005a44   0x00000060   Code   RO         5049    i.UART_CheckIdleState  stm32g4xx_hal_uart.o
    0x08005aa4   0x08005aa4   0x00000014   Code   RO         5050    i.UART_DMAAbortOnError  stm32g4xx_hal_uart.o
    0x08005ab8   0x08005ab8   0x00000050   Code   RO         5051    i.UART_DMAError     stm32g4xx_hal_uart.o
    0x08005b08   0x08005b08   0x00000030   Code   RO         5056    i.UART_DMATransmitCplt  stm32g4xx_hal_uart.o
    0x08005b38   0x08005b38   0x0000000a   Code   RO         5058    i.UART_DMATxHalfCplt  stm32g4xx_hal_uart.o
    0x08005b42   0x08005b42   0x00000002   PAD
    0x08005b44   0x08005b44   0x00000038   Code   RO         5060    i.UART_EndRxTransfer  stm32g4xx_hal_uart.o
    0x08005b7c   0x08005b7c   0x0000001c   Code   RO         5061    i.UART_EndTxTransfer  stm32g4xx_hal_uart.o
    0x08005b98   0x08005b98   0x00000080   Code   RO         5062    i.UART_RxISR_16BIT  stm32g4xx_hal_uart.o
    0x08005c18   0x08005c18   0x0000013c   Code   RO         5063    i.UART_RxISR_16BIT_FIFOEN  stm32g4xx_hal_uart.o
    0x08005d54   0x08005d54   0x00000080   Code   RO         5064    i.UART_RxISR_8BIT   stm32g4xx_hal_uart.o
    0x08005dd4   0x08005dd4   0x0000013c   Code   RO         5065    i.UART_RxISR_8BIT_FIFOEN  stm32g4xx_hal_uart.o
    0x08005f10   0x08005f10   0x0000029c   Code   RO         5066    i.UART_SetConfig    stm32g4xx_hal_uart.o
    0x080061ac   0x080061ac   0x000000d8   Code   RO         5068    i.UART_Start_Receive_IT  stm32g4xx_hal_uart.o
    0x08006284   0x08006284   0x000000a4   Code   RO         5073    i.UART_WaitOnFlagUntilTimeout  stm32g4xx_hal_uart.o
    0x08006328   0x08006328   0x0000000c   Code   RO          915    i.USART1_IRQHandler  stm32g4xx_it.o
    0x08006334   0x08006334   0x00000002   Code   RO          916    i.UsageFault_Handler  stm32g4xx_it.o
    0x08006336   0x08006336   0x00000002   PAD
    0x08006338   0x08006338   0x00000104   Code   RO          199    i.WriteToAD2S1210   ad2s1210.o
    0x0800643c   0x0800643c   0x00000020   Code   RO         5628    i.__0printf$1       mc_w.l(printf1.o)
    0x0800645c   0x0800645c   0x00000020   Code   RO         2869    i.__NVIC_SetPriority  stm32g4xx_hal_cortex.o
    0x0800647c   0x0800647c   0x0000000e   Code   RO         5886    i.__scatterload_copy  mc_w.l(handlers.o)
    0x0800648a   0x0800648a   0x00000002   Code   RO         5887    i.__scatterload_null  mc_w.l(handlers.o)
    0x0800648c   0x0800648c   0x0000000e   Code   RO         5888    i.__scatterload_zeroinit  mc_w.l(handlers.o)
    0x0800649a   0x0800649a   0x00000002   PAD
    0x0800649c   0x0800649c   0x00000154   Code   RO         5635    i._printf_core      mc_w.l(printf1.o)
    0x080065f0   0x080065f0   0x00000018   Code   RO          339    i.chipselect        drv8301.o
    0x08006608   0x08006608   0x00000014   Code   RO           14    i.delay_init        delay.o
    0x0800661c   0x0800661c   0x0000000a   Code   RO           15    i.delay_ms          delay.o
    0x08006626   0x08006626   0x00000002   PAD
    0x08006628   0x08006628   0x00000034   Code   RO           16    i.delay_us          delay.o
    0x0800665c   0x0800665c   0x00000044   Code   RO          340    i.enablegate        drv8301.o
    0x080066a0   0x080066a0   0x00000018   Code   RO          410    i.fputc             main.o
    0x080066b8   0x080066b8   0x00000230   Code   RO          411    i.main              main.o
    0x080068e8   0x080068e8   0x000000bc   Code   RO          341    i.spi3init          drv8301.o
    0x080069a4   0x080069a4   0x00000048   Code   RO          342    i.spi3readword      drv8301.o
    0x080069ec   0x080069ec   0x00000018   Code   RO          343    i.spi3sck           drv8301.o
    0x08006a04   0x08006a04   0x00000058   Code   RO          344    i.spi3writeword     drv8301.o
    0x08006a5c   0x08006a5c   0x00000014   Data   RO          415    .constdata          main.o
    0x08006a70   0x08006a70   0x00000018   Data   RO         5074    .constdata          stm32g4xx_hal_uart.o
    0x08006a88   0x08006a88   0x00000010   Data   RO         5439    .constdata          stm32g4xx_hal_uart_ex.o
    0x08006a98   0x08006a98   0x00000010   Data   RO         5539    .constdata          system_stm32g4xx.o
    0x08006aa8   0x08006aa8   0x00000008   Data   RO         5540    .constdata          system_stm32g4xx.o
    0x08006ab0   0x08006ab0   0x00000020   Data   RO         5884    Region$$Table       anon$$obj.o


    Execution Region RW_IRAM1 (Exec base: 0x20000000, Load base: 0x08006ad0, Size: 0x00000820, Max: 0x00020000, ABSOLUTE)

    Exec Addr    Load Addr    Size         Type   Attr      Idx    E Section Name        Object

    0x20000000   0x08006ad0   0x00000004   Data   RW           17    .data               delay.o
    0x20000004   0x08006ad4   0x00000048   Data   RW          416    .data               main.o
    0x2000004c   0x08006b1c   0x00000004   Data   RW          556    .data               adc.o
    0x20000050   0x08006b20   0x0000000c   Data   RW         1530    .data               stm32g4xx_hal.o
    0x2000005c   0x08006b2c   0x00000004   Data   RW         5541    .data               system_stm32g4xx.o
    0x20000060   0x08006b30   0x00000004   Data   RW         5860    .data               mc_w.l(stdout.o)
    0x20000064        -       0x00000040   Zero   RW          413    .bss                main.o
    0x200000a4        -       0x000000d8   Zero   RW          555    .bss                adc.o
    0x2000017c        -       0x00000024   Zero   RW          603    .bss                comp.o
    0x200001a0        -       0x00000028   Zero   RW          646    .bss                dac.o
    0x200001c8        -       0x00000064   Zero   RW          717    .bss                fdcan.o
    0x2000022c        -       0x000000b4   Zero   RW          761    .bss                opamp.o
    0x200002e0        -       0x0000004c   Zero   RW          814    .bss                tim.o
    0x2000032c        -       0x000000f0   Zero   RW          861    .bss                usart.o
    0x2000041c   0x08006b34   0x00000004   PAD
    0x20000420        -       0x00000400   Zero   RW            1    STACK               startup_stm32g474xx.o


==============================================================================

Image component sizes


      Code (inc. data)   RO Data    RW Data    ZI Data      Debug   Object Name

      1028         46          0          0          0       4406   ad2s1210.o
       652         46          0          4        216       2914   adc.o
       148         22          0          0         36       1724   comp.o
       296         32          0          0         40       2466   dac.o
        88          8          0          4          0     961372   delay.o
        60          4          0          0          0        842   dma.o
       732        136          0          0          0       7006   drv8301.o
       192         16          0          0        100       1799   fdcan.o
       352         26          0          0          0       1143   gpio.o
       976        104         20         72         64       6730   main.o
       304         44          0          0        180       3033   opamp.o
        36          8        472          0       1024        852   startup_stm32g474xx.o
       126         20          0         12          0       3773   stm32g4xx_hal.o
      3038        172          0          0          0      82356   stm32g4xx_hal_adc.o
      2590        154          0          0          0      80498   stm32g4xx_hal_adc_ex.o
       706         46          0          0          0       8557   stm32g4xx_hal_comp.o
       222         14          0          0          0      34581   stm32g4xx_hal_cortex.o
       476          8          0          0          0       2591   stm32g4xx_hal_dac.o
       906         30          0          0          0       6702   stm32g4xx_hal_dma.o
       910         24          0          0          0      11529   stm32g4xx_hal_fdcan.o
       476         34          0          0          0       3167   stm32g4xx_hal_gpio.o
        48          6          0          0          0        894   stm32g4xx_hal_msp.o
       288          8          0          0          0       2507   stm32g4xx_hal_opamp.o
       204         18          0          0          0       1433   stm32g4xx_hal_pwr_ex.o
      1704         94          0          0          0       6560   stm32g4xx_hal_rcc.o
       768         10          0          0          0       1992   stm32g4xx_hal_rcc_ex.o
      2874        290          0          0          0      19695   stm32g4xx_hal_tim.o
       854         80          0          0          0       9244   stm32g4xx_hal_tim_ex.o
      3650        144         24          0          0      40390   stm32g4xx_hal_uart.o
       288          6         16          0          0       5486   stm32g4xx_hal_uart_ex.o
       132         52          0          0          0       8264   stm32g4xx_it.o
        16          4         24          4          0       1175   system_stm32g4xx.o
       560         30          0          0         76       2740   tim.o
       272         32          0          0        240       1897   usart.o

    ----------------------------------------------------------------------
     26016       1768        588         96       1980    1330318   Object Totals
         0          0         32          0          0          0   (incl. Generated)
        44          0          0          0          4          0   (incl. Padding)

    ----------------------------------------------------------------------

      Code (inc. data)   RO Data    RW Data    ZI Data      Debug   Library Member Name

         0          0          0          0          0          0   entry.o
         0          0          0          0          0          0   entry10a.o
         0          0          0          0          0          0   entry11a.o
         4          0          0          0          0          0   entry12b.o
         8          4          0          0          0          0   entry2.o
         4          0          0          0          0          0   entry5.o
         0          0          0          0          0          0   entry7b.o
         0          0          0          0          0          0   entry8b.o
         8          4          0          0          0          0   entry9a.o
        30          0          0          0          0          0   handlers.o
        36          8          0          0          0         68   init.o
        30          0          0          0          0         68   llshl.o
        32          0          0          0          0         68   llushr.o
        36          0          0          0          0         68   memcpya.o
        36          0          0          0          0        108   memseta.o
       372         14          0          0          0        184   printf1.o
         0          0          0          4          0          0   stdout.o
        44          0          0          0          0         80   uidiv.o
        98          0          0          0          0         92   uldiv.o

    ----------------------------------------------------------------------
       740         30          0          4          0        736   Library Totals
         2          0          0          0          0          0   (incl. Padding)

    ----------------------------------------------------------------------

      Code (inc. data)   RO Data    RW Data    ZI Data      Debug   Library Name

       738         30          0          4          0        736   mc_w.l

    ----------------------------------------------------------------------
       740         30          0          4          0        736   Library Totals

    ----------------------------------------------------------------------

==============================================================================


      Code (inc. data)   RO Data    RW Data    ZI Data      Debug   

     26756       1798        588        100       1980    1310446   Grand Totals
     26756       1798        588        100       1980    1310446   ELF Image Totals
     26756       1798        588        100          0          0   ROM Totals

==============================================================================

    Total RO  Size (Code + RO Data)                27344 (  26.70kB)
    Total RW  Size (RW Data + ZI Data)              2080 (   2.03kB)
    Total ROM Size (Code + RO Data + RW Data)      27444 (  26.80kB)

==============================================================================

