Component: ARM Compiler 5.06 update 7 (build 960) Tool: armlink [4d3601]

==============================================================================

Section Cross References

    startup_stm32g474xx.o(STACK) refers (Special) to heapauxi.o(.text) for __use_two_region_memory
    startup_stm32g474xx.o(HEAP) refers (Special) to heapauxi.o(.text) for __use_two_region_memory
    startup_stm32g474xx.o(RESET) refers (Special) to heapauxi.o(.text) for __use_two_region_memory
    startup_stm32g474xx.o(RESET) refers to startup_stm32g474xx.o(STACK) for __initial_sp
    startup_stm32g474xx.o(RESET) refers to startup_stm32g474xx.o(.text) for Reset_Handler
    startup_stm32g474xx.o(RESET) refers to stm32g4xx_it.o(i.NMI_Handler) for NMI_Handler
    startup_stm32g474xx.o(RESET) refers to stm32g4xx_it.o(i.HardFault_Handler) for HardFault_Handler
    startup_stm32g474xx.o(RESET) refers to stm32g4xx_it.o(i.MemManage_Handler) for MemManage_Handler
    startup_stm32g474xx.o(RESET) refers to stm32g4xx_it.o(i.BusFault_Handler) for BusFault_Handler
    startup_stm32g474xx.o(RESET) refers to stm32g4xx_it.o(i.UsageFault_Handler) for UsageFault_Handler
    startup_stm32g474xx.o(RESET) refers to stm32g4xx_it.o(i.SVC_Handler) for SVC_Handler
    startup_stm32g474xx.o(RESET) refers to stm32g4xx_it.o(i.DebugMon_Handler) for DebugMon_Handler
    startup_stm32g474xx.o(RESET) refers to stm32g4xx_it.o(i.PendSV_Handler) for PendSV_Handler
    startup_stm32g474xx.o(RESET) refers to stm32g4xx_it.o(i.SysTick_Handler) for SysTick_Handler
    startup_stm32g474xx.o(RESET) refers to stm32g4xx_it.o(i.DMA1_Channel1_IRQHandler) for DMA1_Channel1_IRQHandler
    startup_stm32g474xx.o(RESET) refers to stm32g4xx_it.o(i.ADC1_2_IRQHandler) for ADC1_2_IRQHandler
    startup_stm32g474xx.o(RESET) refers to stm32g4xx_it.o(i.FDCAN1_IT0_IRQHandler) for FDCAN1_IT0_IRQHandler
    startup_stm32g474xx.o(RESET) refers to stm32g4xx_it.o(i.TIM1_BRK_TIM15_IRQHandler) for TIM1_BRK_TIM15_IRQHandler
    startup_stm32g474xx.o(RESET) refers to stm32g4xx_it.o(i.TIM1_UP_TIM16_IRQHandler) for TIM1_UP_TIM16_IRQHandler
    startup_stm32g474xx.o(RESET) refers to stm32g4xx_it.o(i.TIM1_CC_IRQHandler) for TIM1_CC_IRQHandler
    startup_stm32g474xx.o(RESET) refers to stm32g4xx_it.o(i.USART1_IRQHandler) for USART1_IRQHandler
    startup_stm32g474xx.o(RESET) refers to stm32g4xx_it.o(i.USART3_IRQHandler) for USART3_IRQHandler
    startup_stm32g474xx.o(RESET) refers to stm32g4xx_it.o(i.COMP1_2_3_IRQHandler) for COMP1_2_3_IRQHandler
    startup_stm32g474xx.o(.text) refers (Special) to heapauxi.o(.text) for __use_two_region_memory
    startup_stm32g474xx.o(.text) refers to system_stm32g4xx.o(i.SystemInit) for SystemInit
    startup_stm32g474xx.o(.text) refers to __main.o(!!!main) for __main
    startup_stm32g474xx.o(.text) refers to startup_stm32g474xx.o(HEAP) for Heap_Mem
    startup_stm32g474xx.o(.text) refers to startup_stm32g474xx.o(STACK) for Stack_Mem
    delay.o(i.HAL_Delay) refers to delay.o(i.delay_ms) for delay_ms
    delay.o(i.delay_init) refers to stm32g4xx_hal_cortex.o(i.HAL_SYSTICK_CLKSourceConfig) for HAL_SYSTICK_CLKSourceConfig
    delay.o(i.delay_init) refers to delay.o(.data) for .data
    delay.o(i.delay_ms) refers to delay.o(i.delay_us) for delay_us
    delay.o(i.delay_us) refers to delay.o(.data) for .data
    sys.o(i.sys_stm32_clock_init) refers to rt_memclr_w.o(.text) for __aeabi_memclr4
    sys.o(i.sys_stm32_clock_init) refers to stm32g4xx_hal_pwr_ex.o(i.HAL_PWREx_ControlVoltageScaling) for HAL_PWREx_ControlVoltageScaling
    sys.o(i.sys_stm32_clock_init) refers to stm32g4xx_hal_rcc.o(i.HAL_RCC_OscConfig) for HAL_RCC_OscConfig
    sys.o(i.sys_stm32_clock_init) refers to stm32g4xx_hal_rcc.o(i.HAL_RCC_ClockConfig) for HAL_RCC_ClockConfig
    sys.o(i.sys_stm32_clock_init) refers to stm32g4xx_hal.o(i.HAL_GetREVID) for HAL_GetREVID
    main.o(i.FDCAN_Config) refers to stm32g4xx_hal_fdcan.o(i.HAL_FDCAN_ActivateNotification) for HAL_FDCAN_ActivateNotification
    main.o(i.FDCAN_Config) refers to stm32g4xx_hal_fdcan.o(i.HAL_FDCAN_ConfigFilter) for HAL_FDCAN_ConfigFilter
    main.o(i.FDCAN_Config) refers to stm32g4xx_hal_fdcan.o(i.HAL_FDCAN_Start) for HAL_FDCAN_Start
    main.o(i.FDCAN_Config) refers to fdcan.o(.bss) for hfdcan1
    main.o(i.FDCAN_Config) refers to main.o(.bss) for .bss
    main.o(i.HAL_ADCEx_InjectedConvCpltCallback) refers to currloop.o(i.currloop_step) for currloop_step
    main.o(i.HAL_ADCEx_InjectedConvCpltCallback) refers to rt_memcpy_w.o(.text) for __aeabi_memcpy4
    main.o(i.HAL_ADCEx_InjectedConvCpltCallback) refers to stm32g4xx_hal_uart.o(i.HAL_UART_Transmit_DMA) for HAL_UART_Transmit_DMA
    main.o(i.HAL_ADCEx_InjectedConvCpltCallback) refers to adc.o(.bss) for hadc1
    main.o(i.HAL_ADCEx_InjectedConvCpltCallback) refers to main.o(.data) for .data
    main.o(i.HAL_ADCEx_InjectedConvCpltCallback) refers to currloop.o(.bss) for rtU
    main.o(i.HAL_ADCEx_InjectedConvCpltCallback) refers to main.o(.bss) for .bss
[...]
    $v0                                      0x08006a2c   Number         0  dfix.o(x$fpl$dfix)
    x$fpl$dnaninf                            0x08006a8a   Section      156  dnaninf.o(x$fpl$dnaninf)
    $v0                                      0x08006a8a   Number         0  dnaninf.o(x$fpl$dnaninf)
    x$fpl$fcmp4                              0x08006b28   Section       82  fcmp4.o(x$fpl$fcmp4)
    $v0                                      0x08006b28   Number         0  fcmp4.o(x$fpl$fcmp4)
    x$fpl$fcmpinf                            0x08006b7a   Section       24  fcmpi.o(x$fpl$fcmpinf)
    $v0                                      0x08006b7a   Number         0  fcmpi.o(x$fpl$fcmpinf)
    x$fpl$fnaninf                            0x08006b92   Section      140  fnaninf.o(x$fpl$fnaninf)
    $v0                                      0x08006b92   Number         0  fnaninf.o(x$fpl$fnaninf)
    x$fpl$fpinit                             0x08006c1e   Section       10  fpinit.o(x$fpl$fpinit)
    $v0                                      0x08006c1e   Number         0  fpinit.o(x$fpl$fpinit)
    x$fpl$frem                               0x08006c28   Section      244  frem_clz.o(x$fpl$frem)
    $v0                                      0x08006c28   Number         0  frem_clz.o(x$fpl$frem)
    .constdata                               0x08006d1c   Section       24  stm32g4xx_hal_uart.o(.constdata)
    x$fpl$usenofp                            0x08006d1c   Section        0  usenofp.o(x$fpl$usenofp)
    .constdata                               0x08006d34   Section       16  stm32g4xx_hal_uart_ex.o(.constdata)
    numerator                                0x08006d34   Data           8  stm32g4xx_hal_uart_ex.o(.constdata)
    denominator                              0x08006d3c   Data           8  stm32g4xx_hal_uart_ex.o(.constdata)
    .constdata                               0x08006d44   Section       16  system_stm32g4xx.o(.constdata)
    .constdata                               0x08006d54   Section        8  system_stm32g4xx.o(.constdata)
    .constdata                               0x08006d5c   Section       32  rredf.o(.constdata)
    twooverpi                                0x08006d5c   Data          32  rredf.o(.constdata)
    .data                                    0x20000000   Section        4  delay.o(.data)
    g_fac_us                                 0x20000000   Data           4  delay.o(.data)
    .data                                    0x20000004   Section       52  main.o(.data)
    cnt                                      0x20000005   Data           1  main.o(.data)
    tempData                                 0x20000018   Data          32  main.o(.data)
    .data                                    0x20000038   Section        4  adc.o(.data)
    HAL_RCC_ADC12_CLK_ENABLED                0x20000038   Data           4  adc.o(.data)
    .data                                    0x2000003c   Section       12  stm32g4xx_hal.o(.data)
    .data                                    0x20000048   Section        4  system_stm32g4xx.o(.data)
    .data                                    0x20000050   Section       48  currloop.o(.data)
    .bss                                     0x20000080   Section       64  main.o(.bss)
    .bss                                     0x200000c0   Section      216  adc.o(.bss)
    .bss                                     0x20000198   Section       36  comp.o(.bss)
    .bss                                     0x200001bc   Section       40  dac.o(.bss)
    .bss                                     0x200001e4   Section      100  fdcan.o(.bss)
    .bss                                     0x20000248   Section      180  opamp.o(.bss)
    .bss                                     0x200002fc   Section       76  tim.o(.bss)
    .bss                                     0x20000348   Section      384  usart.o(.bss)
    .bss                                     0x200004c8   Section       72  currloop.o(.bss)
    .bss                                     0x20000510   Section       96  libspace.o(.bss)
    HEAP                                     0x20000570   Section      512  startup_stm32g474xx.o(HEAP)
    Heap_Mem                                 0x20000570   Data         512  startup_stm32g474xx.o(HEAP)
    STACK                                    0x20000770   Section     1024  startup_stm32g474xx.o(STACK)
    Stack_Mem                                0x20000770   Data        1024  startup_stm32g474xx.o(STACK)
    __initial_sp                             0x20000b70   Data           0  startup_stm32g474xx.o(STACK)

    Global Symbols

    Symbol Name                              Value     Ov Type        Size  Object(Section)

    BuildAttributes$$THM_ISAv4$E$P$D$K$B$S$7EM$VFPi3$EXTD16$VFPS$VFMA$PE$A:L22UL41UL21$X:L11$S22US41US21$IEEE1$IW$USESV6$~STKCKD$USESV7$~SHL$OTIME$ROPI$IEEEX$EBA8$UX$STANDARDLIB$REQ8$PRES8$EABIv2 0x00000000   Number         0  anon$$obj.o ABSOLUTE
    __ARM_use_no_argv                        0x00000000   Number         0  main.o ABSOLUTE
    __ARM_exceptions_init                     - Undefined Weak Reference
    __alloca_initialize                       - Undefined Weak Reference
    __arm_fini_                               - Undefined Weak Reference
    __arm_preinit_                            - Undefined Weak Reference
    __cpp_initialize__aeabi_                  - Undefined Weak Reference
    __cxa_finalize                            - Undefined Weak Reference
    __rt_locale                               - Undefined Weak Reference
    __sigvec_lookup                           - Undefined Weak Reference
    _atexit_init                              - Undefined Weak Reference
    _call_atexit_fns                          - Undefined Weak Reference
    _clock_init                               - Undefined Weak Reference
    _fp_trap_init                             - Undefined Weak Reference
    _fp_trap_shutdown                         - Undefined Weak Reference
    _get_lc_collate                           - Undefined Weak Reference
    _get_lc_ctype                             - Undefined Weak Reference
    _get_lc_monetary                          - Undefined Weak Reference
    _get_lc_numeric                           - Undefined Weak Reference
    _get_lc_time                              - Undefined Weak Reference
    _getenv_init                              - Undefined Weak Reference
    _handle_redirection                       - Undefined Weak Reference
    _init_alloc                               - Undefined Weak Reference
    _init_user_alloc                          - Undefined Weak Reference
    _initio                                   - Undefined Weak Reference
    _rand_init                                - Undefined Weak Reference
    _signal_finish                            - Undefined Weak Reference
    _signal_init                              - Undefined Weak Reference
    _terminate_alloc                          - Undefined Weak Reference
    _terminate_user_alloc                     - Undefined Weak Reference
    _terminateio                              - Undefined Weak Reference
    __Vectors_Size                           0x000001d8   Number         0  startup_stm32g474xx.o ABSOLUTE
    __Vectors                                0x08000000   Data           4  startup_stm32g474xx.o(RESET)
    __Vectors_End                            0x080001d8   Data           0  startup_stm32g474xx.o(RESET)
    __main                                   0x080001d9   Thumb Code     8  __main.o(!!!main)
    __scatterload                            0x080001e1   Thumb Code     0  __scatter.o(!!!scatter)
    __scatterload_rt2                        0x080001e1   Thumb Code    44  __scatter.o(!!!scatter)
    __scatterload_rt2_thumb_only             0x080001e1   Thumb Code     0  __scatter.o(!!!scatter)
    __scatterload_null                       0x080001ef   Thumb Code     0  __scatter.o(!!!scatter)
    __scatterload_copy                       0x08000215   Thumb Code    26  __scatter_copy.o(!!handler_copy)
    __scatterload_zeroinit                   0x08000231   Thumb Code    28  __scatter_zi.o(!!handler_zi)
    __rt_lib_init                            0x0800024d   Thumb Code     0  libinit.o(.ARM.Collect$$libinit$$00000000)
    __rt_lib_init_fp_1                       0x0800024f   Thumb Code     0  libinit2.o(.ARM.Collect$$libinit$$00000001)
    __rt_lib_init_alloca_1                   0x08000253   Thumb Code     0  libinit2.o(.ARM.Collect$$libinit$$0000002E)
    __rt_lib_init_argv_1                     0x08000253   Thumb Code     0  libinit2.o(.ARM.Collect$$libinit$$0000002C)
    __rt_lib_init_atexit_1                   0x08000253   Thumb Code     0  libinit2.o(.ARM.Collect$$libinit$$0000001B)
    __rt_lib_init_clock_1                    0x08000253   Thumb Code     0  libinit2.o(.ARM.Collect$$libinit$$00000021)
    __rt_lib_init_cpp_1                      0x08000253   Thumb Code     0  libinit2.o(.ARM.Collect$$libinit$$00000032)
    __rt_lib_init_exceptions_1               0x08000253   Thumb Code     0  libinit2.o(.ARM.Collect$$libinit$$00000030)
    __rt_lib_init_fp_trap_1                  0x08000253   Thumb Code     0  libinit2.o(.ARM.Collect$$libinit$$0000001F)
    __rt_lib_init_getenv_1                   0x08000253   Thumb Code     0  libinit2.o(.ARM.Collect$$libinit$$00000023)
    __rt_lib_init_heap_1                     0x08000253   Thumb Code     0  libinit2.o(.ARM.Collect$$libinit$$0000000A)
    __rt_lib_init_lc_collate_1               0x08000253   Thumb Code     0  libinit2.o(.ARM.Collect$$libinit$$00000011)
    __rt_lib_init_lc_ctype_1                 0x08000253   Thumb Code     0  libinit2.o(.ARM.Collect$$libinit$$00000013)
    __rt_lib_init_lc_monetary_1              0x08000253   Thumb Code     0  libinit2.o(.ARM.Collect$$libinit$$00000015)
    __rt_lib_init_lc_numeric_1               0x08000253   Thumb Code     0  libinit2.o(.ARM.Collect$$libinit$$00000017)
    __rt_lib_init_lc_time_1                  0x08000253   Thumb Code     0  libinit2.o(.ARM.Collect$$libinit$$00000019)
    __rt_lib_init_preinit_1                  0x08000253   Thumb Code     0  libinit2.o(.ARM.Collect$$libinit$$00000004)
    __rt_lib_init_rand_1                     0x08000253   Thumb Code     0  libinit2.o(.ARM.Collect$$libinit$$0000000E)
    __rt_lib_init_return                     0x08000253   Thumb Code     0  libinit2.o(.ARM.Collect$$libinit$$00000033)
    __rt_lib_init_signal_1                   0x08000253   Thumb Code     0  libinit2.o(.ARM.Collect$$libinit$$0000001D)
    __rt_lib_init_stdio_1                    0x08000253   Thumb Code     0  libinit2.o(.ARM.Collect$$libinit$$00000025)
    __rt_lib_init_user_alloc_1               0x08000253   Thumb Code     0  libinit2.o(.ARM.Collect$$libinit$$0000000C)
    __rt_lib_shutdown                        0x08000255   Thumb Code     0  libshutdown.o(.ARM.Collect$$libshutdown$$00000000)
    __rt_lib_shutdown_cpp_1                  0x08000257   Thumb Code     0  libshutdown2.o(.ARM.Collect$$libshutdown$$00000004)
    __rt_lib_shutdown_fini_1                 0x08000257   Thumb Code     0  libshutdown2.o(.ARM.Collect$$libshutdown$$00000002)
    __rt_lib_shutdown_fp_trap_1              0x08000257   Thumb Code     0  libshutdown2.o(.ARM.Collect$$libshutdown$$00000009)
    __rt_lib_shutdown_heap_1                 0x08000257   Thumb Code     0  libshutdown2.o(.ARM.Collect$$libshutdown$$00000011)
    __rt_lib_shutdown_return                 0x08000257   Thumb Code     0  libshutdown2.o(.ARM.Collect$$libshutdown$$00000012)
    __rt_lib_shutdown_signal_1               0x08000257   Thumb Code     0  libshutdown2.o(.ARM.Collect$$libshutdown$$0000000C)
    __rt_lib_shutdown_stdio_1                0x08000257   Thumb Code     0  libshutdown2.o(.ARM.Collect$$libshutdown$$00000006)
    __rt_lib_shutdown_user_alloc_1           0x08000257   Thumb Code     0  libshutdown2.o(.ARM.Collect$$libshutdown$$0000000E)
    __rt_entry                               0x08000259   Thumb Code     0  __rtentry.o(.ARM.Collect$$rtentry$$00000000)
    __rt_entry_presh_1                       0x08000259   Thumb Code     0  __rtentry2.o(.ARM.Collect$$rtentry$$00000002)
    __rt_entry_sh                            0x08000259   Thumb Code     0  __rtentry4.o(.ARM.Collect$$rtentry$$00000004)
    __rt_entry_li                            0x0800025f   Thumb Code     0  __rtentry2.o(.ARM.Collect$$rtentry$$0000000A)
    __rt_entry_postsh_1                      0x0800025f   Thumb Code     0  __rtentry2.o(.ARM.Collect$$rtentry$$00000009)
    __rt_entry_main                          0x08000263   Thumb Code     0  __rtentry2.o(.ARM.Collect$$rtentry$$0000000D)
    __rt_entry_postli_1                      0x08000263   Thumb Code     0  __rtentry2.o(.ARM.Collect$$rtentry$$0000000C)
    __rt_exit                                0x0800026b   Thumb Code     0  rtexit.o(.ARM.Collect$$rtexit$$00000000)
    __rt_exit_ls                             0x0800026d   Thumb Code     0  rtexit2.o(.ARM.Collect$$rtexit$$00000003)
    __rt_exit_prels_1                        0x0800026d   Thumb Code     0  rtexit2.o(.ARM.Collect$$rtexit$$00000002)
    __rt_exit_exit                           0x08000271   Thumb Code     0  rtexit2.o(.ARM.Collect$$rtexit$$00000004)
    Reset_Handler                            0x08000279   Thumb Code     8  startup_stm32g474xx.o(.text)
    ADC3_IRQHandler                          0x08000293   Thumb Code     0  startup_stm32g474xx.o(.text)
    ADC4_IRQHandler                          0x08000293   Thumb Code     0  startup_stm32g474xx.o(.text)
    ADC5_IRQHandler                          0x08000293   Thumb Code     0  startup_stm32g474xx.o(.text)
    COMP4_5_6_IRQHandler                     0x08000293   Thumb Code     0  startup_stm32g474xx.o(.text)
    COMP7_IRQHandler                         0x08000293   Thumb Code     0  startup_stm32g474xx.o(.text)
    CORDIC_IRQHandler                        0x08000293   Thumb Code     0  startup_stm32g474xx.o(.text)
    CRS_IRQHandler                           0x08000293   Thumb Code     0  startup_stm32g474xx.o(.text)
    DMA1_Channel2_IRQHandler                 0x08000293   Thumb Code     0  startup_stm32g474xx.o(.text)
    DMA1_Channel3_IRQHandler                 0x08000293   Thumb Code     0  startup_stm32g474xx.o(.text)
    DMA1_Channel4_IRQHandler                 0x08000293   Thumb Code     0  startup_stm32g474xx.o(.text)
    DMA1_Channel5_IRQHandler                 0x08000293   Thumb Code     0  startup_stm32g474xx.o(.text)
    DMA1_Channel6_IRQHandler                 0x08000293   Thumb Code     0  startup_stm32g474xx.o(.text)
    DMA1_Channel7_IRQHandler                 0x08000293   Thumb Code     0  startup_stm32g474xx.o(.text)
    DMA1_Channel8_IRQHandler                 0x08000293   Thumb Code     0  startup_stm32g474xx.o(.text)
    DMA2_Channel1_IRQHandler                 0x08000293   Thumb Code     0  startup_stm32g474xx.o(.text)
    DMA2_Channel2_IRQHandler                 0x08000293   Thumb Code     0  startup_stm32g474xx.o(.text)
    DMA2_Channel3_IRQHandler                 0x08000293   Thumb Code     0  startup_stm32g474xx.o(.text)
    DMA2_Channel4_IRQHandler                 0x08000293   Thumb Code     0  startup_stm32g474xx.o(.text)
    DMA2_Channel5_IRQHandler                 0x08000293   Thumb Code     0  startup_stm32g474xx.o(.text)
    DMA2_Channel6_IRQHandler                 0x08000293   Thumb Code     0  startup_stm32g474xx.o(.text)
    DMA2_Channel7_IRQHandler                 0x08000293   Thumb Code     0  startup_stm32g474xx.o(.text)
    DMA2_Channel8_IRQHandler                 0x08000293   Thumb Code     0  startup_stm32g474xx.o(.text)
    DMAMUX_OVR_IRQHandler                    0x08000293   Thumb Code     0  startup_stm32g474xx.o(.text)
    EXTI0_IRQHandler                         0x08000293   Thumb Code     0  startup_stm32g474xx.o(.text)
    EXTI15_10_IRQHandler                     0x08000293   Thumb Code     0  startup_stm32g474xx.o(.text)
    EXTI1_IRQHandler                         0x08000293   Thumb Code     0  startup_stm32g474xx.o(.text)
    EXTI2_IRQHandler                         0x08000293   Thumb Code     0  startup_stm32g474xx.o(.text)
    EXTI3_IRQHandler                         0x08000293   Thumb Code     0  startup_stm32g474xx.o(.text)
    EXTI4_IRQHandler                         0x08000293   Thumb Code     0  startup_stm32g474xx.o(.text)
    EXTI9_5_IRQHandler                       0x08000293   Thumb Code     0  startup_stm32g474xx.o(.text)
    FDCAN1_IT1_IRQHandler                    0x08000293   Thumb Code     0  startup_stm32g474xx.o(.text)
    FDCAN2_IT0_IRQHandler                    0x08000293   Thumb Code     0  startup_stm32g474xx.o(.text)
    FDCAN2_IT1_IRQHandler                    0x08000293   Thumb Code     0  startup_stm32g474xx.o(.text)
    FDCAN3_IT0_IRQHandler                    0x08000293   Thumb Code     0  startup_stm32g474xx.o(.text)
    FDCAN3_IT1_IRQHandler                    0x08000293   Thumb Code     0  startup_stm32g474xx.o(.text)
    FLASH_IRQHandler                         0x08000293   Thumb Code     0  startup_stm32g474xx.o(.text)
    FMAC_IRQHandler                          0x08000293   Thumb Code     0  startup_stm32g474xx.o(.text)
    FMC_IRQHandler                           0x08000293   Thumb Code     0  startup_stm32g474xx.o(.text)
    FPU_IRQHandler                           0x08000293   Thumb Code     0  startup_stm32g474xx.o(.text)
    HRTIM1_FLT_IRQHandler                    0x08000293   Thumb Code     0  startup_stm32g474xx.o(.text)
    HRTIM1_Master_IRQHandler                 0x08000293   Thumb Code     0  startup_stm32g474xx.o(.text)
    HRTIM1_TIMA_IRQHandler                   0x08000293   Thumb Code     0  startup_stm32g474xx.o(.text)
    HRTIM1_TIMB_IRQHandler                   0x08000293   Thumb Code     0  startup_stm32g474xx.o(.text)
    HRTIM1_TIMC_IRQHandler                   0x08000293   Thumb Code     0  startup_stm32g474xx.o(.text)
    HRTIM1_TIMD_IRQHandler                   0x08000293   Thumb Code     0  startup_stm32g474xx.o(.text)
    HRTIM1_TIME_IRQHandler                   0x08000293   Thumb Code     0  startup_stm32g474xx.o(.text)
    HRTIM1_TIMF_IRQHandler                   0x08000293   Thumb Code     0  startup_stm32g474xx.o(.text)
    I2C1_ER_IRQHandler                       0x08000293   Thumb Code     0  startup_stm32g474xx.o(.text)
    I2C1_EV_IRQHandler                       0x08000293   Thumb Code     0  startup_stm32g474xx.o(.text)
    I2C2_ER_IRQHandler                       0x08000293   Thumb Code     0  startup_stm32g474xx.o(.text)
    I2C2_EV_IRQHandler                       0x08000293   Thumb Code     0  startup_stm32g474xx.o(.text)
    I2C3_ER_IRQHandler                       0x08000293   Thumb Code     0  startup_stm32g474xx.o(.text)
    I2C3_EV_IRQHandler                       0x08000293   Thumb Code     0  startup_stm32g474xx.o(.text)
    I2C4_ER_IRQHandler                       0x08000293   Thumb Code     0  startup_stm32g474xx.o(.text)
    I2C4_EV_IRQHandler                       0x08000293   Thumb Code     0  startup_stm32g474xx.o(.text)
    LPTIM1_IRQHandler                        0x08000293   Thumb Code     0  startup_stm32g474xx.o(.text)
    LPUART1_IRQHandler                       0x08000293   Thumb Code     0  startup_stm32g474xx.o(.text)
    PVD_PVM_IRQHandler                       0x08000293   Thumb Code     0  startup_stm32g474xx.o(.text)
    QUADSPI_IRQHandler                       0x08000293   Thumb Code     0  startup_stm32g474xx.o(.text)
    RCC_IRQHandler                           0x08000293   Thumb Code     0  startup_stm32g474xx.o(.text)
    RNG_IRQHandler                           0x08000293   Thumb Code     0  startup_stm32g474xx.o(.text)
    RTC_Alarm_IRQHandler                     0x08000293   Thumb Code     0  startup_stm32g474xx.o(.text)
    RTC_TAMP_LSECSS_IRQHandler               0x08000293   Thumb Code     0  startup_stm32g474xx.o(.text)
    RTC_WKUP_IRQHandler                      0x08000293   Thumb Code     0  startup_stm32g474xx.o(.text)
    SAI1_IRQHandler                          0x08000293   Thumb Code     0  startup_stm32g474xx.o(.text)
    SPI1_IRQHandler                          0x08000293   Thumb Code     0  startup_stm32g474xx.o(.text)
    SPI2_IRQHandler                          0x08000293   Thumb Code     0  startup_stm32g474xx.o(.text)
    SPI3_IRQHandler                          0x08000293   Thumb Code     0  startup_stm32g474xx.o(.text)
    SPI4_IRQHandler                          0x08000293   Thumb Code     0  startup_stm32g474xx.o(.text)
    TIM1_TRG_COM_TIM17_IRQHandler            0x08000293   Thumb Code     0  startup_stm32g474xx.o(.text)
    TIM20_BRK_IRQHandler                     0x08000293   Thumb Code     0  startup_stm32g474xx.o(.text)
    TIM20_CC_IRQHandler                      0x08000293   Thumb Code     0  startup_stm32g474xx.o(.text)
    TIM20_TRG_COM_IRQHandler                 0x08000293   Thumb Code     0  startup_stm32g474xx.o(.text)
    TIM20_UP_IRQHandler                      0x08000293   Thumb Code     0  startup_stm32g474xx.o(.text)
    TIM2_IRQHandler                          0x08000293   Thumb Code     0  startup_stm32g474xx.o(.text)
    TIM3_IRQHandler                          0x08000293   Thumb Code     0  startup_stm32g474xx.o(.text)
    TIM4_IRQHandler                          0x08000293   Thumb Code     0  startup_stm32g474xx.o(.text)
    TIM5_IRQHandler                          0x08000293   Thumb Code     0  startup_stm32g474xx.o(.text)
    TIM6_DAC_IRQHandler                      0x08000293   Thumb Code     0  startup_stm32g474xx.o(.text)
    TIM7_DAC_IRQHandler                      0x08000293   Thumb Code     0  startup_stm32g474xx.o(.text)
    TIM8_BRK_IRQHandler                      0x08000293   Thumb Code     0  startup_stm32g474xx.o(.text)
    TIM8_CC_IRQHandler                       0x08000293   Thumb Code     0  startup_stm32g474xx.o(.text)
    TIM8_TRG_COM_IRQHandler                  0x08000293   Thumb Code     0  startup_stm32g474xx.o(.text)
    TIM8_UP_IRQHandler                       0x08000293   Thumb Code     0  startup_stm32g474xx.o(.text)
    UART4_IRQHandler                         0x08000293   Thumb Code     0  startup_stm32g474xx.o(.text)
    UART5_IRQHandler                         0x08000293   Thumb Code     0  startup_stm32g474xx.o(.text)
    UCPD1_IRQHandler                         0x08000293   Thumb Code     0  startup_stm32g474xx.o(.text)
    USART2_IRQHandler                        0x08000293   Thumb Code     0  startup_stm32g474xx.o(.text)
    USBWakeUp_IRQHandler                     0x08000293   Thumb Code     0  startup_stm32g474xx.o(.text)
    USB_HP_IRQHandler                        0x08000293   Thumb Code     0  startup_stm32g474xx.o(.text)
    USB_LP_IRQHandler                        0x08000293   Thumb Code     0  startup_stm32g474xx.o(.text)
    WWDG_IRQHandler                          0x08000293   Thumb Code     0  startup_stm32g474xx.o(.text)
    __user_initial_stackheap                 0x08000295   Thumb Code     0  startup_stm32g474xx.o(.text)
    __aeabi_uldivmod                         0x080002b9   Thumb Code     0  lludivv7m.o(.text)
    _ll_udiv                                 0x080002b9   Thumb Code   238  lludivv7m.o(.text)
    __aeabi_memcpy4                          0x080003a7   Thumb Code     0  rt_memcpy_w.o(.text)
    __aeabi_memcpy8                          0x080003a7   Thumb Code     0  rt_memcpy_w.o(.text)
    __rt_memcpy_w                            0x080003a7   Thumb Code   100  rt_memcpy_w.o(.text)
    _memcpy_lastbytes_aligned                0x080003ef   Thumb Code     0  rt_memcpy_w.o(.text)
    __aeabi_memclr4                          0x0800040b   Thumb Code     0  rt_memclr_w.o(.text)
    __aeabi_memclr8                          0x0800040b   Thumb Code     0  rt_memclr_w.o(.text)
    __rt_memclr_w                            0x0800040b   Thumb Code    78  rt_memclr_w.o(.text)
    _memset_w                                0x0800040f   Thumb Code     0  rt_memclr_w.o(.text)
    __use_two_region_memory                  0x08000459   Thumb Code     2  heapauxi.o(.text)
    __rt_heap_escrow$2region                 0x0800045b   Thumb Code     2  heapauxi.o(.text)
    __rt_heap_expand$2region                 0x0800045d   Thumb Code     2  heapauxi.o(.text)
    __read_errno                             0x0800045f   Thumb Code    10  _rserrno.o(.text)
    __set_errno                              0x08000469   Thumb Code    12  _rserrno.o(.text)
    __aeabi_errno_addr                       0x08000475   Thumb Code     8  rt_errno_addr_intlibspace.o(.text)
    __errno$intlibspace                      0x08000475   Thumb Code     0  rt_errno_addr_intlibspace.o(.text)
    __rt_errno_addr$intlibspace              0x08000475   Thumb Code     0  rt_errno_addr_intlibspace.o(.text)
    __user_libspace                          0x0800047d   Thumb Code     8  libspace.o(.text)
    __user_perproc_libspace                  0x0800047d   Thumb Code     0  libspace.o(.text)
    __user_perthread_libspace                0x0800047d   Thumb Code     0  libspace.o(.text)
    __user_setup_stackheap                   0x08000485   Thumb Code    74  sys_stackheap_outer.o(.text)
    exit                                     0x080004cf   Thumb Code    18  exit.o(.text)
    _sys_exit                                0x080004e1   Thumb Code     8  sys_exit.o(.text)
    __I$use$semihosting                      0x080004ed   Thumb Code     0  use_no_semi.o(.text)
    __use_no_semihosting_swi                 0x080004ed   Thumb Code     2  use_no_semi.o(.text)
    __semihosting_library_function           0x080004ef   Thumb Code     0  indicate_semi.o(.text)
    ADC1_2_IRQHandler                        0x080004f1   Thumb Code    18  stm32g4xx_it.o(i.ADC1_2_IRQHandler)
    ADC_Disable                              0x0800050d   Thumb Code   106  stm32g4xx_hal_adc.o(i.ADC_Disable)
    ADC_Enable                               0x0800057d   Thumb Code   110  stm32g4xx_hal_adc.o(i.ADC_Enable)
    BusFault_Handler                         0x080005f1   Thumb Code     2  stm32g4xx_it.o(i.BusFault_Handler)
    COMP1_2_3_IRQHandler                     0x080005f5   Thumb Code     6  stm32g4xx_it.o(i.COMP1_2_3_IRQHandler)
    DMA1_Channel1_IRQHandler                 0x08000601   Thumb Code     6  stm32g4xx_it.o(i.DMA1_Channel1_IRQHandler)
    DebugMon_Handler                         0x080006af   Thumb Code     2  stm32g4xx_it.o(i.DebugMon_Handler)
    Error_Handler                            0x080006b1   Thumb Code     4  main.o(i.Error_Handler)
    FDCAN1_IT0_IRQHandler                    0x080006b5   Thumb Code     6  stm32g4xx_it.o(i.FDCAN1_IT0_IRQHandler)
    HAL_ADCEx_Calibration_Start              0x080006c1   Thumb Code   138  stm32g4xx_hal_adc_ex.o(i.HAL_ADCEx_Calibration_Start)
    HAL_ADCEx_EndOfSamplingCallback          0x08000755   Thumb Code     2  stm32g4xx_hal_adc_ex.o(i.HAL_ADCEx_EndOfSamplingCallback)
    HAL_ADCEx_InjectedConfigChannel          0x08000759   Thumb Code  1324  stm32g4xx_hal_adc_ex.o(i.HAL_ADCEx_InjectedConfigChannel)
    HAL_ADCEx_InjectedConvCpltCallback       0x08000cb9   Thumb Code   304  main.o(i.HAL_ADCEx_InjectedConvCpltCallback)
    HAL_ADCEx_InjectedQueueOverflowCallback  0x08000e0d   Thumb Code     2  stm32g4xx_hal_adc_ex.o(i.HAL_ADCEx_InjectedQueueOverflowCallback)
    HAL_ADCEx_InjectedStart                  0x08000e11   Thumb Code   262  stm32g4xx_hal_adc_ex.o(i.HAL_ADCEx_InjectedStart)
    HAL_ADCEx_InjectedStart_IT               0x08000f31   Thumb Code   320  stm32g4xx_hal_adc_ex.o(i.HAL_ADCEx_InjectedStart_IT)
    HAL_ADCEx_LevelOutOfWindow2Callback      0x08001089   Thumb Code     2  stm32g4xx_hal_adc_ex.o(i.HAL_ADCEx_LevelOutOfWindow2Callback)
    HAL_ADCEx_LevelOutOfWindow3Callback      0x0800108b   Thumb Code     2  stm32g4xx_hal_adc_ex.o(i.HAL_ADCEx_LevelOutOfWindow3Callback)
    HAL_ADCEx_MultiModeConfigChannel         0x0800108d   Thumb Code   326  stm32g4xx_hal_adc_ex.o(i.HAL_ADCEx_MultiModeConfigChannel)
    HAL_ADC_ConfigChannel                    0x080011ed   Thumb Code  1066  stm32g4xx_hal_adc.o(i.HAL_ADC_ConfigChannel)
    HAL_ADC_ConvCpltCallback                 0x08001659   Thumb Code     2  stm32g4xx_hal_adc.o(i.HAL_ADC_ConvCpltCallback)
    HAL_ADC_ErrorCallback                    0x0800165b   Thumb Code     2  stm32g4xx_hal_adc.o(i.HAL_ADC_ErrorCallback)
    HAL_ADC_GetValue                         0x0800165d   Thumb Code     6  stm32g4xx_hal_adc.o(i.HAL_ADC_GetValue)
    HAL_ADC_IRQHandler                       0x08001665   Thumb Code   674  stm32g4xx_hal_adc.o(i.HAL_ADC_IRQHandler)
    HAL_ADC_Init                             0x0800191d   Thumb Code   520  stm32g4xx_hal_adc.o(i.HAL_ADC_Init)
    HAL_ADC_LevelOutOfWindowCallback         0x08001b55   Thumb Code     2  stm32g4xx_hal_adc.o(i.HAL_ADC_LevelOutOfWindowCallback)
    HAL_ADC_MspInit                          0x08001b59   Thumb Code   200  adc.o(i.HAL_ADC_MspInit)
    HAL_ADC_Start                            0x08001c31   Thumb Code   288  stm32g4xx_hal_adc.o(i.HAL_ADC_Start)
    HAL_COMP_IRQHandler                      0x08001d69   Thumb Code   118  stm32g4xx_hal_comp.o(i.HAL_COMP_IRQHandler)
    HAL_COMP_Init                            0x08001de9   Thumb Code   540  stm32g4xx_hal_comp.o(i.HAL_COMP_Init)
    HAL_COMP_MspInit                         0x08002029   Thumb Code    80  comp.o(i.HAL_COMP_MspInit)
    HAL_COMP_TriggerCallback                 0x08002085   Thumb Code     2  stm32g4xx_hal_comp.o(i.HAL_COMP_TriggerCallback)
    HAL_DAC_ConfigChannel                    0x08002089   Thumb Code   428  stm32g4xx_hal_dac.o(i.HAL_DAC_ConfigChannel)
    HAL_DAC_Init                             0x0800223d   Thumb Code    40  stm32g4xx_hal_dac.o(i.HAL_DAC_Init)
    HAL_DAC_MspInit                          0x08002265   Thumb Code   106  dac.o(i.HAL_DAC_MspInit)
    HAL_DMA_Abort                            0x080022dd   Thumb Code   106  stm32g4xx_hal_dma.o(i.HAL_DMA_Abort)
    HAL_DMA_Abort_IT                         0x08002347   Thumb Code   120  stm32g4xx_hal_dma.o(i.HAL_DMA_Abort_IT)
    HAL_DMA_IRQHandler                       0x080023bf   Thumb Code   186  stm32g4xx_hal_dma.o(i.HAL_DMA_IRQHandler)
    HAL_DMA_Init                             0x08002479   Thumb Code   178  stm32g4xx_hal_dma.o(i.HAL_DMA_Init)
    HAL_DMA_Start_IT                         0x08002539   Thumb Code   140  stm32g4xx_hal_dma.o(i.HAL_DMA_Start_IT)
    HAL_Delay                                0x080025c5   Thumb Code     6  delay.o(i.HAL_Delay)
    HAL_FDCAN_ErrorCallback                  0x080025cb   Thumb Code     2  stm32g4xx_hal_fdcan.o(i.HAL_FDCAN_ErrorCallback)
    HAL_FDCAN_ErrorStatusCallback            0x080025cd   Thumb Code     2  stm32g4xx_hal_fdcan.o(i.HAL_FDCAN_ErrorStatusCallback)
    HAL_FDCAN_HighPriorityMessageCallback    0x080025cf   Thumb Code     2  stm32g4xx_hal_fdcan.o(i.HAL_FDCAN_HighPriorityMessageCallback)
    HAL_FDCAN_IRQHandler                     0x080025d1   Thumb Code   352  stm32g4xx_hal_fdcan.o(i.HAL_FDCAN_IRQHandler)
    HAL_FDCAN_Init                           0x08002731   Thumb Code   512  stm32g4xx_hal_fdcan.o(i.HAL_FDCAN_Init)
    HAL_FDCAN_MspInit                        0x08002949   Thumb Code   104  fdcan.o(i.HAL_FDCAN_MspInit)
    HAL_FDCAN_RxFifo0Callback                0x080029b9   Thumb Code     2  stm32g4xx_hal_fdcan.o(i.HAL_FDCAN_RxFifo0Callback)
    HAL_FDCAN_RxFifo1Callback                0x080029bb   Thumb Code     2  stm32g4xx_hal_fdcan.o(i.HAL_FDCAN_RxFifo1Callback)
    HAL_FDCAN_TimeoutOccurredCallback        0x080029bd   Thumb Code     2  stm32g4xx_hal_fdcan.o(i.HAL_FDCAN_TimeoutOccurredCallback)
    HAL_FDCAN_TimestampWraparoundCallback    0x080029bf   Thumb Code     2  stm32g4xx_hal_fdcan.o(i.HAL_FDCAN_TimestampWraparoundCallback)
    HAL_FDCAN_TxBufferAbortCallback          0x080029c1   Thumb Code     2  stm32g4xx_hal_fdcan.o(i.HAL_FDCAN_TxBufferAbortCallback)
    HAL_FDCAN_TxBufferCompleteCallback       0x080029c3   Thumb Code     2  stm32g4xx_hal_fdcan.o(i.HAL_FDCAN_TxBufferCompleteCallback)
    HAL_FDCAN_TxEventFifoCallback            0x080029c5   Thumb Code     2  stm32g4xx_hal_fdcan.o(i.HAL_FDCAN_TxEventFifoCallback)
    HAL_FDCAN_TxFifoEmptyCallback            0x080029c7   Thumb Code     2  stm32g4xx_hal_fdcan.o(i.HAL_FDCAN_TxFifoEmptyCallback)
    HAL_GPIO_Init                            0x080029c9   Thumb Code   422  stm32g4xx_hal_gpio.o(i.HAL_GPIO_Init)
    HAL_GetTick                              0x08002b91   Thumb Code     6  stm32g4xx_hal.o(i.HAL_GetTick)
    HAL_IncTick                              0x08002b9d   Thumb Code    12  stm32g4xx_hal.o(i.HAL_IncTick)
    HAL_Init                                 0x08002bad   Thumb Code    30  stm32g4xx_hal.o(i.HAL_Init)
    HAL_InitTick                             0x08002bcd   Thumb Code    58  stm32g4xx_hal.o(i.HAL_InitTick)
    HAL_MspInit                              0x08002c11   Thumb Code    42  stm32g4xx_hal_msp.o(i.HAL_MspInit)
    HAL_NVIC_EnableIRQ                       0x08002c41   Thumb Code    26  stm32g4xx_hal_cortex.o(i.HAL_NVIC_EnableIRQ)
    HAL_NVIC_SetPriority                     0x08002c5d   Thumb Code    60  stm32g4xx_hal_cortex.o(i.HAL_NVIC_SetPriority)
    HAL_NVIC_SetPriorityGrouping             0x08002c9d   Thumb Code    26  stm32g4xx_hal_cortex.o(i.HAL_NVIC_SetPriorityGrouping)
    HAL_OPAMP_Init                           0x08002cc1   Thumb Code   236  stm32g4xx_hal_opamp.o(i.HAL_OPAMP_Init)
    HAL_OPAMP_MspInit                        0x08002db5   Thumb Code   134  opamp.o(i.HAL_OPAMP_MspInit)
    HAL_OPAMP_Start                          0x08002e49   Thumb Code    44  stm32g4xx_hal_opamp.o(i.HAL_OPAMP_Start)
    HAL_PWREx_ControlVoltageScaling          0x08002e75   Thumb Code   174  stm32g4xx_hal_pwr_ex.o(i.HAL_PWREx_ControlVoltageScaling)
    HAL_PWREx_DisableUCPDDeadBattery         0x08002f31   Thumb Code    12  stm32g4xx_hal_pwr_ex.o(i.HAL_PWREx_DisableUCPDDeadBattery)
    HAL_RCCEx_PeriphCLKConfig                0x08002f41   Thumb Code   758  stm32g4xx_hal_rcc_ex.o(i.HAL_RCCEx_PeriphCLKConfig)
    HAL_RCC_ClockConfig                      0x08003241   Thumb Code   444  stm32g4xx_hal_rcc.o(i.HAL_RCC_ClockConfig)
    HAL_RCC_GetHCLKFreq                      0x0800341d   Thumb Code     6  stm32g4xx_hal_rcc.o(i.HAL_RCC_GetHCLKFreq)
    HAL_RCC_GetPCLK1Freq                     0x08003429   Thumb Code    24  stm32g4xx_hal_rcc.o(i.HAL_RCC_GetPCLK1Freq)
    HAL_RCC_GetPCLK2Freq                     0x0800344d   Thumb Code    24  stm32g4xx_hal_rcc.o(i.HAL_RCC_GetPCLK2Freq)
    HAL_RCC_GetSysClockFreq                  0x08003471   Thumb Code    98  stm32g4xx_hal_rcc.o(i.HAL_RCC_GetSysClockFreq)
    HAL_RCC_OscConfig                        0x080034dd   Thumb Code  1036  stm32g4xx_hal_rcc.o(i.HAL_RCC_OscConfig)
    HAL_SYSTICK_CLKSourceConfig              0x080038e9   Thumb Code    24  stm32g4xx_hal_cortex.o(i.HAL_SYSTICK_CLKSourceConfig)
    HAL_SYSTICK_Config                       0x08003901   Thumb Code    40  stm32g4xx_hal_cortex.o(i.HAL_SYSTICK_Config)
    HAL_TIMEx_Break2Callback                 0x08003929   Thumb Code     2  stm32g4xx_hal_tim_ex.o(i.HAL_TIMEx_Break2Callback)
    HAL_TIMEx_BreakCallback                  0x0800392b   Thumb Code     2  stm32g4xx_hal_tim_ex.o(i.HAL_TIMEx_BreakCallback)
    HAL_TIMEx_CommutCallback                 0x0800392d   Thumb Code     2  stm32g4xx_hal_tim_ex.o(i.HAL_TIMEx_CommutCallback)
    HAL_TIMEx_ConfigBreakDeadTime            0x08003931   Thumb Code   192  stm32g4xx_hal_tim_ex.o(i.HAL_TIMEx_ConfigBreakDeadTime)
    HAL_TIMEx_ConfigBreakInput               0x080039fd   Thumb Code   222  stm32g4xx_hal_tim_ex.o(i.HAL_TIMEx_ConfigBreakInput)
    HAL_TIMEx_DirectionChangeCallback        0x08003adb   Thumb Code     2  stm32g4xx_hal_tim_ex.o(i.HAL_TIMEx_DirectionChangeCallback)
    HAL_TIMEx_EncoderIndexCallback           0x08003add   Thumb Code     2  stm32g4xx_hal_tim_ex.o(i.HAL_TIMEx_EncoderIndexCallback)
    HAL_TIMEx_IndexErrorCallback             0x08003adf   Thumb Code     2  stm32g4xx_hal_tim_ex.o(i.HAL_TIMEx_IndexErrorCallback)
    HAL_TIMEx_MasterConfigSynchronization    0x08003ae1   Thumb Code   150  stm32g4xx_hal_tim_ex.o(i.HAL_TIMEx_MasterConfigSynchronization)
    HAL_TIMEx_PWMN_Start                     0x08003b99   Thumb Code   170  stm32g4xx_hal_tim_ex.o(i.HAL_TIMEx_PWMN_Start)
    HAL_TIMEx_TransitionErrorCallback        0x08003c65   Thumb Code     2  stm32g4xx_hal_tim_ex.o(i.HAL_TIMEx_TransitionErrorCallback)
    HAL_TIM_Base_Init                        0x08003c67   Thumb Code    98  stm32g4xx_hal_tim.o(i.HAL_TIM_Base_Init)
    HAL_TIM_Base_MspInit                     0x08003cc9   Thumb Code    82  tim.o(i.HAL_TIM_Base_MspInit)
    HAL_TIM_Base_Start                       0x08003d25   Thumb Code    96  stm32g4xx_hal_tim.o(i.HAL_TIM_Base_Start)
    HAL_TIM_ConfigClockSource                0x08003da5   Thumb Code   220  stm32g4xx_hal_tim.o(i.HAL_TIM_ConfigClockSource)
    HAL_TIM_IC_CaptureCallback               0x08003e85   Thumb Code     2  stm32g4xx_hal_tim.o(i.HAL_TIM_IC_CaptureCallback)
    HAL_TIM_IRQHandler                       0x08003e87   Thumb Code   508  stm32g4xx_hal_tim.o(i.HAL_TIM_IRQHandler)
    HAL_TIM_MspPostInit                      0x08004085   Thumb Code   136  tim.o(i.HAL_TIM_MspPostInit)
    HAL_TIM_OC_DelayElapsedCallback          0x08004119   Thumb Code     2  stm32g4xx_hal_tim.o(i.HAL_TIM_OC_DelayElapsedCallback)
    HAL_TIM_PWM_ConfigChannel                0x0800411b   Thumb Code   286  stm32g4xx_hal_tim.o(i.HAL_TIM_PWM_ConfigChannel)
    HAL_TIM_PWM_Init                         0x08004239   Thumb Code    98  stm32g4xx_hal_tim.o(i.HAL_TIM_PWM_Init)
    HAL_TIM_PWM_MspInit                      0x0800429b   Thumb Code     2  stm32g4xx_hal_tim.o(i.HAL_TIM_PWM_MspInit)
    HAL_TIM_PWM_PulseFinishedCallback        0x0800429d   Thumb Code     2  stm32g4xx_hal_tim.o(i.HAL_TIM_PWM_PulseFinishedCallback)
    HAL_TIM_PWM_Start                        0x080042a1   Thumb Code   234  stm32g4xx_hal_tim.o(i.HAL_TIM_PWM_Start)
    HAL_TIM_PeriodElapsedCallback            0x080043b5   Thumb Code     2  stm32g4xx_hal_tim.o(i.HAL_TIM_PeriodElapsedCallback)
    HAL_TIM_TriggerCallback                  0x080043b7   Thumb Code     2  stm32g4xx_hal_tim.o(i.HAL_TIM_TriggerCallback)
    HAL_UARTEx_DisableFifoMode               0x080043b9   Thumb Code    62  stm32g4xx_hal_uart_ex.o(i.HAL_UARTEx_DisableFifoMode)
    HAL_UARTEx_RxEventCallback               0x080043f7   Thumb Code     2  stm32g4xx_hal_uart.o(i.HAL_UARTEx_RxEventCallback)
    HAL_UARTEx_RxFifoFullCallback            0x080043f9   Thumb Code     2  stm32g4xx_hal_uart_ex.o(i.HAL_UARTEx_RxFifoFullCallback)
    HAL_UARTEx_SetRxFifoThreshold            0x080043fb   Thumb Code    76  stm32g4xx_hal_uart_ex.o(i.HAL_UARTEx_SetRxFifoThreshold)
    HAL_UARTEx_SetTxFifoThreshold            0x08004447   Thumb Code    76  stm32g4xx_hal_uart_ex.o(i.HAL_UARTEx_SetTxFifoThreshold)
    HAL_UARTEx_TxFifoEmptyCallback           0x08004493   Thumb Code     2  stm32g4xx_hal_uart_ex.o(i.HAL_UARTEx_TxFifoEmptyCallback)
    HAL_UARTEx_WakeupCallback                0x08004495   Thumb Code     2  stm32g4xx_hal_uart_ex.o(i.HAL_UARTEx_WakeupCallback)
    HAL_UART_ErrorCallback                   0x08004497   Thumb Code     2  stm32g4xx_hal_uart.o(i.HAL_UART_ErrorCallback)
    HAL_UART_IRQHandler                      0x08004499   Thumb Code   632  stm32g4xx_hal_uart.o(i.HAL_UART_IRQHandler)
    HAL_UART_Init                            0x0800471d   Thumb Code   106  stm32g4xx_hal_uart.o(i.HAL_UART_Init)
    HAL_UART_MspInit                         0x08004789   Thumb Code   260  usart.o(i.HAL_UART_MspInit)
    HAL_UART_Transmit_DMA                    0x080048a9   Thumb Code   140  stm32g4xx_hal_uart.o(i.HAL_UART_Transmit_DMA)
    HAL_UART_TxCpltCallback                  0x08004941   Thumb Code     2  stm32g4xx_hal_uart.o(i.HAL_UART_TxCpltCallback)
    HAL_UART_TxHalfCpltCallback              0x08004943   Thumb Code     2  stm32g4xx_hal_uart.o(i.HAL_UART_TxHalfCpltCallback)
    HardFault_Handler                        0x08004945   Thumb Code     2  stm32g4xx_it.o(i.HardFault_Handler)
    MX_ADC1_Init                             0x080049ed   Thumb Code   232  adc.o(i.MX_ADC1_Init)
    MX_ADC2_Init                             0x08004ae1   Thumb Code   174  adc.o(i.MX_ADC2_Init)
    MX_COMP1_Init                            0x08004ba1   Thumb Code    46  comp.o(i.MX_COMP1_Init)
    MX_DAC1_Init                             0x08004bd9   Thumb Code    80  dac.o(i.MX_DAC1_Init)
    MX_DAC3_Init                             0x08004c31   Thumb Code    78  dac.o(i.MX_DAC3_Init)
    MX_DMA_Init                              0x08004c89   Thumb Code    56  dma.o(i.MX_DMA_Init)
    MX_FDCAN1_Init                           0x08004cc5   Thumb Code    72  fdcan.o(i.MX_FDCAN1_Init)
    MX_GPIO_Init                             0x08004d15   Thumb Code    70  gpio.o(i.MX_GPIO_Init)
    MX_OPAMP1_Init                           0x08004d61   Thumb Code    42  opamp.o(i.MX_OPAMP1_Init)
    MX_OPAMP2_Init                           0x08004d95   Thumb Code    42  opamp.o(i.MX_OPAMP2_Init)
    MX_OPAMP3_Init                           0x08004dc9   Thumb Code    42  opamp.o(i.MX_OPAMP3_Init)
    MX_TIM1_Init                             0x08004dfd   Thumb Code   312  tim.o(i.MX_TIM1_Init)
    MX_USART1_UART_Init                      0x08004f3d   Thumb Code    94  usart.o(i.MX_USART1_UART_Init)
    MX_USART3_UART_Init                      0x08004fa5   Thumb Code    94  usart.o(i.MX_USART3_UART_Init)
    MemManage_Handler                        0x0800500d   Thumb Code     2  stm32g4xx_it.o(i.MemManage_Handler)
    NMI_Handler                              0x0800500f   Thumb Code     2  stm32g4xx_it.o(i.NMI_Handler)
    PendSV_Handler                           0x08005011   Thumb Code     2  stm32g4xx_it.o(i.PendSV_Handler)
    SVC_Handler                              0x08005013   Thumb Code     2  stm32g4xx_it.o(i.SVC_Handler)
    SysTick_Handler                          0x080050c5   Thumb Code     4  stm32g4xx_it.o(i.SysTick_Handler)
    SystemClock_Config                       0x080050c9   Thumb Code   140  main.o(i.SystemClock_Config)
    SystemInit                               0x08005155   Thumb Code    12  system_stm32g4xx.o(i.SystemInit)
    TIM1_BRK_TIM15_IRQHandler                0x08005165   Thumb Code     6  stm32g4xx_it.o(i.TIM1_BRK_TIM15_IRQHandler)
    TIM1_CC_IRQHandler                       0x08005171   Thumb Code     6  stm32g4xx_it.o(i.TIM1_CC_IRQHandler)
    TIM1_UP_TIM16_IRQHandler                 0x0800517d   Thumb Code     6  stm32g4xx_it.o(i.TIM1_UP_TIM16_IRQHandler)
    TIM_Base_SetConfig                       0x08005189   Thumb Code   176  stm32g4xx_hal_tim.o(i.TIM_Base_SetConfig)
    TIM_CCxChannelCmd                        0x0800525d   Thumb Code    26  stm32g4xx_hal_tim.o(i.TIM_CCxChannelCmd)
    TIM_ETR_SetConfig                        0x08005291   Thumb Code    20  stm32g4xx_hal_tim.o(i.TIM_ETR_SetConfig)
    TIM_OC2_SetConfig                        0x08005365   Thumb Code   132  stm32g4xx_hal_tim.o(i.TIM_OC2_SetConfig)
    UART_AdvFeatureConfig                    0x080056c5   Thumb Code   200  stm32g4xx_hal_uart.o(i.UART_AdvFeatureConfig)
    UART_CheckIdleState                      0x0800578d   Thumb Code    96  stm32g4xx_hal_uart.o(i.UART_CheckIdleState)
    UART_SetConfig                           0x080058e1   Thumb Code   618  stm32g4xx_hal_uart.o(i.UART_SetConfig)
    UART_WaitOnFlagUntilTimeout              0x08005b7d   Thumb Code   164  stm32g4xx_hal_uart.o(i.UART_WaitOnFlagUntilTimeout)
    USART1_IRQHandler                        0x08005c21   Thumb Code     6  stm32g4xx_it.o(i.USART1_IRQHandler)
    USART3_IRQHandler                        0x08005c2d   Thumb Code     6  stm32g4xx_it.o(i.USART3_IRQHandler)
    UsageFault_Handler                       0x08005c39   Thumb Code     2  stm32g4xx_it.o(i.UsageFault_Handler)
    __ARM_fpclassifyf                        0x08005c3b   Thumb Code    38  fpclassifyf.o(i.__ARM_fpclassifyf)
    __hardfp_cosf                            0x08005c81   Thumb Code   280  cosf.o(i.__hardfp_cosf)
    __hardfp_floorf                          0x08005dd1   Thumb Code    98  floorf.o(i.__hardfp_floorf)
    __hardfp_fmaxf                           0x08005e41   Thumb Code    72  fmaxf.o(i.__hardfp_fmaxf)
    __hardfp_fminf                           0x08005e89   Thumb Code    72  fminf.o(i.__hardfp_fminf)
    __hardfp_fmodf                           0x08005ed1   Thumb Code   176  fmodf.o(i.__hardfp_fmodf)
    __hardfp_sinf                            0x08005f81   Thumb Code   344  sinf.o(i.__hardfp_sinf)
    __mathlib_flt_infnan                     0x08006111   Thumb Code     6  funder.o(i.__mathlib_flt_infnan)
    __mathlib_flt_invalid                    0x08006119   Thumb Code    10  funder.o(i.__mathlib_flt_invalid)
    __mathlib_flt_underflow                  0x08006129   Thumb Code    10  funder.o(i.__mathlib_flt_underflow)
    __mathlib_rredf2                         0x08006139   Thumb Code   316  rredf.o(i.__mathlib_rredf2)
    currloop_step                            0x0800628d   Thumb Code   956  currloop.o(i.currloop_step)
    delay_init                               0x080066a5   Thumb Code    16  delay.o(i.delay_init)
    delay_ms                                 0x080066b9   Thumb Code    10  delay.o(i.delay_ms)
    delay_us                                 0x080066c5   Thumb Code    48  delay.o(i.delay_us)
    main                                     0x080066f9   Thumb Code   390  main.o(i.main)
    rt_modf_snf                              0x080068f9   Thumb Code   296  currloop.o(i.rt_modf_snf)
    __aeabi_d2iz                             0x08006a2d   Thumb Code     0  dfix.o(x$fpl$dfix)
    _dfix                                    0x08006a2d   Thumb Code    94  dfix.o(x$fpl$dfix)
    __fpl_dnaninf                            0x08006a8b   Thumb Code   156  dnaninf.o(x$fpl$dnaninf)
    __fcmp4                                  0x08006b29   Thumb Code    24  fcmp4.o(x$fpl$fcmp4)
    __ARM_fcmp4                              0x08006b41   Thumb Code     0  fcmp4.o(x$fpl$fcmp4)
    _fcmp4                                   0x08006b41   Thumb Code    58  fcmp4.o(x$fpl$fcmp4)
    __fpl_fcmp_Inf                           0x08006b7b   Thumb Code    24  fcmpi.o(x$fpl$fcmpinf)
    __fpl_fnaninf                            0x08006b93   Thumb Code   140  fnaninf.o(x$fpl$fnaninf)
    _fp_init                                 0x08006c1f   Thumb Code    10  fpinit.o(x$fpl$fpinit)
    __fplib_config_fpu_vfp                   0x08006c27   Thumb Code     0  fpinit.o(x$fpl$fpinit)
    __fplib_config_pureend_doubles           0x08006c27   Thumb Code     0  fpinit.o(x$fpl$fpinit)
    _frem                                    0x08006c29   Thumb Code   240  frem_clz.o(x$fpl$frem)
    UARTPrescTable                           0x08006d1c   Data          24  stm32g4xx_hal_uart.o(.constdata)
    __I$use$fp                               0x08006d1c   Number         0  usenofp.o(x$fpl$usenofp)
    AHBPrescTable                            0x08006d44   Data          16  system_stm32g4xx.o(.constdata)
    APBPrescTable                            0x08006d54   Data           8  system_stm32g4xx.o(.constdata)
    Region$$Table$$Base                      0x08006d7c   Number         0  anon$$obj.o(Region$$Table)
    Region$$Table$$Limit                     0x08006d9c   Number         0  anon$$obj.o(Region$$Table)
    ADC_offset                               0x20000004   Data           1  main.o(.data)
    IA_Offset                                0x20000006   Data           2  main.o(.data)
    IB_Offset                                0x20000008   Data           2  main.o(.data)
    IC_Offset                                0x2000000a   Data           2  main.o(.data)
    adc1_in1                                 0x2000000c   Data           2  main.o(.data)
    adc1_in2                                 0x2000000e   Data           2  main.o(.data)
    adc1_in3                                 0x20000010   Data           2  main.o(.data)
    adc_vbus                                 0x20000012   Data           2  main.o(.data)
    Vbus                                     0x20000014   Data           4  main.o(.data)
    uwTickPrio                               0x2000003c   Data           4  stm32g4xx_hal.o(.data)
    uwTickFreq                               0x20000040   Data           4  stm32g4xx_hal.o(.data)
    uwTick                                   0x20000044   Data           4  stm32g4xx_hal.o(.data)
    SystemCoreClock                          0x20000048   Data           4  system_stm32g4xx.o(.data)
    motor                                    0x20000050   Data           4  currloop.o(.data)
    ThetaOpen                                0x20000054   Data           4  currloop.o(.data)
    rtInfF                                   0x20000058   Data           4  currloop.o(.data)
    rtMinusInfF                              0x2000005c   Data           4  currloop.o(.data)
    rtNaNF                                   0x20000060   Data           4  currloop.o(.data)
    rtInf                                    0x20000068   Data           8  currloop.o(.data)
    rtMinusInf                               0x20000070   Data           8  currloop.o(.data)
    rtNaN                                    0x20000078   Data           8  currloop.o(.data)
    load_data                                0x20000080   Data          28  main.o(.bss)
    TxHeader                                 0x2000009c   Data          36  main.o(.bss)
    hadc1                                    0x200000c0   Data         108  adc.o(.bss)
    hadc2                                    0x2000012c   Data         108  adc.o(.bss)
    hcomp1                                   0x20000198   Data          36  comp.o(.bss)
    hdac1                                    0x200001bc   Data          20  dac.o(.bss)
    hdac3                                    0x200001d0   Data          20  dac.o(.bss)
    hfdcan1                                  0x200001e4   Data         100  fdcan.o(.bss)
    hopamp1                                  0x20000248   Data          60  opamp.o(.bss)
    hopamp2                                  0x20000284   Data          60  opamp.o(.bss)
    hopamp3                                  0x200002c0   Data          60  opamp.o(.bss)
    htim1                                    0x200002fc   Data          76  tim.o(.bss)
    huart1                                   0x20000348   Data         144  usart.o(.bss)
    huart3                                   0x200003d8   Data         144  usart.o(.bss)
    hdma_usart1_tx                           0x20000468   Data          96  usart.o(.bss)
    rtDW                                     0x200004c8   Data          40  currloop.o(.bss)
    rtU                                      0x200004f0   Data          20  currloop.o(.bss)
    rtY                                      0x20000504   Data          12  currloop.o(.bss)
    __libspace_start                         0x20000510   Data          96  libspace.o(.bss)
    __temporary_stack_top$libspace           0x20000570   Data           0  libspace.o(.bss)



==============================================================================

Memory Map of the image

  Image Entry point : 0x080001d9

  Load Region LR_IROM1 (Base: 0x08000000, Size: 0x00006e1c, Max: 0x00080000, ABSOLUTE)

    Execution Region ER_IROM1 (Exec base: 0x08000000, Load base: 0x08000000, Size: 0x00006d9c, Max: 0x00080000, ABSOLUTE)

    Exec Addr    Load Addr    Size         Type   Attr      Idx    E Section Name        Object

    0x08000000   0x08000000   0x000001d8   Data   RO            3    RESET               startup_stm32g474xx.o
    0x080001d8   0x080001d8   0x00000008   Code   RO         5543  * !!!main             c_w.l(__main.o)
    0x080001e0   0x080001e0   0x00000034   Code   RO         5805    !!!scatter          c_w.l(__scatter.o)
    0x08000214   0x08000214   0x0000001a   Code   RO         5807    !!handler_copy      c_w.l(__scatter_copy.o)
    0x0800022e   0x0800022e   0x00000002   PAD
    0x08000230   0x08000230   0x0000001c   Code   RO         5809    !!handler_zi        c_w.l(__scatter_zi.o)
    0x0800024c   0x0800024c   0x00000002   Code   RO         5676    .ARM.Collect$$libinit$$00000000  c_w.l(libinit.o)
    0x0800024e   0x0800024e   0x00000004   Code   RO         5685    .ARM.Collect$$libinit$$00000001  c_w.l(libinit2.o)
    0x08000252   0x08000252   0x00000000   Code   RO         5688    .ARM.Collect$$libinit$$00000004  c_w.l(libinit2.o)
    0x08000252   0x08000252   0x00000000   Code   RO         5691    .ARM.Collect$$libinit$$0000000A  c_w.l(libinit2.o)
    0x08000252   0x08000252   0x00000000   Code   RO         5693    .ARM.Collect$$libinit$$0000000C  c_w.l(libinit2.o)
    0x08000252   0x08000252   0x00000000   Code   RO         5695    .ARM.Collect$$libinit$$0000000E  c_w.l(libinit2.o)
    0x08000252   0x08000252   0x00000000   Code   RO         5698    .ARM.Collect$$libinit$$00000011  c_w.l(libinit2.o)
    0x08000252   0x08000252   0x00000000   Code   RO         5700    .ARM.Collect$$libinit$$00000013  c_w.l(libinit2.o)
    0x08000252   0x08000252   0x00000000   Code   RO         5702    .ARM.Collect$$libinit$$00000015  c_w.l(libinit2.o)
    0x08000252   0x08000252   0x00000000   Code   RO         5704    .ARM.Collect$$libinit$$00000017  c_w.l(libinit2.o)
    0x08000252   0x08000252   0x00000000   Code   RO         5706    .ARM.Collect$$libinit$$00000019  c_w.l(libinit2.o)
    0x08000252   0x08000252   0x00000000   Code   RO         5708    .ARM.Collect$$libinit$$0000001B  c_w.l(libinit2.o)
    0x08000252   0x08000252   0x00000000   Code   RO         5710    .ARM.Collect$$libinit$$0000001D  c_w.l(libinit2.o)
    0x08000252   0x08000252   0x00000000   Code   RO         5712    .ARM.Collect$$libinit$$0000001F  c_w.l(libinit2.o)
    0x08000252   0x08000252   0x00000000   Code   RO         5714    .ARM.Collect$$libinit$$00000021  c_w.l(libinit2.o)
    0x08000252   0x08000252   0x00000000   Code   RO         5716    .ARM.Collect$$libinit$$00000023  c_w.l(libinit2.o)
    0x08000252   0x08000252   0x00000000   Code   RO         5718    .ARM.Collect$$libinit$$00000025  c_w.l(libinit2.o)
    0x08000252   0x08000252   0x00000000   Code   RO         5722    .ARM.Collect$$libinit$$0000002C  c_w.l(libinit2.o)
    0x08000252   0x08000252   0x00000000   Code   RO         5724    .ARM.Collect$$libinit$$0000002E  c_w.l(libinit2.o)
    0x08000252   0x08000252   0x00000000   Code   RO         5726    .ARM.Collect$$libinit$$00000030  c_w.l(libinit2.o)
    0x08000252   0x08000252   0x00000000   Code   RO         5728    .ARM.Collect$$libinit$$00000032  c_w.l(libinit2.o)
    0x08000252   0x08000252   0x00000002   Code   RO         5729    .ARM.Collect$$libinit$$00000033  c_w.l(libinit2.o)
    0x08000254   0x08000254   0x00000002   Code   RO         5760    .ARM.Collect$$libshutdown$$00000000  c_w.l(libshutdown.o)
    0x08000256   0x08000256   0x00000000   Code   RO         5786    .ARM.Collect$$libshutdown$$00000002  c_w.l(libshutdown2.o)
    0x08000256   0x08000256   0x00000000   Code   RO         5788    .ARM.Collect$$libshutdown$$00000004  c_w.l(libshutdown2.o)
    0x08000256   0x08000256   0x00000000   Code   RO         5790    .ARM.Collect$$libshutdown$$00000006  c_w.l(libshutdown2.o)
    0x08000256   0x08000256   0x00000000   Code   RO         5793    .ARM.Collect$$libshutdown$$00000009  c_w.l(libshutdown2.o)
    0x08000256   0x08000256   0x00000000   Code   RO         5796    .ARM.Collect$$libshutdown$$0000000C  c_w.l(libshutdown2.o)
    0x08000256   0x08000256   0x00000000   Code   RO         5798    .ARM.Collect$$libshutdown$$0000000E  c_w.l(libshutdown2.o)
    0x08000256   0x08000256   0x00000000   Code   RO         5801    .ARM.Collect$$libshutdown$$00000011  c_w.l(libshutdown2.o)
    0x08000256   0x08000256   0x00000002   Code   RO         5802    .ARM.Collect$$libshutdown$$00000012  c_w.l(libshutdown2.o)
    0x08000258   0x08000258   0x00000000   Code   RO         5599    .ARM.Collect$$rtentry$$00000000  c_w.l(__rtentry.o)
    0x08000258   0x08000258   0x00000000   Code   RO         5635    .ARM.Collect$$rtentry$$00000002  c_w.l(__rtentry2.o)
    0x08000258   0x08000258   0x00000006   Code   RO         5647    .ARM.Collect$$rtentry$$00000004  c_w.l(__rtentry4.o)
    0x0800025e   0x0800025e   0x00000000   Code   RO         5637    .ARM.Collect$$rtentry$$00000009  c_w.l(__rtentry2.o)
    0x0800025e   0x0800025e   0x00000004   Code   RO         5638    .ARM.Collect$$rtentry$$0000000A  c_w.l(__rtentry2.o)
    0x08000262   0x08000262   0x00000000   Code   RO         5640    .ARM.Collect$$rtentry$$0000000C  c_w.l(__rtentry2.o)
    0x08000262   0x08000262   0x00000008   Code   RO         5641    .ARM.Collect$$rtentry$$0000000D  c_w.l(__rtentry2.o)
    0x0800026a   0x0800026a   0x00000002   Code   RO         5677    .ARM.Collect$$rtexit$$00000000  c_w.l(rtexit.o)
    0x0800026c   0x0800026c   0x00000000   Code   RO         5733    .ARM.Collect$$rtexit$$00000002  c_w.l(rtexit2.o)
    0x0800026c   0x0800026c   0x00000004   Code   RO         5734    .ARM.Collect$$rtexit$$00000003  c_w.l(rtexit2.o)
    0x08000270   0x08000270   0x00000006   Code   RO         5735    .ARM.Collect$$rtexit$$00000004  c_w.l(rtexit2.o)
    0x08000276   0x08000276   0x00000002   PAD
    0x08000278   0x08000278   0x00000040   Code   RO            4    .text               startup_stm32g474xx.o
    0x080002b8   0x080002b8   0x000000ee   Code   RO         5535    .text               c_w.l(lludivv7m.o)
    0x080003a6   0x080003a6   0x00000064   Code   RO         5537    .text               c_w.l(rt_memcpy_w.o)
    0x0800040a   0x0800040a   0x0000004e   Code   RO         5539    .text               c_w.l(rt_memclr_w.o)
    0x08000458   0x08000458   0x00000006   Code   RO         5541    .text               c_w.l(heapauxi.o)
    0x0800045e   0x0800045e   0x00000016   Code   RO         5604    .text               c_w.l(_rserrno.o)
    0x08000474   0x08000474   0x00000008   Code   RO         5654    .text               c_w.l(rt_errno_addr_intlibspace.o)
    0x0800047c   0x0800047c   0x00000008   Code   RO         5660    .text               c_w.l(libspace.o)
    0x08000484   0x08000484   0x0000004a   Code   RO         5663    .text               c_w.l(sys_stackheap_outer.o)
    0x080004ce   0x080004ce   0x00000012   Code   RO         5665    .text               c_w.l(exit.o)
    0x080004e0   0x080004e0   0x0000000c   Code   RO         5730    .text               c_w.l(sys_exit.o)
    0x080004ec   0x080004ec   0x00000002   Code   RO         5749    .text               c_w.l(use_no_semi.o)
    0x080004ee   0x080004ee   0x00000000   Code   RO         5751    .text               c_w.l(indicate_semi.o)
    0x080004ee   0x080004ee   0x00000002   PAD
    0x080004f0   0x080004f0   0x0000001c   Code   RO          787    i.ADC1_2_IRQHandler  stm32g4xx_it.o
    0x0800050c   0x0800050c   0x00000070   Code   RO          945    i.ADC_Disable       stm32g4xx_hal_adc.o
    0x0800057c   0x0800057c   0x00000074   Code   RO          946    i.ADC_Enable        stm32g4xx_hal_adc.o
    0x080005f0   0x080005f0   0x00000002   Code   RO          788    i.BusFault_Handler  stm32g4xx_it.o
    0x080005f2   0x080005f2   0x00000002   PAD
    0x080005f4   0x080005f4   0x0000000c   Code   RO          789    i.COMP1_2_3_IRQHandler  stm32g4xx_it.o
    0x08000600   0x08000600   0x0000000c   Code   RO          790    i.DMA1_Channel1_IRQHandler  stm32g4xx_it.o
    0x0800060c   0x0800060c   0x00000040   Code   RO         2237    i.DMA_CalcDMAMUXChannelBaseAndMask  stm32g4xx_hal_dma.o
    0x0800064c   0x0800064c   0x00000024   Code   RO         2238    i.DMA_CalcDMAMUXRequestGenBaseAndMask  stm32g4xx_hal_dma.o
    0x08000670   0x08000670   0x0000003e   Code   RO         2239    i.DMA_SetConfig     stm32g4xx_hal_dma.o
    0x080006ae   0x080006ae   0x00000002   Code   RO          791    i.DebugMon_Handler  stm32g4xx_it.o
    0x080006b0   0x080006b0   0x00000004   Code   RO          265    i.Error_Handler     main.o
    0x080006b4   0x080006b4   0x0000000c   Code   RO          792    i.FDCAN1_IT0_IRQHandler  stm32g4xx_it.o
    0x080006c0   0x080006c0   0x00000094   Code   RO         1179    i.HAL_ADCEx_Calibration_Start  stm32g4xx_hal_adc_ex.o
    0x08000754   0x08000754   0x00000002   Code   RO         1183    i.HAL_ADCEx_EndOfSamplingCallback  stm32g4xx_hal_adc_ex.o
    0x08000756   0x08000756   0x00000002   PAD
    0x08000758   0x08000758   0x00000560   Code   RO         1185    i.HAL_ADCEx_InjectedConfigChannel  stm32g4xx_hal_adc_ex.o
    0x08000cb8   0x08000cb8   0x00000154   Code   RO          267    i.HAL_ADCEx_InjectedConvCpltCallback  main.o
    0x08000e0c   0x08000e0c   0x00000002   Code   RO         1189    i.HAL_ADCEx_InjectedQueueOverflowCallback  stm32g4xx_hal_adc_ex.o
    0x08000e0e   0x08000e0e   0x00000002   PAD
    0x08000e10   0x08000e10   0x00000120   Code   RO         1190    i.HAL_ADCEx_InjectedStart  stm32g4xx_hal_adc_ex.o
    0x08000f30   0x08000f30   0x00000158   Code   RO         1191    i.HAL_ADCEx_InjectedStart_IT  stm32g4xx_hal_adc_ex.o
    0x08001088   0x08001088   0x00000002   Code   RO         1194    i.HAL_ADCEx_LevelOutOfWindow2Callback  stm32g4xx_hal_adc_ex.o
    0x0800108a   0x0800108a   0x00000002   Code   RO         1195    i.HAL_ADCEx_LevelOutOfWindow3Callback  stm32g4xx_hal_adc_ex.o
    0x0800108c   0x0800108c   0x00000160   Code   RO         1196    i.HAL_ADCEx_MultiModeConfigChannel  stm32g4xx_hal_adc_ex.o
    0x080011ec   0x080011ec   0x0000046c   Code   RO          948    i.HAL_ADC_ConfigChannel  stm32g4xx_hal_adc.o
    0x08001658   0x08001658   0x00000002   Code   RO          949    i.HAL_ADC_ConvCpltCallback  stm32g4xx_hal_adc.o
    0x0800165a   0x0800165a   0x00000002   Code   RO          952    i.HAL_ADC_ErrorCallback  stm32g4xx_hal_adc.o
    0x0800165c   0x0800165c   0x00000006   Code   RO          955    i.HAL_ADC_GetValue  stm32g4xx_hal_adc.o
    0x08001662   0x08001662   0x00000002   PAD
    0x08001664   0x08001664   0x000002b8   Code   RO          956    i.HAL_ADC_IRQHandler  stm32g4xx_hal_adc.o
    0x0800191c   0x0800191c   0x00000238   Code   RO          957    i.HAL_ADC_Init      stm32g4xx_hal_adc.o
    0x08001b54   0x08001b54   0x00000002   Code   RO          958    i.HAL_ADC_LevelOutOfWindowCallback  stm32g4xx_hal_adc.o
    0x08001b56   0x08001b56   0x00000002   PAD
    0x08001b58   0x08001b58   0x000000d8   Code   RO          433    i.HAL_ADC_MspInit   adc.o
    0x08001c30   0x08001c30   0x00000138   Code   RO          963    i.HAL_ADC_Start     stm32g4xx_hal_adc.o
    0x08001d68   0x08001d68   0x00000080   Code   RO         2883    i.HAL_COMP_IRQHandler  stm32g4xx_hal_comp.o
    0x08001de8   0x08001de8   0x00000240   Code   RO         2884    i.HAL_COMP_Init     stm32g4xx_hal_comp.o
    0x08002028   0x08002028   0x0000005c   Code   RO          482    i.HAL_COMP_MspInit  comp.o
    0x08002084   0x08002084   0x00000002   Code   RO         2890    i.HAL_COMP_TriggerCallback  stm32g4xx_hal_comp.o
    0x08002086   0x08002086   0x00000002   PAD
    0x08002088   0x08002088   0x000001b4   Code   RO         2975    i.HAL_DAC_ConfigChannel  stm32g4xx_hal_dac.o
    0x0800223c   0x0800223c   0x00000028   Code   RO         2985    i.HAL_DAC_Init      stm32g4xx_hal_dac.o
    0x08002264   0x08002264   0x00000078   Code   RO          524    i.HAL_DAC_MspInit   dac.o
    0x080022dc   0x080022dc   0x0000006a   Code   RO         2240    i.HAL_DMA_Abort     stm32g4xx_hal_dma.o
    0x08002346   0x08002346   0x00000078   Code   RO         2241    i.HAL_DMA_Abort_IT  stm32g4xx_hal_dma.o
    0x080023be   0x080023be   0x000000ba   Code   RO         2245    i.HAL_DMA_IRQHandler  stm32g4xx_hal_dma.o
    0x08002478   0x08002478   0x000000c0   Code   RO         2246    i.HAL_DMA_Init      stm32g4xx_hal_dma.o
    0x08002538   0x08002538   0x0000008c   Code   RO         2250    i.HAL_DMA_Start_IT  stm32g4xx_hal_dma.o
    0x080025c4   0x080025c4   0x00000006   Code   RO           13    i.HAL_Delay         delay.o
    0x080025ca   0x080025ca   0x00000002   Code   RO         3286    i.HAL_FDCAN_ErrorCallback  stm32g4xx_hal_fdcan.o
    0x080025cc   0x080025cc   0x00000002   Code   RO         3287    i.HAL_FDCAN_ErrorStatusCallback  stm32g4xx_hal_fdcan.o
    0x080025ce   0x080025ce   0x00000002   Code   RO         3302    i.HAL_FDCAN_HighPriorityMessageCallback  stm32g4xx_hal_fdcan.o
    0x080025d0   0x080025d0   0x00000160   Code   RO         3303    i.HAL_FDCAN_IRQHandler  stm32g4xx_hal_fdcan.o
    0x08002730   0x08002730   0x00000218   Code   RO         3304    i.HAL_FDCAN_Init    stm32g4xx_hal_fdcan.o
    0x08002948   0x08002948   0x00000070   Code   RO          596    i.HAL_FDCAN_MspInit  fdcan.o
    0x080029b8   0x080029b8   0x00000002   Code   RO         3311    i.HAL_FDCAN_RxFifo0Callback  stm32g4xx_hal_fdcan.o
    0x080029ba   0x080029ba   0x00000002   Code   RO         3312    i.HAL_FDCAN_RxFifo1Callback  stm32g4xx_hal_fdcan.o
    0x080029bc   0x080029bc   0x00000002   Code   RO         3315    i.HAL_FDCAN_TimeoutOccurredCallback  stm32g4xx_hal_fdcan.o
    0x080029be   0x080029be   0x00000002   Code   RO         3316    i.HAL_FDCAN_TimestampWraparoundCallback  stm32g4xx_hal_fdcan.o
    0x080029c0   0x080029c0   0x00000002   Code   RO         3317    i.HAL_FDCAN_TxBufferAbortCallback  stm32g4xx_hal_fdcan.o
    0x080029c2   0x080029c2   0x00000002   Code   RO         3318    i.HAL_FDCAN_TxBufferCompleteCallback  stm32g4xx_hal_fdcan.o
    0x080029c4   0x080029c4   0x00000002   Code   RO         3319    i.HAL_FDCAN_TxEventFifoCallback  stm32g4xx_hal_fdcan.o
    0x080029c6   0x080029c6   0x00000002   Code   RO         3320    i.HAL_FDCAN_TxFifoEmptyCallback  stm32g4xx_hal_fdcan.o
    0x080029c8   0x080029c8   0x000001c8   Code   RO         2102    i.HAL_GPIO_Init     stm32g4xx_hal_gpio.o
    0x08002b90   0x08002b90   0x0000000c   Code   RO         1399    i.HAL_GetTick       stm32g4xx_hal.o
    0x08002b9c   0x08002b9c   0x00000010   Code   RO         1402    i.HAL_IncTick       stm32g4xx_hal.o
    0x08002bac   0x08002bac   0x0000001e   Code   RO         1403    i.HAL_Init          stm32g4xx_hal.o
    0x08002bca   0x08002bca   0x00000002   PAD
    0x08002bcc   0x08002bcc   0x00000044   Code   RO         1404    i.HAL_InitTick      stm32g4xx_hal.o
    0x08002c10   0x08002c10   0x00000030   Code   RO          917    i.HAL_MspInit       stm32g4xx_hal_msp.o
    0x08002c40   0x08002c40   0x0000001a   Code   RO         2749    i.HAL_NVIC_EnableIRQ  stm32g4xx_hal_cortex.o
    0x08002c5a   0x08002c5a   0x00000002   PAD
    0x08002c5c   0x08002c5c   0x00000040   Code   RO         2755    i.HAL_NVIC_SetPriority  stm32g4xx_hal_cortex.o
    0x08002c9c   0x08002c9c   0x00000024   Code   RO         2756    i.HAL_NVIC_SetPriorityGrouping  stm32g4xx_hal_cortex.o
    0x08002cc0   0x08002cc0   0x000000f4   Code   RO         3648    i.HAL_OPAMP_Init    stm32g4xx_hal_opamp.o
    0x08002db4   0x08002db4   0x00000094   Code   RO          638    i.HAL_OPAMP_MspInit  opamp.o
    0x08002e48   0x08002e48   0x0000002c   Code   RO         3654    i.HAL_OPAMP_Start   stm32g4xx_hal_opamp.o
    0x08002e74   0x08002e74   0x000000bc   Code   RO         2505    i.HAL_PWREx_ControlVoltageScaling  stm32g4xx_hal_pwr_ex.o
    0x08002f30   0x08002f30   0x00000010   Code   RO         2517    i.HAL_PWREx_DisableUCPDDeadBattery  stm32g4xx_hal_pwr_ex.o
    0x08002f40   0x08002f40   0x00000300   Code   RO         1748    i.HAL_RCCEx_PeriphCLKConfig  stm32g4xx_hal_rcc_ex.o
    0x08003240   0x08003240   0x000001dc   Code   RO         1623    i.HAL_RCC_ClockConfig  stm32g4xx_hal_rcc.o
    0x0800341c   0x0800341c   0x0000000c   Code   RO         1629    i.HAL_RCC_GetHCLKFreq  stm32g4xx_hal_rcc.o
    0x08003428   0x08003428   0x00000024   Code   RO         1631    i.HAL_RCC_GetPCLK1Freq  stm32g4xx_hal_rcc.o
    0x0800344c   0x0800344c   0x00000024   Code   RO         1632    i.HAL_RCC_GetPCLK2Freq  stm32g4xx_hal_rcc.o
    0x08003470   0x08003470   0x0000006c   Code   RO         1633    i.HAL_RCC_GetSysClockFreq  stm32g4xx_hal_rcc.o
    0x080034dc   0x080034dc   0x0000040c   Code   RO         1636    i.HAL_RCC_OscConfig  stm32g4xx_hal_rcc.o
    0x080038e8   0x080038e8   0x00000018   Code   RO         2758    i.HAL_SYSTICK_CLKSourceConfig  stm32g4xx_hal_cortex.o
    0x08003900   0x08003900   0x00000028   Code   RO         2760    i.HAL_SYSTICK_Config  stm32g4xx_hal_cortex.o
    0x08003928   0x08003928   0x00000002   Code   RO         4469    i.HAL_TIMEx_Break2Callback  stm32g4xx_hal_tim_ex.o
    0x0800392a   0x0800392a   0x00000002   Code   RO         4470    i.HAL_TIMEx_BreakCallback  stm32g4xx_hal_tim_ex.o
    0x0800392c   0x0800392c   0x00000002   Code   RO         4471    i.HAL_TIMEx_CommutCallback  stm32g4xx_hal_tim_ex.o
    0x0800392e   0x0800392e   0x00000002   PAD
    0x08003930   0x08003930   0x000000cc   Code   RO         4474    i.HAL_TIMEx_ConfigBreakDeadTime  stm32g4xx_hal_tim_ex.o
    0x080039fc   0x080039fc   0x000000de   Code   RO         4475    i.HAL_TIMEx_ConfigBreakInput  stm32g4xx_hal_tim_ex.o
    0x08003ada   0x08003ada   0x00000002   Code   RO         4482    i.HAL_TIMEx_DirectionChangeCallback  stm32g4xx_hal_tim_ex.o
    0x08003adc   0x08003adc   0x00000002   Code   RO         4496    i.HAL_TIMEx_EncoderIndexCallback  stm32g4xx_hal_tim_ex.o
    0x08003ade   0x08003ade   0x00000002   Code   RO         4510    i.HAL_TIMEx_IndexErrorCallback  stm32g4xx_hal_tim_ex.o
    0x08003ae0   0x08003ae0   0x000000b8   Code   RO         4511    i.HAL_TIMEx_MasterConfigSynchronization  stm32g4xx_hal_tim_ex.o
    0x08003b98   0x08003b98   0x000000cc   Code   RO         4523    i.HAL_TIMEx_PWMN_Start  stm32g4xx_hal_tim_ex.o
    0x08003c64   0x08003c64   0x00000002   Code   RO         4532    i.HAL_TIMEx_TransitionErrorCallback  stm32g4xx_hal_tim_ex.o
    0x08003c66   0x08003c66   0x00000062   Code   RO         3755    i.HAL_TIM_Base_Init  stm32g4xx_hal_tim.o
    0x08003cc8   0x08003cc8   0x0000005c   Code   RO          692    i.HAL_TIM_Base_MspInit  tim.o
    0x08003d24   0x08003d24   0x00000080   Code   RO         3758    i.HAL_TIM_Base_Start  stm32g4xx_hal_tim.o
    0x08003da4   0x08003da4   0x000000e0   Code   RO         3764    i.HAL_TIM_ConfigClockSource  stm32g4xx_hal_tim.o
    0x08003e84   0x08003e84   0x00000002   Code   RO         3789    i.HAL_TIM_IC_CaptureCallback  stm32g4xx_hal_tim.o
    0x08003e86   0x08003e86   0x000001fc   Code   RO         3803    i.HAL_TIM_IRQHandler  stm32g4xx_hal_tim.o
    0x08004082   0x08004082   0x00000002   PAD
    0x08004084   0x08004084   0x00000094   Code   RO          693    i.HAL_TIM_MspPostInit  tim.o
    0x08004118   0x08004118   0x00000002   Code   RO         3806    i.HAL_TIM_OC_DelayElapsedCallback  stm32g4xx_hal_tim.o
    0x0800411a   0x0800411a   0x0000011e   Code   RO         3827    i.HAL_TIM_PWM_ConfigChannel  stm32g4xx_hal_tim.o
    0x08004238   0x08004238   0x00000062   Code   RO         3830    i.HAL_TIM_PWM_Init  stm32g4xx_hal_tim.o
    0x0800429a   0x0800429a   0x00000002   Code   RO         3832    i.HAL_TIM_PWM_MspInit  stm32g4xx_hal_tim.o
    0x0800429c   0x0800429c   0x00000002   Code   RO         3833    i.HAL_TIM_PWM_PulseFinishedCallback  stm32g4xx_hal_tim.o
    0x0800429e   0x0800429e   0x00000002   PAD
    0x080042a0   0x080042a0   0x00000114   Code   RO         3835    i.HAL_TIM_PWM_Start  stm32g4xx_hal_tim.o
    0x080043b4   0x080043b4   0x00000002   Code   RO         3841    i.HAL_TIM_PeriodElapsedCallback  stm32g4xx_hal_tim.o
    0x080043b6   0x080043b6   0x00000002   Code   RO         3846    i.HAL_TIM_TriggerCallback  stm32g4xx_hal_tim.o
    0x080043b8   0x080043b8   0x0000003e   Code   RO         5318    i.HAL_UARTEx_DisableFifoMode  stm32g4xx_hal_uart_ex.o
    0x080043f6   0x080043f6   0x00000002   Code   RO         4907    i.HAL_UARTEx_RxEventCallback  stm32g4xx_hal_uart.o
    0x080043f8   0x080043f8   0x00000002   Code   RO         5325    i.HAL_UARTEx_RxFifoFullCallback  stm32g4xx_hal_uart_ex.o
    0x080043fa   0x080043fa   0x0000004c   Code   RO         5326    i.HAL_UARTEx_SetRxFifoThreshold  stm32g4xx_hal_uart_ex.o
    0x08004446   0x08004446   0x0000004c   Code   RO         5327    i.HAL_UARTEx_SetTxFifoThreshold  stm32g4xx_hal_uart_ex.o
    0x08004492   0x08004492   0x00000002   Code   RO         5329    i.HAL_UARTEx_TxFifoEmptyCallback  stm32g4xx_hal_uart_ex.o
    0x08004494   0x08004494   0x00000002   Code   RO         5330    i.HAL_UARTEx_WakeupCallback  stm32g4xx_hal_uart_ex.o
    0x08004496   0x08004496   0x00000002   Code   RO         4923    i.HAL_UART_ErrorCallback  stm32g4xx_hal_uart.o
    0x08004498   0x08004498   0x00000284   Code   RO         4926    i.HAL_UART_IRQHandler  stm32g4xx_hal_uart.o
    0x0800471c   0x0800471c   0x0000006a   Code   RO         4927    i.HAL_UART_Init     stm32g4xx_hal_uart.o
    0x08004786   0x08004786   0x00000002   PAD
    0x08004788   0x08004788   0x00000120   Code   RO          740    i.HAL_UART_MspInit  usart.o
    0x080048a8   0x080048a8   0x00000098   Code   RO         4937    i.HAL_UART_Transmit_DMA  stm32g4xx_hal_uart.o
    0x08004940   0x08004940   0x00000002   Code   RO         4939    i.HAL_UART_TxCpltCallback  stm32g4xx_hal_uart.o
    0x08004942   0x08004942   0x00000002   Code   RO         4940    i.HAL_UART_TxHalfCpltCallback  stm32g4xx_hal_uart.o
    0x08004944   0x08004944   0x00000002   Code   RO          793    i.HardFault_Handler  stm32g4xx_it.o
    0x08004946   0x08004946   0x0000000c   Code   RO          971    i.LL_ADC_GetOffsetChannel  stm32g4xx_hal_adc.o
    0x08004952   0x08004952   0x0000000c   Code   RO         1204    i.LL_ADC_GetOffsetChannel  stm32g4xx_hal_adc_ex.o
    0x0800495e   0x0800495e   0x00000008   Code   RO          972    i.LL_ADC_INJ_IsConversionOngoing  stm32g4xx_hal_adc.o
    0x08004966   0x08004966   0x00000008   Code   RO         1205    i.LL_ADC_INJ_IsConversionOngoing  stm32g4xx_hal_adc_ex.o
    0x0800496e   0x0800496e   0x00000008   Code   RO          973    i.LL_ADC_REG_IsConversionOngoing  stm32g4xx_hal_adc.o
    0x08004976   0x08004976   0x00000008   Code   RO         1206    i.LL_ADC_REG_IsConversionOngoing  stm32g4xx_hal_adc_ex.o
    0x0800497e   0x0800497e   0x00000010   Code   RO          974    i.LL_ADC_REG_IsTriggerSourceSWStart  stm32g4xx_hal_adc.o
    0x0800498e   0x0800498e   0x0000001e   Code   RO          976    i.LL_ADC_SetChannelSamplingTime  stm32g4xx_hal_adc.o
    0x080049ac   0x080049ac   0x0000001e   Code   RO         1207    i.LL_ADC_SetChannelSamplingTime  stm32g4xx_hal_adc_ex.o
    0x080049ca   0x080049ca   0x00000010   Code   RO          977    i.LL_ADC_SetOffsetState  stm32g4xx_hal_adc.o
    0x080049da   0x080049da   0x00000010   Code   RO         1208    i.LL_ADC_SetOffsetState  stm32g4xx_hal_adc_ex.o
    0x080049ea   0x080049ea   0x00000002   PAD
    0x080049ec   0x080049ec   0x000000f4   Code   RO          434    i.MX_ADC1_Init      adc.o
    0x08004ae0   0x08004ae0   0x000000c0   Code   RO          435    i.MX_ADC2_Init      adc.o
    0x08004ba0   0x08004ba0   0x00000038   Code   RO          483    i.MX_COMP1_Init     comp.o
    0x08004bd8   0x08004bd8   0x00000058   Code   RO          525    i.MX_DAC1_Init      dac.o
    0x08004c30   0x08004c30   0x00000058   Code   RO          526    i.MX_DAC3_Init      dac.o
    0x08004c88   0x08004c88   0x0000003c   Code   RO          571    i.MX_DMA_Init       dma.o
    0x08004cc4   0x08004cc4   0x00000050   Code   RO          597    i.MX_FDCAN1_Init    fdcan.o
    0x08004d14   0x08004d14   0x0000004c   Code   RO          408    i.MX_GPIO_Init      gpio.o
    0x08004d60   0x08004d60   0x00000034   Code   RO          639    i.MX_OPAMP1_Init    opamp.o
    0x08004d94   0x08004d94   0x00000034   Code   RO          640    i.MX_OPAMP2_Init    opamp.o
    0x08004dc8   0x08004dc8   0x00000034   Code   RO          641    i.MX_OPAMP3_Init    opamp.o
    0x08004dfc   0x08004dfc   0x00000140   Code   RO          694    i.MX_TIM1_Init      tim.o
    0x08004f3c   0x08004f3c   0x00000068   Code   RO          741    i.MX_USART1_UART_Init  usart.o
    0x08004fa4   0x08004fa4   0x00000068   Code   RO          742    i.MX_USART3_UART_Init  usart.o
    0x0800500c   0x0800500c   0x00000002   Code   RO          794    i.MemManage_Handler  stm32g4xx_it.o
    0x0800500e   0x0800500e   0x00000002   Code   RO          795    i.NMI_Handler       stm32g4xx_it.o
    0x08005010   0x08005010   0x00000002   Code   RO          796    i.PendSV_Handler    stm32g4xx_it.o
    0x08005012   0x08005012   0x00000002   Code   RO          797    i.SVC_Handler       stm32g4xx_it.o
    0x08005014   0x08005014   0x000000b0   Code   RO         5465    i.SVPWM             currloop.o
    0x080050c4   0x080050c4   0x00000004   Code   RO          798    i.SysTick_Handler   stm32g4xx_it.o
    0x080050c8   0x080050c8   0x0000008c   Code   RO          268    i.SystemClock_Config  main.o
    0x08005154   0x08005154   0x00000010   Code   RO         5431    i.SystemInit        system_stm32g4xx.o
    0x08005164   0x08005164   0x0000000c   Code   RO          799    i.TIM1_BRK_TIM15_IRQHandler  stm32g4xx_it.o
    0x08005170   0x08005170   0x0000000c   Code   RO          800    i.TIM1_CC_IRQHandler  stm32g4xx_it.o
    0x0800517c   0x0800517c   0x0000000c   Code   RO          801    i.TIM1_UP_TIM16_IRQHandler  stm32g4xx_it.o
    0x08005188   0x08005188   0x000000d4   Code   RO         3848    i.TIM_Base_SetConfig  stm32g4xx_hal_tim.o
    0x0800525c   0x0800525c   0x0000001a   Code   RO         3849    i.TIM_CCxChannelCmd  stm32g4xx_hal_tim.o
    0x08005276   0x08005276   0x0000001a   Code   RO         4535    i.TIM_CCxNChannelCmd  stm32g4xx_hal_tim_ex.o
    0x08005290   0x08005290   0x00000014   Code   RO         3859    i.TIM_ETR_SetConfig  stm32g4xx_hal_tim.o
    0x080052a4   0x080052a4   0x00000014   Code   RO         3860    i.TIM_ITRx_SetConfig  stm32g4xx_hal_tim.o
    0x080052b8   0x080052b8   0x000000ac   Code   RO         3861    i.TIM_OC1_SetConfig  stm32g4xx_hal_tim.o
    0x08005364   0x08005364   0x000000a0   Code   RO         3862    i.TIM_OC2_SetConfig  stm32g4xx_hal_tim.o
    0x08005404   0x08005404   0x000000a0   Code   RO         3863    i.TIM_OC3_SetConfig  stm32g4xx_hal_tim.o
    0x080054a4   0x080054a4   0x000000a0   Code   RO         3864    i.TIM_OC4_SetConfig  stm32g4xx_hal_tim.o
    0x08005544   0x08005544   0x00000078   Code   RO         3865    i.TIM_OC5_SetConfig  stm32g4xx_hal_tim.o
    0x080055bc   0x080055bc   0x0000007c   Code   RO         3866    i.TIM_OC6_SetConfig  stm32g4xx_hal_tim.o
    0x08005638   0x08005638   0x00000022   Code   RO         3868    i.TIM_TI1_ConfigInputStage  stm32g4xx_hal_tim.o
    0x0800565a   0x0800565a   0x00000024   Code   RO         3870    i.TIM_TI2_ConfigInputStage  stm32g4xx_hal_tim.o
    0x0800567e   0x0800567e   0x00000002   PAD
    0x08005680   0x08005680   0x00000044   Code   RO         5331    i.UARTEx_SetNbDataToProcess  stm32g4xx_hal_uart_ex.o
    0x080056c4   0x080056c4   0x000000c8   Code   RO         4941    i.UART_AdvFeatureConfig  stm32g4xx_hal_uart.o
    0x0800578c   0x0800578c   0x00000060   Code   RO         4942    i.UART_CheckIdleState  stm32g4xx_hal_uart.o
    0x080057ec   0x080057ec   0x00000014   Code   RO         4943    i.UART_DMAAbortOnError  stm32g4xx_hal_uart.o
    0x08005800   0x08005800   0x00000050   Code   RO         4944    i.UART_DMAError     stm32g4xx_hal_uart.o
    0x08005850   0x08005850   0x00000030   Code   RO         4949    i.UART_DMATransmitCplt  stm32g4xx_hal_uart.o
    0x08005880   0x08005880   0x0000000a   Code   RO         4951    i.UART_DMATxHalfCplt  stm32g4xx_hal_uart.o
    0x0800588a   0x0800588a   0x00000002   PAD
    0x0800588c   0x0800588c   0x00000038   Code   RO         4953    i.UART_EndRxTransfer  stm32g4xx_hal_uart.o
    0x080058c4   0x080058c4   0x0000001c   Code   RO         4954    i.UART_EndTxTransfer  stm32g4xx_hal_uart.o
    0x080058e0   0x080058e0   0x0000029c   Code   RO         4959    i.UART_SetConfig    stm32g4xx_hal_uart.o
    0x08005b7c   0x08005b7c   0x000000a4   Code   RO         4966    i.UART_WaitOnFlagUntilTimeout  stm32g4xx_hal_uart.o
    0x08005c20   0x08005c20   0x0000000c   Code   RO          802    i.USART1_IRQHandler  stm32g4xx_it.o
    0x08005c2c   0x08005c2c   0x0000000c   Code   RO          803    i.USART3_IRQHandler  stm32g4xx_it.o
    0x08005c38   0x08005c38   0x00000002   Code   RO          804    i.UsageFault_Handler  stm32g4xx_it.o
    0x08005c3a   0x08005c3a   0x00000026   Code   RO         5615    i.__ARM_fpclassifyf  m_wm.l(fpclassifyf.o)
    0x08005c60   0x08005c60   0x00000020   Code   RO         2762    i.__NVIC_SetPriority  stm32g4xx_hal_cortex.o
    0x08005c80   0x08005c80   0x00000150   Code   RO         5549    i.__hardfp_cosf     m_wm.l(cosf.o)
    0x08005dd0   0x08005dd0   0x00000070   Code   RO         5561    i.__hardfp_floorf   m_wm.l(floorf.o)
    0x08005e40   0x08005e40   0x00000048   Code   RO         5591    i.__hardfp_fmaxf    m_wm.l(fmaxf.o)
    0x08005e88   0x08005e88   0x00000048   Code   RO         5595    i.__hardfp_fminf    m_wm.l(fminf.o)
    0x08005ed0   0x08005ed0   0x000000b0   Code   RO         5567    i.__hardfp_fmodf    m_wm.l(fmodf.o)
    0x08005f80   0x08005f80   0x00000190   Code   RO         5579    i.__hardfp_sinf     m_wm.l(sinf.o)
    0x08006110   0x08006110   0x00000006   Code   RO         5618    i.__mathlib_flt_infnan  m_wm.l(funder.o)
    0x08006116   0x08006116   0x00000002   PAD
    0x08006118   0x08006118   0x00000010   Code   RO         5620    i.__mathlib_flt_invalid  m_wm.l(funder.o)
    0x08006128   0x08006128   0x00000010   Code   RO         5623    i.__mathlib_flt_underflow  m_wm.l(funder.o)
    0x08006138   0x08006138   0x00000154   Code   RO         5631    i.__mathlib_rredf2  m_wm.l(rredf.o)
    0x0800628c   0x0800628c   0x00000418   Code   RO         5467    i.currloop_step     currloop.o
    0x080066a4   0x080066a4   0x00000014   Code   RO           14    i.delay_init        delay.o
    0x080066b8   0x080066b8   0x0000000a   Code   RO           15    i.delay_ms          delay.o
    0x080066c2   0x080066c2   0x00000002   PAD
    0x080066c4   0x080066c4   0x00000034   Code   RO           16    i.delay_us          delay.o
    0x080066f8   0x080066f8   0x000001bc   Code   RO          271    i.main              main.o
    0x080068b4   0x080068b4   0x0000002c   Code   RO         5469    i.rtIsInfF          currloop.o
    0x080068e0   0x080068e0   0x00000018   Code   RO         5470    i.rtIsNaNF          currloop.o
    0x080068f8   0x080068f8   0x00000134   Code   RO         5472    i.rt_modf_snf       currloop.o
    0x08006a2c   0x08006a2c   0x0000005e   Code   RO         5545    x$fpl$dfix          fz_wm.l(dfix.o)
    0x08006a8a   0x08006a8a   0x0000009c   Code   RO         5606    x$fpl$dnaninf       fz_wm.l(dnaninf.o)
    0x08006b26   0x08006b26   0x00000002   PAD
    0x08006b28   0x08006b28   0x00000052   Code   RO         5608    x$fpl$fcmp4         fz_wm.l(fcmp4.o)
    0x08006b7a   0x08006b7a   0x00000018   Code   RO         5656    x$fpl$fcmpinf       fz_wm.l(fcmpi.o)
    0x08006b92   0x08006b92   0x0000008c   Code   RO         5658    x$fpl$fnaninf       fz_wm.l(fnaninf.o)
    0x08006c1e   0x08006c1e   0x0000000a   Code   RO         5745    x$fpl$fpinit        fz_wm.l(fpinit.o)
    0x08006c28   0x08006c28   0x000000f4   Code   RO         5612    x$fpl$frem          fz_wm.l(frem_clz.o)
    0x08006d1c   0x08006d1c   0x00000000   Code   RO         5614    x$fpl$usenofp       fz_wm.l(usenofp.o)
    0x08006d1c   0x08006d1c   0x00000018   Data   RO         4967    .constdata          stm32g4xx_hal_uart.o
    0x08006d34   0x08006d34   0x00000010   Data   RO         5332    .constdata          stm32g4xx_hal_uart_ex.o
    0x08006d44   0x08006d44   0x00000010   Data   RO         5432    .constdata          system_stm32g4xx.o
    0x08006d54   0x08006d54   0x00000008   Data   RO         5433    .constdata          system_stm32g4xx.o
    0x08006d5c   0x08006d5c   0x00000020   Data   RO         5632    .constdata          m_wm.l(rredf.o)
    0x08006d7c   0x08006d7c   0x00000020   Data   RO         5803    Region$$Table       anon$$obj.o


    Execution Region RW_IRAM1 (Exec base: 0x20000000, Load base: 0x08006d9c, Size: 0x00000b70, Max: 0x00020000, ABSOLUTE)

    Exec Addr    Load Addr    Size         Type   Attr      Idx    E Section Name        Object

    0x20000000   0x08006d9c   0x00000004   Data   RW           17    .data               delay.o
    0x20000004   0x08006da0   0x00000034   Data   RW          281    .data               main.o
    0x20000038   0x08006dd4   0x00000004   Data   RW          437    .data               adc.o
    0x2000003c   0x08006dd8   0x0000000c   Data   RW         1423    .data               stm32g4xx_hal.o
    0x20000048   0x08006de4   0x00000004   Data   RW         5434    .data               system_stm32g4xx.o
    0x2000004c   0x08006de8   0x00000004   PAD
    0x20000050   0x08006dec   0x00000030   Data   RW         5475    .data               currloop.o
    0x20000080        -       0x00000040   Zero   RW          273    .bss                main.o
    0x200000c0        -       0x000000d8   Zero   RW          436    .bss                adc.o
    0x20000198        -       0x00000024   Zero   RW          484    .bss                comp.o
    0x200001bc        -       0x00000028   Zero   RW          527    .bss                dac.o
    0x200001e4        -       0x00000064   Zero   RW          598    .bss                fdcan.o
    0x20000248        -       0x000000b4   Zero   RW          642    .bss                opamp.o
    0x200002fc        -       0x0000004c   Zero   RW          695    .bss                tim.o
    0x20000348        -       0x00000180   Zero   RW          743    .bss                usart.o
    0x200004c8        -       0x00000048   Zero   RW         5473    .bss                currloop.o
    0x20000510        -       0x00000060   Zero   RW         5661    .bss                c_w.l(libspace.o)
    0x20000570        -       0x00000200   Zero   RW            2    HEAP                startup_stm32g474xx.o
    0x20000770        -       0x00000400   Zero   RW            1    STACK               startup_stm32g474xx.o


==============================================================================

Image component sizes


      Code (inc. data)   RO Data    RW Data    ZI Data      Debug   Object Name

       652         46          0          4        216       2938   adc.o
       148         22          0          0         36       1752   comp.o
      1600        120          0         48         72       7730   currloop.o
       296         32          0          0         40       2502   dac.o
        88          8          0          4          0     962092   delay.o
        60          4          0          0          0        854   dma.o
       192         16          0          0        100       1831   fdcan.o
        76          6          0          0          0        915   gpio.o
       928         90          0         52         64       6162   main.o
       304         44          0          0        180       3081   opamp.o
        64         26        472          0       1536        864   startup_stm32g474xx.o
       126         20          0         12          0       3813   stm32g4xx_hal.o
      3038        172          0          0          0      82484   stm32g4xx_hal_adc.o
      2590        154          0          0          0      80610   stm32g4xx_hal_adc_ex.o
       706         46          0          0          0       8597   stm32g4xx_hal_comp.o
       222         14          0          0          0      34637   stm32g4xx_hal_cortex.o
       476          8          0          0          0       2607   stm32g4xx_hal_dac.o
       906         30          0          0          0       6762   stm32g4xx_hal_dma.o
       910         24          0          0          0      11625   stm32g4xx_hal_fdcan.o
       456         34          0          0          0       1828   stm32g4xx_hal_gpio.o
        48          6          0          0          0        906   stm32g4xx_hal_msp.o
       288          8          0          0          0       2527   stm32g4xx_hal_opamp.o
       204         18          0          0          0       1449   stm32g4xx_hal_pwr_ex.o
      1704         94          0          0          0       6616   stm32g4xx_hal_rcc.o
       768         10          0          0          0       2004   stm32g4xx_hal_rcc_ex.o
      2874        290          0          0          0      19879   stm32g4xx_hal_tim.o
       854         80          0          0          0       9344   stm32g4xx_hal_tim_ex.o
      2280        100         24          0          0      33046   stm32g4xx_hal_uart.o
       288          6         16          0          0       5534   stm32g4xx_hal_uart_ex.o
       144         58          0          0          0       8872   stm32g4xx_it.o
        16          4         24          4          0       1195   system_stm32g4xx.o
       560         30          0          0         76       2776   tim.o
       496         48          0          0        384       2734   usart.o

    ----------------------------------------------------------------------
     24394       1668        568        128       2704    1320566   Object Totals
         0          0         32          0          0          0   (incl. Generated)
        32          0          0          4          0          0   (incl. Padding)

    ----------------------------------------------------------------------

      Code (inc. data)   RO Data    RW Data    ZI Data      Debug   Library Member Name

         8          0          0          0          0         68   __main.o
         0          0          0          0          0          0   __rtentry.o
        12          0          0          0          0          0   __rtentry2.o
         6          0          0          0          0          0   __rtentry4.o
        52          8          0          0          0          0   __scatter.o
        26          0          0          0          0          0   __scatter_copy.o
        28          0          0          0          0          0   __scatter_zi.o
        22          0          0          0          0        100   _rserrno.o
        18          0          0          0          0         80   exit.o
         6          0          0          0          0        152   heapauxi.o
         0          0          0          0          0          0   indicate_semi.o
         2          0          0          0          0          0   libinit.o
         6          0          0          0          0          0   libinit2.o
         2          0          0          0          0          0   libshutdown.o
         2          0          0          0          0          0   libshutdown2.o
         8          4          0          0         96         68   libspace.o
       238          0          0          0          0        100   lludivv7m.o
         8          4          0          0          0         68   rt_errno_addr_intlibspace.o
        78          0          0          0          0         80   rt_memclr_w.o
       100          0          0          0          0         80   rt_memcpy_w.o
         2          0          0          0          0          0   rtexit.o
        10          0          0          0          0          0   rtexit2.o
        12          4          0          0          0         68   sys_exit.o
        74          0          0          0          0         80   sys_stackheap_outer.o
         2          0          0          0          0         68   use_no_semi.o
        94          4          0          0          0        140   dfix.o
       156          4          0          0          0        140   dnaninf.o
        82          4          0          0          0        160   fcmp4.o
        24          0          0          0          0        116   fcmpi.o
       140          4          0          0          0        132   fnaninf.o
        10          0          0          0          0        116   fpinit.o
       244          8          0          0          0        132   frem_clz.o
         0          0          0          0          0          0   usenofp.o
       336         56          0          0          0        136   cosf.o
       112         14          0          0          0        116   floorf.o
        72          0          0          0          0        148   fmaxf.o
        72          0          0          0          0        148   fminf.o
       176          0          0          0          0        168   fmodf.o
        38          0          0          0          0        116   fpclassifyf.o
        38         12          0          0          0        348   funder.o
       340         24         32          0          0        160   rredf.o
       400         56          0          0          0        212   sinf.o

    ----------------------------------------------------------------------
      3066        206         32          0         96       3500   Library Totals
        10          0          0          0          0          0   (incl. Padding)

    ----------------------------------------------------------------------

      Code (inc. data)   RO Data    RW Data    ZI Data      Debug   Library Name

       722         20          0          0         96       1012   c_w.l
       750         24          0          0          0        936   fz_wm.l
      1584        162         32          0          0       1552   m_wm.l

    ----------------------------------------------------------------------
      3066        206         32          0         96       3500   Library Totals

    ----------------------------------------------------------------------

==============================================================================


      Code (inc. data)   RO Data    RW Data    ZI Data      Debug   

     27460       1874        600        128       2800    1303350   Grand Totals
     27460       1874        600        128       2800    1303350   ELF Image Totals
     27460       1874        600        128          0          0   ROM Totals

==============================================================================

    Total RO  Size (Code + RO Data)                28060 (  27.40kB)
    Total RW  Size (RW Data + ZI Data)              2928 (   2.86kB)
    Total ROM Size (Code + RO Data + RW Data)      28188 (  27.53kB)

==============================================================================

